Archive member included to satisfy reference by file (symbol)

/home/vl/Desktop/MounRiver_Studio_Community_Linux_x64_V140/MRS_Community/toolchain/RISC-V Embedded GCC/bin/../lib/gcc/riscv-none-embed/8.2.0/rv32imac/ilp32/libgcc.a(_udivdi3.o)
                              ./lvgl/src/lv_misc/lv_printf.o (__udivdi3)
/home/vl/Desktop/MounRiver_Studio_Community_Linux_x64_V140/MRS_Community/toolchain/RISC-V Embedded GCC/bin/../lib/gcc/riscv-none-embed/8.2.0/rv32imac/ilp32/libgcc.a(_umoddi3.o)
                              ./lvgl/src/lv_misc/lv_printf.o (__umoddi3)
/home/vl/Desktop/MounRiver_Studio_Community_Linux_x64_V140/MRS_Community/toolchain/RISC-V Embedded GCC/bin/../lib/gcc/riscv-none-embed/8.2.0/rv32imac/ilp32/libgcc.a(save-restore.o)
                              ./lvgl/src/lv_widgets/lv_arc.o (__riscv_save_12)
/home/vl/Desktop/MounRiver_Studio_Community_Linux_x64_V140/MRS_Community/toolchain/RISC-V Embedded GCC/bin/../lib/gcc/riscv-none-embed/8.2.0/rv32imac/ilp32/libgcc.a(_clz.o)
                              /home/vl/Desktop/MounRiver_Studio_Community_Linux_x64_V140/MRS_Community/toolchain/RISC-V Embedded GCC/bin/../lib/gcc/riscv-none-embed/8.2.0/rv32imac/ilp32/libgcc.a(_udivdi3.o) (__clz_tab)
/home/vl/Desktop/MounRiver_Studio_Community_Linux_x64_V140/MRS_Community/toolchain/RISC-V Embedded GCC/bin/../lib/gcc/riscv-none-embed/8.2.0/../../../../riscv-none-embed/lib/rv32imac/ilp32/libg_nano.a(lib_a-memcmp.o)
                              ./lvgl/src/lv_font/lv_font_loader.o (memcmp)
/home/vl/Desktop/MounRiver_Studio_Community_Linux_x64_V140/MRS_Community/toolchain/RISC-V Embedded GCC/bin/../lib/gcc/riscv-none-embed/8.2.0/../../../../riscv-none-embed/lib/rv32imac/ilp32/libg_nano.a(lib_a-memcpy.o)
                              ./lvgl/src/lv_widgets/lv_chart.o (memcpy)
/home/vl/Desktop/MounRiver_Studio_Community_Linux_x64_V140/MRS_Community/toolchain/RISC-V Embedded GCC/bin/../lib/gcc/riscv-none-embed/8.2.0/../../../../riscv-none-embed/lib/rv32imac/ilp32/libg_nano.a(lib_a-memset.o)
                              ./lvgl/src/lv_font/lv_font_loader.o (memset)
/home/vl/Desktop/MounRiver_Studio_Community_Linux_x64_V140/MRS_Community/toolchain/RISC-V Embedded GCC/bin/../lib/gcc/riscv-none-embed/8.2.0/../../../../riscv-none-embed/lib/rv32imac/ilp32/libg_nano.a(lib_a-printf.o)
                              ./User/main.o (printf)
/home/vl/Desktop/MounRiver_Studio_Community_Linux_x64_V140/MRS_Community/toolchain/RISC-V Embedded GCC/bin/../lib/gcc/riscv-none-embed/8.2.0/../../../../riscv-none-embed/lib/rv32imac/ilp32/libg_nano.a(lib_a-puts.o)
                              ./User/main.o (puts)
/home/vl/Desktop/MounRiver_Studio_Community_Linux_x64_V140/MRS_Community/toolchain/RISC-V Embedded GCC/bin/../lib/gcc/riscv-none-embed/8.2.0/../../../../riscv-none-embed/lib/rv32imac/ilp32/libg_nano.a(lib_a-strcmp.o)
                              ./lvgl/src/lv_widgets/lv_btnmatrix.o (strcmp)
/home/vl/Desktop/MounRiver_Studio_Community_Linux_x64_V140/MRS_Community/toolchain/RISC-V Embedded GCC/bin/../lib/gcc/riscv-none-embed/8.2.0/../../../../riscv-none-embed/lib/rv32imac/ilp32/libg_nano.a(lib_a-strcpy.o)
                              ./lvgl/src/lv_widgets/lv_calendar.o (strcpy)
/home/vl/Desktop/MounRiver_Studio_Community_Linux_x64_V140/MRS_Community/toolchain/RISC-V Embedded GCC/bin/../lib/gcc/riscv-none-embed/8.2.0/../../../../riscv-none-embed/lib/rv32imac/ilp32/libg_nano.a(lib_a-strlen.o)
                              ./lvgl/src/lv_widgets/lv_dropdown.o (strlen)
/home/vl/Desktop/MounRiver_Studio_Community_Linux_x64_V140/MRS_Community/toolchain/RISC-V Embedded GCC/bin/../lib/gcc/riscv-none-embed/8.2.0/../../../../riscv-none-embed/lib/rv32imac/ilp32/libg_nano.a(lib_a-strncpy.o)
                              ./lvgl/src/lv_widgets/lv_chart.o (strncpy)
/home/vl/Desktop/MounRiver_Studio_Community_Linux_x64_V140/MRS_Community/toolchain/RISC-V Embedded GCC/bin/../lib/gcc/riscv-none-embed/8.2.0/../../../../riscv-none-embed/lib/rv32imac/ilp32/libg_nano.a(lib_a-wbuf.o)
                              /home/vl/Desktop/MounRiver_Studio_Community_Linux_x64_V140/MRS_Community/toolchain/RISC-V Embedded GCC/bin/../lib/gcc/riscv-none-embed/8.2.0/../../../../riscv-none-embed/lib/rv32imac/ilp32/libg_nano.a(lib_a-puts.o) (__swbuf_r)
/home/vl/Desktop/MounRiver_Studio_Community_Linux_x64_V140/MRS_Community/toolchain/RISC-V Embedded GCC/bin/../lib/gcc/riscv-none-embed/8.2.0/../../../../riscv-none-embed/lib/rv32imac/ilp32/libg_nano.a(lib_a-wsetup.o)
                              /home/vl/Desktop/MounRiver_Studio_Community_Linux_x64_V140/MRS_Community/toolchain/RISC-V Embedded GCC/bin/../lib/gcc/riscv-none-embed/8.2.0/../../../../riscv-none-embed/lib/rv32imac/ilp32/libg_nano.a(lib_a-puts.o) (__swsetup_r)
/home/vl/Desktop/MounRiver_Studio_Community_Linux_x64_V140/MRS_Community/toolchain/RISC-V Embedded GCC/bin/../lib/gcc/riscv-none-embed/8.2.0/../../../../riscv-none-embed/lib/rv32imac/ilp32/libg_nano.a(lib_a-fflush.o)
[...]
Memory Configuration

Name             Origin             Length             Attributes
FLASH            0x0000000000000000 0x0000000000040000 xr
RAM              0x0000000020000000 0x0000000000010000 xrw
*default*        0x0000000000000000 0xffffffffffffffff

Linker script and memory map

LOAD ./lvgl/tests/lv_test_widgets/lv_test_label.o
LOAD ./lvgl/tests/lv_test_fonts/font_1.o
LOAD ./lvgl/tests/lv_test_fonts/font_2.o
LOAD ./lvgl/tests/lv_test_fonts/font_3.o
LOAD ./lvgl/tests/lv_test_core/lv_test_core.o
LOAD ./lvgl/tests/lv_test_core/lv_test_font_loader.o
LOAD ./lvgl/tests/lv_test_core/lv_test_obj.o
LOAD ./lvgl/tests/lv_test_core/lv_test_style.o
LOAD ./lvgl/tests/lv_test_assert.o
LOAD ./lvgl/tests/lv_test_main.o
LOAD ./lvgl/src/lv_widgets/lv_arc.o
LOAD ./lvgl/src/lv_widgets/lv_bar.o
LOAD ./lvgl/src/lv_widgets/lv_btn.o
LOAD ./lvgl/src/lv_widgets/lv_btnmatrix.o
LOAD ./lvgl/src/lv_widgets/lv_calendar.o
LOAD ./lvgl/src/lv_widgets/lv_canvas.o
LOAD ./lvgl/src/lv_widgets/lv_chart.o
LOAD ./lvgl/src/lv_widgets/lv_checkbox.o
LOAD ./lvgl/src/lv_widgets/lv_cont.o
LOAD ./lvgl/src/lv_widgets/lv_cpicker.o
LOAD ./lvgl/src/lv_widgets/lv_dropdown.o
LOAD ./lvgl/src/lv_widgets/lv_gauge.o
LOAD ./lvgl/src/lv_widgets/lv_img.o
LOAD ./lvgl/src/lv_widgets/lv_imgbtn.o
LOAD ./lvgl/src/lv_widgets/lv_keyboard.o
LOAD ./lvgl/src/lv_widgets/lv_label.o
LOAD ./lvgl/src/lv_widgets/lv_led.o
LOAD ./lvgl/src/lv_widgets/lv_line.o
LOAD ./lvgl/src/lv_widgets/lv_linemeter.o
LOAD ./lvgl/src/lv_widgets/lv_list.o
LOAD ./lvgl/src/lv_widgets/lv_msgbox.o
LOAD ./lvgl/src/lv_widgets/lv_objmask.o
LOAD ./lvgl/src/lv_widgets/lv_objx_templ.o
LOAD ./lvgl/src/lv_widgets/lv_page.o
LOAD ./lvgl/src/lv_widgets/lv_roller.o
LOAD ./lvgl/src/lv_widgets/lv_slider.o
LOAD ./lvgl/src/lv_widgets/lv_spinbox.o
LOAD ./lvgl/src/lv_widgets/lv_spinner.o
LOAD ./lvgl/src/lv_widgets/lv_switch.o
LOAD ./lvgl/src/lv_widgets/lv_table.o
LOAD ./lvgl/src/lv_widgets/lv_tabview.o
LOAD ./lvgl/src/lv_widgets/lv_textarea.o
LOAD ./lvgl/src/lv_widgets/lv_tileview.o
LOAD ./lvgl/src/lv_widgets/lv_win.o
LOAD ./lvgl/src/lv_themes/lv_theme.o
LOAD ./lvgl/src/lv_themes/lv_theme_empty.o
LOAD ./lvgl/src/lv_themes/lv_theme_material.o
LOAD ./lvgl/src/lv_themes/lv_theme_mono.o
LOAD ./lvgl/src/lv_themes/lv_theme_template.o
LOAD ./lvgl/src/lv_misc/lv_anim.o
LOAD ./lvgl/src/lv_misc/lv_area.o
LOAD ./lvgl/src/lv_misc/lv_async.o
LOAD ./lvgl/src/lv_misc/lv_bidi.o
LOAD ./lvgl/src/lv_misc/lv_color.o
LOAD ./lvgl/src/lv_misc/lv_debug.o
LOAD ./lvgl/src/lv_misc/lv_fs.o
LOAD ./lvgl/src/lv_misc/lv_gc.o
LOAD ./lvgl/src/lv_misc/lv_ll.o
LOAD ./lvgl/src/lv_misc/lv_log.o
LOAD ./lvgl/src/lv_misc/lv_math.o
LOAD ./lvgl/src/lv_misc/lv_mem.o
LOAD ./lvgl/src/lv_misc/lv_printf.o
LOAD ./lvgl/src/lv_misc/lv_task.o
LOAD ./lvgl/src/lv_misc/lv_templ.o
LOAD ./lvgl/src/lv_misc/lv_txt.o
LOAD ./lvgl/src/lv_misc/lv_txt_ap.o
LOAD ./lvgl/src/lv_misc/lv_utils.o
LOAD ./lvgl/src/lv_hal/lv_hal_disp.o
LOAD ./lvgl/src/lv_hal/lv_hal_indev.o
LOAD ./lvgl/src/lv_hal/lv_hal_tick.o
LOAD ./lvgl/src/lv_gpu/lv_gpu_nxp_pxp.o
LOAD ./lvgl/src/lv_gpu/lv_gpu_nxp_pxp_osa.o
LOAD ./lvgl/src/lv_gpu/lv_gpu_nxp_vglite.o
LOAD ./lvgl/src/lv_gpu/lv_gpu_stm32_dma2d.o
LOAD ./lvgl/src/lv_font/lv_font.o
LOAD ./lvgl/src/lv_font/lv_font_dejavu_16_persian_hebrew.o
LOAD ./lvgl/src/lv_font/lv_font_fmt_txt.o
LOAD ./lvgl/src/lv_font/lv_font_loader.o
LOAD ./lvgl/src/lv_font/lv_font_montserrat_10.o
LOAD ./lvgl/src/lv_font/lv_font_montserrat_12.o
LOAD ./lvgl/src/lv_font/lv_font_montserrat_12_subpx.o
LOAD ./lvgl/src/lv_font/lv_font_montserrat_14.o
LOAD ./lvgl/src/lv_font/lv_font_montserrat_16.o
LOAD ./lvgl/src/lv_font/lv_font_montserrat_18.o
LOAD ./lvgl/src/lv_font/lv_font_montserrat_20.o
LOAD ./lvgl/src/lv_font/lv_font_montserrat_22.o
LOAD ./lvgl/src/lv_font/lv_font_montserrat_24.o
LOAD ./lvgl/src/lv_font/lv_font_montserrat_26.o
LOAD ./lvgl/src/lv_font/lv_font_montserrat_28.o
LOAD ./lvgl/src/lv_font/lv_font_montserrat_28_compressed.o
LOAD ./lvgl/src/lv_font/lv_font_montserrat_30.o
LOAD ./lvgl/src/lv_font/lv_font_montserrat_32.o
LOAD ./lvgl/src/lv_font/lv_font_montserrat_34.o
LOAD ./lvgl/src/lv_font/lv_font_montserrat_36.o
LOAD ./lvgl/src/lv_font/lv_font_montserrat_38.o
LOAD ./lvgl/src/lv_font/lv_font_montserrat_40.o
LOAD ./lvgl/src/lv_font/lv_font_montserrat_42.o
LOAD ./lvgl/src/lv_font/lv_font_montserrat_44.o
LOAD ./lvgl/src/lv_font/lv_font_montserrat_46.o
LOAD ./lvgl/src/lv_font/lv_font_montserrat_48.o
LOAD ./lvgl/src/lv_font/lv_font_montserrat_8.o
LOAD ./lvgl/src/lv_font/lv_font_simsun_16_cjk.o
LOAD ./lvgl/src/lv_font/lv_font_unscii_16.o
LOAD ./lvgl/src/lv_font/lv_font_unscii_8.o
LOAD ./lvgl/src/lv_draw/lv_draw_arc.o
LOAD ./lvgl/src/lv_draw/lv_draw_blend.o
LOAD ./lvgl/src/lv_draw/lv_draw_img.o
LOAD ./lvgl/src/lv_draw/lv_draw_label.o
LOAD ./lvgl/src/lv_draw/lv_draw_line.o
LOAD ./lvgl/src/lv_draw/lv_draw_mask.o
LOAD ./lvgl/src/lv_draw/lv_draw_rect.o
LOAD ./lvgl/src/lv_draw/lv_draw_triangle.o
LOAD ./lvgl/src/lv_draw/lv_img_buf.o
LOAD ./lvgl/src/lv_draw/lv_img_cache.o
LOAD ./lvgl/src/lv_draw/lv_img_decoder.o
LOAD ./lvgl/src/lv_core/lv_disp.o
LOAD ./lvgl/src/lv_core/lv_group.o
LOAD ./lvgl/src/lv_core/lv_indev.o
LOAD ./lvgl/src/lv_core/lv_obj.o
LOAD ./lvgl/src/lv_core/lv_refr.o
LOAD ./lvgl/src/lv_core/lv_style.o
LOAD ./lvgl/examples/porting/lv_port_disp_template.o
LOAD ./lvgl/examples/porting/lv_port_fs_template.o
LOAD ./lvgl/examples/porting/lv_port_indev_template.o
LOAD ./User/ch32v30x_it.o
LOAD ./User/fonts.o
LOAD ./User/ili9341.o
LOAD ./User/main.o
LOAD ./User/system_ch32v30x.o
LOAD ./User/touchpad.o
LOAD ./User/xpt2046.o
LOAD ./Startup/startup_ch32v30x_D8C.o
LOAD ./Peripheral/src/ch32v30x_adc.o
LOAD ./Peripheral/src/ch32v30x_bkp.o
LOAD ./Peripheral/src/ch32v30x_can.o
LOAD ./Peripheral/src/ch32v30x_crc.o
LOAD ./Peripheral/src/ch32v30x_dac.o
LOAD ./Peripheral/src/ch32v30x_dbgmcu.o
LOAD ./Peripheral/src/ch32v30x_dma.o
LOAD ./Peripheral/src/ch32v30x_dvp.o
LOAD ./Peripheral/src/ch32v30x_eth.o
LOAD ./Peripheral/src/ch32v30x_exti.o
LOAD ./Peripheral/src/ch32v30x_flash.o
LOAD ./Peripheral/src/ch32v30x_fsmc.o
LOAD ./Peripheral/src/ch32v30x_gpio.o
LOAD ./Peripheral/src/ch32v30x_i2c.o
LOAD ./Peripheral/src/ch32v30x_iwdg.o
LOAD ./Peripheral/src/ch32v30x_misc.o
LOAD ./Peripheral/src/ch32v30x_opa.o
LOAD ./Peripheral/src/ch32v30x_pwr.o
LOAD ./Peripheral/src/ch32v30x_rcc.o
LOAD ./Peripheral/src/ch32v30x_rng.o
LOAD ./Peripheral/src/ch32v30x_rtc.o
LOAD ./Peripheral/src/ch32v30x_sdio.o
LOAD ./Peripheral/src/ch32v30x_spi.o
LOAD ./Peripheral/src/ch32v30x_tim.o
LOAD ./Peripheral/src/ch32v30x_usart.o
LOAD ./Peripheral/src/ch32v30x_wwdg.o
LOAD ./Debug/debug.o
LOAD ./Core/core_riscv.o
LOAD /home/vl/Desktop/MounRiver_Studio_Community_Linux_x64_V140/MRS_Community/toolchain/RISC-V Embedded GCC/bin/../lib/gcc/riscv-none-embed/8.2.0/../../../../riscv-none-embed/lib/rv32imac/ilp32/libm.a
LOAD /home/vl/Desktop/MounRiver_Studio_Community_Linux_x64_V140/MRS_Community/toolchain/RISC-V Embedded GCC/bin/../lib/gcc/riscv-none-embed/8.2.0/rv32imac/ilp32/libgcc.a
LOAD /home/vl/Desktop/MounRiver_Studio_Community_Linux_x64_V140/MRS_Community/toolchain/RISC-V Embedded GCC/bin/../lib/gcc/riscv-none-embed/8.2.0/../../../../riscv-none-embed/lib/rv32imac/ilp32/libg_nano.a
LOAD /home/vl/Desktop/MounRiver_Studio_Community_Linux_x64_V140/MRS_Community/toolchain/RISC-V Embedded GCC/bin/../lib/gcc/riscv-none-embed/8.2.0/../../../../riscv-none-embed/lib/rv32imac/ilp32/libc_nano.a
LOAD /home/vl/Desktop/MounRiver_Studio_Community_Linux_x64_V140/MRS_Community/toolchain/RISC-V Embedded GCC/bin/../lib/gcc/riscv-none-embed/8.2.0/rv32imac/ilp32/libgcc.a
START GROUP
LOAD /home/vl/Desktop/MounRiver_Studio_Community_Linux_x64_V140/MRS_Community/toolchain/RISC-V Embedded GCC/bin/../lib/gcc/riscv-none-embed/8.2.0/rv32imac/ilp32/libgcc.a
LOAD /home/vl/Desktop/MounRiver_Studio_Community_Linux_x64_V140/MRS_Community/toolchain/RISC-V Embedded GCC/bin/../lib/gcc/riscv-none-embed/8.2.0/../../../../riscv-none-embed/lib/rv32imac/ilp32/libc_nano.a
LOAD /home/vl/Desktop/MounRiver_Studio_Community_Linux_x64_V140/MRS_Community/toolchain/RISC-V Embedded GCC/bin/../lib/gcc/riscv-none-embed/8.2.0/../../../../riscv-none-embed/lib/rv32imac/ilp32/libnosys.a
END GROUP
START GROUP
LOAD /home/vl/Desktop/MounRiver_Studio_Community_Linux_x64_V140/MRS_Community/toolchain/RISC-V Embedded GCC/bin/../lib/gcc/riscv-none-embed/8.2.0/rv32imac/ilp32/libgcc.a
LOAD /home/vl/Desktop/MounRiver_Studio_Community_Linux_x64_V140/MRS_Community/toolchain/RISC-V Embedded GCC/bin/../lib/gcc/riscv-none-embed/8.2.0/../../../../riscv-none-embed/lib/rv32imac/ilp32/libc_nano.a
LOAD /home/vl/Desktop/MounRiver_Studio_Community_Linux_x64_V140/MRS_Community/toolchain/RISC-V Embedded GCC/bin/../lib/gcc/riscv-none-embed/8.2.0/../../../../riscv-none-embed/lib/rv32imac/ilp32/libnosys.a
END GROUP
                0x0000000000000800                __stack_size = 0x800
                [!provide]                        PROVIDE (_stack_size = __stack_size)

.init           0x0000000000000000       0x38
                0x0000000000000000                _sinit = .
                0x0000000000000000                . = ALIGN (0x4)
 *(SORT_NONE(.init))
 .init          0x0000000000000000       0x38 ./Startup/startup_ch32v30x_D8C.o
                0x0000000000000000                _start
                0x0000000000000038                . = ALIGN (0x4)
                0x0000000000000038                _einit = .

.vector         0x0000000000000038      0x1c8
 *(.vector)
 .vector        0x0000000000000038      0x1a0 ./Startup/startup_ch32v30x_D8C.o
                0x0000000000000200                . = ALIGN (0x40)
 *fill*         0x00000000000001d8       0x28 

.text           0x0000000000000200    0x230cc
                0x0000000000000200                . = ALIGN (0x4)
 *(.text)
 .text          0x0000000000000200       0x60 /home/vl/Desktop/MounRiver_Studio_Community_Linux_x64_V140/MRS_Community/toolchain/RISC-V Embedded GCC/bin/../lib/gcc/riscv-none-embed/8.2.0/rv32imac/ilp32/libgcc.a(save-restore.o)
                0x0000000000000200                __riscv_save_12
                0x0000000000000208                __riscv_save_8
                0x0000000000000208                __riscv_save_11
                0x0000000000000208                __riscv_save_9
                0x0000000000000208                __riscv_save_10
                0x0000000000000216                __riscv_save_7
                0x0000000000000216                __riscv_save_4
                0x0000000000000216                __riscv_save_6
                0x0000000000000216                __riscv_save_5
                0x0000000000000230                __riscv_save_1
                0x0000000000000230                __riscv_save_3
                0x0000000000000230                __riscv_save_2
                0x0000000000000230                __riscv_save_0
                0x000000000000023c                __riscv_restore_12
                0x0000000000000240                __riscv_restore_10
                0x0000000000000240                __riscv_restore_11
                0x0000000000000240                __riscv_restore_8
                0x0000000000000240                __riscv_restore_9
                0x000000000000024a                __riscv_restore_5
                0x000000000000024a                __riscv_restore_6
                0x000000000000024a                __riscv_restore_4
                0x000000000000024a                __riscv_restore_7
                0x0000000000000254                __riscv_restore_3
                0x0000000000000254                __riscv_restore_2
                0x0000000000000254                __riscv_restore_0
                0x0000000000000254                __riscv_restore_1
 .text          0x0000000000000260       0xa8 /home/vl/Desktop/MounRiver_Studio_Community_Linux_x64_V140/MRS_Community/toolchain/RISC-V Embedded GCC/bin/../lib/gcc/riscv-none-embed/8.2.0/../../../../riscv-none-embed/lib/rv32imac/ilp32/libg_nano.a(lib_a-memset.o)
                0x0000000000000260                memset
 .text          0x0000000000000308      0x11e /home/vl/Desktop/MounRiver_Studio_Community_Linux_x64_V140/MRS_Community/toolchain/RISC-V Embedded GCC/bin/../lib/gcc/riscv-none-embed/8.2.0/../../../../riscv-none-embed/lib/rv32imac/ilp32/libg_nano.a(lib_a-strcmp.o)
                0x0000000000000308                strcmp
 *(.text.*)
 .text.get_month_length
                0x0000000000000426       0x60 ./lvgl/src/lv_widgets/lv_calendar.o
 .text.get_day_names_height
                0x0000000000000486       0x38 ./lvgl/src/lv_widgets/lv_calendar.o
 .text.get_header_height
                0x00000000000004be       0x54 ./lvgl/src/lv_widgets/lv_calendar.o
 .text.lv_calendar_create
                0x0000000000000512      0x18a ./lvgl/src/lv_widgets/lv_calendar.o
                0x0000000000000512                lv_calendar_create
 .text.lv_calendar_set_today_date
                0x000000000000069c       0x60 ./lvgl/src/lv_widgets/lv_calendar.o
                0x000000000000069c                lv_calendar_set_today_date
 .text.lv_calendar_set_showed_date
                0x00000000000006fc       0x60 ./lvgl/src/lv_widgets/lv_calendar.o
                0x00000000000006fc                lv_calendar_set_showed_date
 .text.lv_calendar_set_highlighted_dates
                0x000000000000075c       0x52 ./lvgl/src/lv_widgets/lv_calendar.o
                0x000000000000075c                lv_calendar_set_highlighted_dates
 .text.lv_calendar_get_day_of_week
                0x00000000000007ae       0x4e ./lvgl/src/lv_widgets/lv_calendar.o
                0x00000000000007ae                lv_calendar_get_day_of_week
 .text.lv_calendar_design
                0x00000000000007fc      0x804 ./lvgl/src/lv_widgets/lv_calendar.o
 .text.lv_calendar_signal
                0x0000000000001000      0x48c ./lvgl/src/lv_widgets/lv_calendar.o
 .text.apply_theme
                0x000000000000148c       0x2e ./lvgl/src/lv_themes/lv_theme.o
 .text.lv_theme_set_act
                0x00000000000014ba        0x6 ./lvgl/src/lv_themes/lv_theme.o
                0x00000000000014ba                lv_theme_set_act
 .text.lv_theme_apply
                0x00000000000014c0      0x2ec ./lvgl/src/lv_themes/lv_theme.o
                0x00000000000014c0                lv_theme_apply
 .text.lv_theme_get_font_small
                0x00000000000017ac        0x8 ./lvgl/src/lv_themes/lv_theme.o
                0x00000000000017ac                lv_theme_get_font_small
 .text.lv_theme_get_font_normal
                0x00000000000017b4        0x8 ./lvgl/src/lv_themes/lv_theme.o
                0x00000000000017b4                lv_theme_get_font_normal
 .text.theme_apply
                0x00000000000017bc      0x774 ./lvgl/src/lv_themes/lv_theme_material.o
 .text.linemeter_init
                0x0000000000001f30      0x278 ./lvgl/src/lv_themes/lv_theme_material.o
 .text.chart_init
                0x00000000000021a8      0x25c ./lvgl/src/lv_themes/lv_theme_material.o
 .text.slider_init
                0x0000000000002404      0x2e0 ./lvgl/src/lv_themes/lv_theme_material.o
 .text.switch_init
                0x00000000000026e4      0x128 ./lvgl/src/lv_themes/lv_theme_material.o
 .text.gauge_init
                0x000000000000280c      0x532 ./lvgl/src/lv_themes/lv_theme_material.o
 .text.bar_init
                0x0000000000002d3e      0x20c ./lvgl/src/lv_themes/lv_theme_material.o
 .text.led_init
                0x0000000000002f4a      0x130 ./lvgl/src/lv_themes/lv_theme_material.o
 .text.basic_init
                0x000000000000307a     0x151a ./lvgl/src/lv_themes/lv_theme_material.o
 .text.lv_theme_material_init
                0x0000000000004594     0x2c90 ./lvgl/src/lv_themes/lv_theme_material.o
                0x0000000000004594                lv_theme_material_init
 .text.anim_mark_list_change
                0x0000000000007224       0x2e ./lvgl/src/lv_misc/lv_anim.o
 .text.lv_anim_path_linear
                0x0000000000007252       0x2c ./lvgl/src/lv_misc/lv_anim.o
                0x0000000000007252                lv_anim_path_linear
 .text.anim_task
                0x000000000000727e      0x198 ./lvgl/src/lv_misc/lv_anim.o
 .text._lv_anim_core_init
                0x0000000000007416       0x32 ./lvgl/src/lv_misc/lv_anim.o
                0x0000000000007416                _lv_anim_core_init
 .text.lv_anim_init
                0x0000000000007448       0x50 ./lvgl/src/lv_misc/lv_anim.o
                0x0000000000007448                lv_anim_init
 .text.lv_anim_del
                0x0000000000007498       0x5a ./lvgl/src/lv_misc/lv_anim.o
                0x0000000000007498                lv_anim_del
 .text.lv_anim_start
                0x00000000000074f2       0x96 ./lvgl/src/lv_misc/lv_anim.o
                0x00000000000074f2                lv_anim_start
 .text.lv_point_within_circle
                0x0000000000007588       0x56 ./lvgl/src/lv_misc/lv_area.o
 .text.lv_area_set
                0x00000000000075de       0x12 ./lvgl/src/lv_misc/lv_area.o
                0x00000000000075de                lv_area_set
 .text.lv_area_set_height
                0x00000000000075f0        0xe ./lvgl/src/lv_misc/lv_area.o
                0x00000000000075f0                lv_area_set_height
 .text.lv_area_get_size
                0x00000000000075fe       0x1e ./lvgl/src/lv_misc/lv_area.o
                0x00000000000075fe                lv_area_get_size
 .text._lv_area_intersect
                0x000000000000761c       0xac ./lvgl/src/lv_misc/lv_area.o
                0x000000000000761c                _lv_area_intersect
 .text._lv_area_join
                0x00000000000076c8       0x80 ./lvgl/src/lv_misc/lv_area.o
                0x00000000000076c8                _lv_area_join
 .text._lv_area_is_point_on
                0x0000000000007748      0x18e ./lvgl/src/lv_misc/lv_area.o
                0x0000000000007748                _lv_area_is_point_on
 .text._lv_area_is_on
                0x00000000000078d6       0x3e ./lvgl/src/lv_misc/lv_area.o
                0x00000000000078d6                _lv_area_is_on
 .text._lv_area_is_in
                0x0000000000007914       0x90 ./lvgl/src/lv_misc/lv_area.o
                0x0000000000007914                _lv_area_is_in
 .text._lv_area_align
                0x00000000000079a4      0x47c ./lvgl/src/lv_misc/lv_area.o
                0x00000000000079a4                _lv_area_align
 .text.lv_color_fill
                0x0000000000007e20       0x64 ./lvgl/src/lv_misc/lv_color.o
                0x0000000000007e20                lv_color_fill
 .text.lv_color_lighten
                0x0000000000007e84       0xb0 ./lvgl/src/lv_misc/lv_color.o
                0x0000000000007e84                lv_color_lighten
 .text.lv_color_darken
                0x0000000000007f34       0x76 ./lvgl/src/lv_misc/lv_color.o
                0x0000000000007f34                lv_color_darken
 .text.lv_debug_check_null
                0x0000000000007faa        0x6 ./lvgl/src/lv_misc/lv_debug.o
                0x0000000000007faa                lv_debug_check_null
 .text.lv_debug_log_error
                0x0000000000007fb0       0x26 ./lvgl/src/lv_misc/lv_debug.o
                0x0000000000007fb0                lv_debug_log_error
 .text.lv_fs_get_real_path
                0x0000000000007fd6       0x30 ./lvgl/src/lv_misc/lv_fs.o
 .text._lv_fs_init
                0x0000000000008006       0x12 ./lvgl/src/lv_misc/lv_fs.o
                0x0000000000008006                _lv_fs_init
 .text.lv_fs_close
                0x0000000000008018       0x30 ./lvgl/src/lv_misc/lv_fs.o
                0x0000000000008018                lv_fs_close
 .text.lv_fs_read
                0x0000000000008048       0x40 ./lvgl/src/lv_misc/lv_fs.o
                0x0000000000008048                lv_fs_read
 .text.lv_fs_seek
                0x0000000000008088       0x20 ./lvgl/src/lv_misc/lv_fs.o
                0x0000000000008088                lv_fs_seek
 .text.lv_fs_get_drv
                0x00000000000080a8       0x2c ./lvgl/src/lv_misc/lv_fs.o
                0x00000000000080a8                lv_fs_get_drv
 .text.lv_fs_open
                0x00000000000080d4       0xb0 ./lvgl/src/lv_misc/lv_fs.o
                0x00000000000080d4                lv_fs_open
 .text.lv_fs_get_ext
                0x0000000000008184       0x94 ./lvgl/src/lv_misc/lv_fs.o
                0x0000000000008184                lv_fs_get_ext
 .text.node_set_prev
                0x0000000000008218        0xa ./lvgl/src/lv_misc/lv_ll.o
 .text.node_set_next
                0x0000000000008222        0xa ./lvgl/src/lv_misc/lv_ll.o
 .text._lv_ll_init
                0x000000000000822c       0x10 ./lvgl/src/lv_misc/lv_ll.o
                0x000000000000822c                _lv_ll_init
 .text._lv_ll_ins_head
                0x000000000000823c       0x40 ./lvgl/src/lv_misc/lv_ll.o
                0x000000000000823c                _lv_ll_ins_head
 .text._lv_ll_ins_tail
                0x000000000000827c       0x40 ./lvgl/src/lv_misc/lv_ll.o
                0x000000000000827c                _lv_ll_ins_tail
 .text._lv_ll_get_head
                0x00000000000082bc        0xa ./lvgl/src/lv_misc/lv_ll.o
                0x00000000000082bc                _lv_ll_get_head
 .text._lv_ll_get_tail
                0x00000000000082c6        0xa ./lvgl/src/lv_misc/lv_ll.o
                0x00000000000082c6                _lv_ll_get_tail
 .text._lv_ll_get_next
                0x00000000000082d0        0xe ./lvgl/src/lv_misc/lv_ll.o
                0x00000000000082d0                _lv_ll_get_next
 .text._lv_ll_get_prev
                0x00000000000082de        0xe ./lvgl/src/lv_misc/lv_ll.o
                0x00000000000082de                _lv_ll_get_prev
 .text._lv_ll_ins_prev
                0x00000000000082ec       0x64 ./lvgl/src/lv_misc/lv_ll.o
                0x00000000000082ec                _lv_ll_ins_prev
 .text._lv_ll_remove
                0x0000000000008350       0x7c ./lvgl/src/lv_misc/lv_ll.o
                0x0000000000008350                _lv_ll_remove
 .text._lv_ll_chg_list
                0x00000000000083cc       0x6c ./lvgl/src/lv_misc/lv_ll.o
                0x00000000000083cc                _lv_ll_chg_list
 .text._lv_ll_get_len
                0x0000000000008438       0x28 ./lvgl/src/lv_misc/lv_ll.o
                0x0000000000008438                _lv_ll_get_len
 .text._lv_ll_move_before
                0x0000000000008460       0x9c ./lvgl/src/lv_misc/lv_ll.o
                0x0000000000008460                _lv_ll_move_before
 .text._lv_ll_is_empty
                0x00000000000084fc       0x18 ./lvgl/src/lv_misc/lv_ll.o
                0x00000000000084fc                _lv_ll_is_empty
 .text._lv_trigo_sin
                0x0000000000008514       0xaa ./lvgl/src/lv_misc/lv_math.o
                0x0000000000008514                _lv_trigo_sin
 .text._lv_sqrt
                0x00000000000085be       0x2e ./lvgl/src/lv_misc/lv_math.o
                0x00000000000085be                _lv_sqrt
 .text._lv_map  0x00000000000085ec       0x24 ./lvgl/src/lv_misc/lv_math.o
                0x00000000000085ec                _lv_map
 .text.ent_get_next
                0x0000000000008610       0x2a ./lvgl/src/lv_misc/lv_mem.o
 .text.ent_trunc
                0x000000000000863a       0x38 ./lvgl/src/lv_misc/lv_mem.o
 .text._lv_mem_init
                0x0000000000008672       0x16 ./lvgl/src/lv_misc/lv_mem.o
                0x0000000000008672                _lv_mem_init
 .text.lv_mem_alloc
                0x0000000000008688       0x5e ./lvgl/src/lv_misc/lv_mem.o
                0x0000000000008688                lv_mem_alloc
 .text.lv_mem_defrag
                0x00000000000086e6       0x56 ./lvgl/src/lv_misc/lv_mem.o
                0x00000000000086e6                lv_mem_defrag
 .text.lv_mem_free
                0x000000000000873c       0x76 ./lvgl/src/lv_misc/lv_mem.o
                0x000000000000873c                lv_mem_free
 .text._lv_mem_get_size
                0x00000000000087b2       0x1a ./lvgl/src/lv_misc/lv_mem.o
                0x00000000000087b2                _lv_mem_get_size
 .text._lv_mem_buf_release
                0x00000000000087cc       0x70 ./lvgl/src/lv_misc/lv_mem.o
                0x00000000000087cc                _lv_mem_buf_release
 .text._lv_mem_buf_free_all
                0x000000000000883c       0x5e ./lvgl/src/lv_misc/lv_mem.o
                0x000000000000883c                _lv_mem_buf_free_all
 .text._lv_memcpy
                0x000000000000889a      0x228 ./lvgl/src/lv_misc/lv_mem.o
                0x000000000000889a                _lv_memcpy
 .text.lv_mem_realloc
                0x0000000000008ac2       0x6a ./lvgl/src/lv_misc/lv_mem.o
                0x0000000000008ac2                lv_mem_realloc
 .text._lv_mem_buf_get
                0x0000000000008b2c      0x15e ./lvgl/src/lv_misc/lv_mem.o
                0x0000000000008b2c                _lv_mem_buf_get
 .text._lv_memset
                0x0000000000008c8a       0xa2 ./lvgl/src/lv_misc/lv_mem.o
                0x0000000000008c8a                _lv_memset
 .text._lv_memset_00
                0x0000000000008d2c       0xa4 ./lvgl/src/lv_misc/lv_mem.o
                0x0000000000008d2c                _lv_memset_00
 .text._lv_memset_ff
                0x0000000000008dd0       0x9a ./lvgl/src/lv_misc/lv_mem.o
                0x0000000000008dd0                _lv_memset_ff
 .text._lv_task_core_init
                0x0000000000008e6a       0x18 ./lvgl/src/lv_misc/lv_task.o
                0x0000000000008e6a                _lv_task_core_init
 .text.lv_task_create
                0x0000000000008e82       0xd0 ./lvgl/src/lv_misc/lv_task.o
                0x0000000000008e82                lv_task_create
 .text.lv_task_del
                0x0000000000008f52       0x30 ./lvgl/src/lv_misc/lv_task.o
                0x0000000000008f52                lv_task_del
 .text.lv_task_exec
                0x0000000000008f82       0x46 ./lvgl/src/lv_misc/lv_task.o
 .text.lv_task_handler
                0x0000000000008fc8      0x17e ./lvgl/src/lv_misc/lv_task.o
                0x0000000000008fc8                lv_task_handler
 .text.lv_task_set_prio
                0x0000000000009146       0x78 ./lvgl/src/lv_misc/lv_task.o
                0x0000000000009146                lv_task_set_prio
 .text.lv_task_ready
                0x00000000000091be       0x18 ./lvgl/src/lv_misc/lv_task.o
                0x00000000000091be                lv_task_ready
 .text.lv_txt_utf8_next
                0x00000000000091d6      0x14c ./lvgl/src/lv_misc/lv_txt.o
 .text.lv_txt_utf8_get_char_id
                0x0000000000009322       0x2e ./lvgl/src/lv_misc/lv_txt.o
 .text._lv_txt_is_cmd
                0x0000000000009350       0x58 ./lvgl/src/lv_misc/lv_txt.o
                0x0000000000009350                _lv_txt_is_cmd
 .text._lv_txt_get_next_line
                0x00000000000093a8      0x214 ./lvgl/src/lv_misc/lv_txt.o
                0x00000000000093a8                _lv_txt_get_next_line
 .text._lv_txt_get_width
                0x00000000000095bc       0x9a ./lvgl/src/lv_misc/lv_txt.o
                0x00000000000095bc                _lv_txt_get_width
 .text._lv_txt_get_size
                0x0000000000009656       0xe4 ./lvgl/src/lv_misc/lv_txt.o
                0x0000000000009656                _lv_txt_get_size
 .text._lv_utils_num_to_str
                0x000000000000973a       0x8a ./lvgl/src/lv_misc/lv_utils.o
                0x000000000000973a                _lv_utils_num_to_str
 .text._lv_utils_bsearch
                0x00000000000097c4       0x48 ./lvgl/src/lv_misc/lv_utils.o
                0x00000000000097c4                _lv_utils_bsearch
 .text.lv_disp_drv_init
                0x000000000000980c       0x70 ./lvgl/src/lv_hal/lv_hal_disp.o
                0x000000000000980c                lv_disp_drv_init
 .text.lv_disp_buf_init
                0x000000000000987c       0x24 ./lvgl/src/lv_hal/lv_hal_disp.o
                0x000000000000987c                lv_disp_buf_init
 .text.lv_disp_get_default
                0x00000000000098a0        0x6 ./lvgl/src/lv_hal/lv_hal_disp.o
                0x00000000000098a0                lv_disp_get_default
 .text.lv_disp_get_hor_res
                0x00000000000098a6       0x2e ./lvgl/src/lv_hal/lv_hal_disp.o
                0x00000000000098a6                lv_disp_get_hor_res
 .text.lv_disp_get_ver_res
                0x00000000000098d4       0x2e ./lvgl/src/lv_hal/lv_hal_disp.o
                0x00000000000098d4                lv_disp_get_ver_res
 .text.lv_disp_get_dpi
                0x0000000000009902       0x1a ./lvgl/src/lv_hal/lv_hal_disp.o
                0x0000000000009902                lv_disp_get_dpi
 .text.lv_disp_get_size_category
                0x000000000000991c       0x4e ./lvgl/src/lv_hal/lv_hal_disp.o
                0x000000000000991c                lv_disp_get_size_category
 .text.lv_disp_flush_ready
                0x000000000000996a        0xe ./lvgl/src/lv_hal/lv_hal_disp.o
                0x000000000000996a                lv_disp_flush_ready
 .text.lv_disp_get_next
                0x0000000000009978       0x1e ./lvgl/src/lv_hal/lv_hal_disp.o
                0x0000000000009978                lv_disp_get_next
 .text.lv_disp_get_buf
                0x0000000000009996        0x4 ./lvgl/src/lv_hal/lv_hal_disp.o
                0x0000000000009996                lv_disp_get_buf
 .text.lv_disp_get_inv_buf_size
                0x000000000000999a        0xa ./lvgl/src/lv_hal/lv_hal_disp.o
                0x000000000000999a                lv_disp_get_inv_buf_size
 .text._lv_disp_pop_from_inv_buf
                0x00000000000099a4       0x24 ./lvgl/src/lv_hal/lv_hal_disp.o
                0x00000000000099a4                _lv_disp_pop_from_inv_buf
 .text.lv_disp_is_double_buf
                0x00000000000099c8       0x12 ./lvgl/src/lv_hal/lv_hal_disp.o
                0x00000000000099c8                lv_disp_is_double_buf
 .text.lv_disp_is_true_double_buf
                0x00000000000099da       0x26 ./lvgl/src/lv_hal/lv_hal_disp.o
                0x00000000000099da                lv_disp_is_true_double_buf
 .text.lv_disp_drv_register
                0x0000000000009a00      0x116 ./lvgl/src/lv_hal/lv_hal_disp.o
                0x0000000000009a00                lv_disp_drv_register
 .text.lv_indev_drv_init
                0x0000000000009b16       0x3c ./lvgl/src/lv_hal/lv_hal_indev.o
                0x0000000000009b16                lv_indev_drv_init
 .text.lv_indev_drv_register
                0x0000000000009b52       0x80 ./lvgl/src/lv_hal/lv_hal_indev.o
                0x0000000000009b52                lv_indev_drv_register
 .text.lv_indev_get_next
                0x0000000000009bd2       0x1e ./lvgl/src/lv_hal/lv_hal_indev.o
                0x0000000000009bd2                lv_indev_get_next
 .text._lv_indev_read
                0x0000000000009bf0       0x56 ./lvgl/src/lv_hal/lv_hal_indev.o
                0x0000000000009bf0                _lv_indev_read
 .text.lv_tick_inc
                0x0000000000009c46       0x10 ./lvgl/src/lv_hal/lv_hal_tick.o
                0x0000000000009c46                lv_tick_inc
 .text.lv_tick_get
                0x0000000000009c56       0x1a ./lvgl/src/lv_hal/lv_hal_tick.o
                0x0000000000009c56                lv_tick_get
 .text.lv_tick_elaps
                0x0000000000009c70       0x10 ./lvgl/src/lv_hal/lv_hal_tick.o
                0x0000000000009c70                lv_tick_elaps
 .text.lv_font_get_glyph_bitmap
                0x0000000000009c80        0xc ./lvgl/src/lv_font/lv_font.o
                0x0000000000009c80                lv_font_get_glyph_bitmap
 .text.lv_font_get_glyph_dsc
                0x0000000000009c8c        0xc ./lvgl/src/lv_font/lv_font.o
                0x0000000000009c8c                lv_font_get_glyph_dsc
 .text.lv_font_get_glyph_width
                0x0000000000009c98       0x20 ./lvgl/src/lv_font/lv_font.o
                0x0000000000009c98                lv_font_get_glyph_width
 .text.kern_pair_8_compare
                0x0000000000009cb8       0x1e ./lvgl/src/lv_font/lv_font_fmt_txt.o
 .text.kern_pair_16_compare
                0x0000000000009cd6       0x1e ./lvgl/src/lv_font/lv_font_fmt_txt.o
 .text.unicode_list_compare
                0x0000000000009cf4        0xc ./lvgl/src/lv_font/lv_font_fmt_txt.o
 .text.get_glyph_dsc_id
                0x0000000000009d00      0x134 ./lvgl/src/lv_font/lv_font_fmt_txt.o
 .text.lv_font_get_bitmap_fmt_txt
                0x0000000000009e34      0xd42 ./lvgl/src/lv_font/lv_font_fmt_txt.o
                0x0000000000009e34                lv_font_get_bitmap_fmt_txt
 .text.lv_font_get_glyph_dsc_fmt_txt
                0x000000000000ab76      0x186 ./lvgl/src/lv_font/lv_font_fmt_txt.o
                0x000000000000ab76                lv_font_get_glyph_dsc_fmt_txt
 .text._lv_font_clean_up_fmt_txt
                0x000000000000acfc       0x18 ./lvgl/src/lv_font/lv_font_fmt_txt.o
                0x000000000000acfc                _lv_font_clean_up_fmt_txt
 .text.color_blend_true_color_subtractive
                0x000000000000ad14      0x104 ./lvgl/src/lv_draw/lv_draw_blend.o
 .text.color_blend_true_color_additive
                0x000000000000ae18      0x110 ./lvgl/src/lv_draw/lv_draw_blend.o
 .text._lv_blend_fill
                0x000000000000af28      0xcf8 ./lvgl/src/lv_draw/lv_draw_blend.o
                0x000000000000af28                _lv_blend_fill
 .text._lv_blend_map
                0x000000000000bc20      0xcdc ./lvgl/src/lv_draw/lv_draw_blend.o
                0x000000000000bc20                _lv_blend_map
 .text.lv_draw_map
                0x000000000000c8fc      0x8a4 ./lvgl/src/lv_draw/lv_draw_img.o
 .text.show_error
                0x000000000000d1a0       0x3a ./lvgl/src/lv_draw/lv_draw_img.o
 .text.lv_draw_img_dsc_init
                0x000000000000d1da       0x2e ./lvgl/src/lv_draw/lv_draw_img.o
                0x000000000000d1da                lv_draw_img_dsc_init
 .text.lv_img_cf_get_px_size
                0x000000000000d208       0x3a ./lvgl/src/lv_draw/lv_draw_img.o
                0x000000000000d208                lv_img_cf_get_px_size
 .text.lv_img_cf_is_chroma_keyed
                0x000000000000d242       0x20 ./lvgl/src/lv_draw/lv_draw_img.o
                0x000000000000d242                lv_img_cf_is_chroma_keyed
 .text.lv_img_cf_has_alpha
                0x000000000000d262       0x22 ./lvgl/src/lv_draw/lv_draw_img.o
                0x000000000000d262                lv_img_cf_has_alpha
 .text.lv_draw_img
                0x000000000000d284      0x20a ./lvgl/src/lv_draw/lv_draw_img.o
                0x000000000000d284                lv_draw_img
 .text.lv_img_src_get_type
                0x000000000000d48e       0x24 ./lvgl/src/lv_draw/lv_draw_img.o
                0x000000000000d48e                lv_img_src_get_type
 .text.hex_char_to_num
                0x000000000000d4b2       0x60 ./lvgl/src/lv_draw/lv_draw_label.o
 .text.lv_draw_label_dsc_init
                0x000000000000d512       0x74 ./lvgl/src/lv_draw/lv_draw_label.o
                0x000000000000d512                lv_draw_label_dsc_init
 .text.lv_draw_label
                0x000000000000d586      0xe6e ./lvgl/src/lv_draw/lv_draw_label.o
                0x000000000000d586                lv_draw_label
 .text.lv_draw_line_dsc_init
                0x000000000000e3f4       0x20 ./lvgl/src/lv_draw/lv_draw_line.o
                0x000000000000e3f4                lv_draw_line_dsc_init
 .text.lv_draw_line
                0x000000000000e414      0x92c ./lvgl/src/lv_draw/lv_draw_line.o
                0x000000000000e414                lv_draw_line
 .text.lv_draw_mask_line
                0x000000000000ed40      0x64c ./lvgl/src/lv_draw/lv_draw_mask.o
 .text.lv_draw_mask_radius
                0x000000000000f38c      0x652 ./lvgl/src/lv_draw/lv_draw_mask.o
 .text.lv_draw_mask_add
                0x000000000000f9de       0x3a ./lvgl/src/lv_draw/lv_draw_mask.o
                0x000000000000f9de                lv_draw_mask_add
 .text.lv_draw_mask_apply
                0x000000000000fa18       0x48 ./lvgl/src/lv_draw/lv_draw_mask.o
                0x000000000000fa18                lv_draw_mask_apply
 .text.lv_draw_mask_remove_id
                0x000000000000fa60       0x1e ./lvgl/src/lv_draw/lv_draw_mask.o
                0x000000000000fa60                lv_draw_mask_remove_id
 .text.lv_draw_mask_remove_custom
                0x000000000000fa7e       0x28 ./lvgl/src/lv_draw/lv_draw_mask.o
                0x000000000000fa7e                lv_draw_mask_remove_custom
 .text.lv_draw_mask_get_cnt
                0x000000000000faa6       0x20 ./lvgl/src/lv_draw/lv_draw_mask.o
                0x000000000000faa6                lv_draw_mask_get_cnt
 .text.lv_draw_mask_line_points_init
                0x000000000000fac6      0x174 ./lvgl/src/lv_draw/lv_draw_mask.o
                0x000000000000fac6                lv_draw_mask_line_points_init
 .text.lv_draw_mask_radius_init
                0x000000000000fc3a       0x8c ./lvgl/src/lv_draw/lv_draw_mask.o
                0x000000000000fc3a                lv_draw_mask_radius_init
 .text.shadow_blur_corner
                0x000000000000fcc6      0x1f2 ./lvgl/src/lv_draw/lv_draw_rect.o
 .text.draw_full_border
                0x000000000000feb8      0x4ee ./lvgl/src/lv_draw/lv_draw_rect.o
 .text.lv_draw_rect_dsc_init
                0x00000000000103a6       0xb2 ./lvgl/src/lv_draw/lv_draw_rect.o
                0x00000000000103a6                lv_draw_rect_dsc_init
 .text.lv_draw_rect
                0x0000000000010458     0x1f18 ./lvgl/src/lv_draw/lv_draw_rect.o
                0x0000000000010458                lv_draw_rect
 .text.lv_img_buf_get_px_color
                0x0000000000012370      0x142 ./lvgl/src/lv_draw/lv_img_buf.o
                0x0000000000012370                lv_img_buf_get_px_color
 .text.lv_img_buf_get_px_alpha
                0x00000000000124b2      0x1ae ./lvgl/src/lv_draw/lv_img_buf.o
                0x00000000000124b2                lv_img_buf_get_px_alpha
 .text._lv_img_buf_transform_init
                0x0000000000012660      0x142 ./lvgl/src/lv_draw/lv_img_buf.o
                0x0000000000012660                _lv_img_buf_transform_init
 .text._lv_img_buf_get_transformed_area
                0x00000000000127a2      0x260 ./lvgl/src/lv_draw/lv_img_buf.o
                0x00000000000127a2                _lv_img_buf_get_transformed_area
 .text._lv_img_buf_transform_anti_alias
                0x0000000000012a02      0x574 ./lvgl/src/lv_draw/lv_img_buf.o
                0x0000000000012a02                _lv_img_buf_transform_anti_alias
 .text.lv_img_cache_match
                0x0000000000012f76       0x40 ./lvgl/src/lv_draw/lv_img_cache.o
 .text._lv_img_cache_open
                0x0000000000012fb6      0x130 ./lvgl/src/lv_draw/lv_img_cache.o
                0x0000000000012fb6                _lv_img_cache_open
 .text.lv_img_cache_invalidate_src
                0x00000000000130e6       0x5e ./lvgl/src/lv_draw/lv_img_cache.o
                0x00000000000130e6                lv_img_cache_invalidate_src
 .text.lv_img_cache_set_size
                0x0000000000013144       0x62 ./lvgl/src/lv_draw/lv_img_cache.o
                0x0000000000013144                lv_img_cache_set_size
 .text.lv_img_decoder_built_in_info
                0x00000000000131a6       0xee ./lvgl/src/lv_draw/lv_img_decoder.o
                0x00000000000131a6                lv_img_decoder_built_in_info
 .text.lv_img_decoder_built_in_close
                0x0000000000013294       0x3a ./lvgl/src/lv_draw/lv_img_decoder.o
                0x0000000000013294                lv_img_decoder_built_in_close
 .text.lv_img_decoder_built_in_open
                0x00000000000132ce      0x2b6 ./lvgl/src/lv_draw/lv_img_decoder.o
                0x00000000000132ce                lv_img_decoder_built_in_open
 .text.lv_img_decoder_built_in_read_line
                0x0000000000013584      0x464 ./lvgl/src/lv_draw/lv_img_decoder.o
                0x0000000000013584                lv_img_decoder_built_in_read_line
 .text.lv_img_decoder_get_info
                0x00000000000139e8       0x4c ./lvgl/src/lv_draw/lv_img_decoder.o
                0x00000000000139e8                lv_img_decoder_get_info
 .text.lv_img_decoder_open
                0x0000000000013a34       0xdc ./lvgl/src/lv_draw/lv_img_decoder.o
                0x0000000000013a34                lv_img_decoder_open
 .text.lv_img_decoder_read_line
                0x0000000000013b10       0x26 ./lvgl/src/lv_draw/lv_img_decoder.o
                0x0000000000013b10                lv_img_decoder_read_line
 .text.lv_img_decoder_close
                0x0000000000013b36       0x30 ./lvgl/src/lv_draw/lv_img_decoder.o
                0x0000000000013b36                lv_img_decoder_close
 .text.lv_img_decoder_create
                0x0000000000013b66       0x36 ./lvgl/src/lv_draw/lv_img_decoder.o
                0x0000000000013b66                lv_img_decoder_create
 .text._lv_img_decoder_init
                0x0000000000013b9c       0x5a ./lvgl/src/lv_draw/lv_img_decoder.o
                0x0000000000013b9c                _lv_img_decoder_init
 .text.lv_disp_get_scr_act
                0x0000000000013bf6       0x1c ./lvgl/src/lv_core/lv_disp.o
                0x0000000000013bf6                lv_disp_get_scr_act
 .text.lv_disp_get_scr_prev
                0x0000000000013c12       0x1c ./lvgl/src/lv_core/lv_disp.o
                0x0000000000013c12                lv_disp_get_scr_prev
 .text.lv_disp_get_layer_top
                0x0000000000013c2e       0x1c ./lvgl/src/lv_core/lv_disp.o
                0x0000000000013c2e                lv_disp_get_layer_top
 .text.lv_disp_get_layer_sys
                0x0000000000013c4a       0x1c ./lvgl/src/lv_core/lv_disp.o
                0x0000000000013c4a                lv_disp_get_layer_sys
 .text.obj_to_foreground
                0x0000000000013c66       0x2c ./lvgl/src/lv_core/lv_group.o
 .text.focus_next_core
                0x0000000000013c92       0xe0 ./lvgl/src/lv_core/lv_group.o
 .text._lv_group_init
                0x0000000000013d72       0x12 ./lvgl/src/lv_core/lv_group.o
                0x0000000000013d72                _lv_group_init
 .text.lv_group_focus_next
                0x0000000000013d84       0x1c ./lvgl/src/lv_core/lv_group.o
                0x0000000000013d84                lv_group_focus_next
 .text.lv_group_focus_prev
                0x0000000000013da0       0x1c ./lvgl/src/lv_core/lv_group.o
                0x0000000000013da0                lv_group_focus_prev
 .text.lv_group_refocus
                0x0000000000013dbc       0x3a ./lvgl/src/lv_core/lv_group.o
 .text.lv_group_add_obj
                0x0000000000013df6       0x7e ./lvgl/src/lv_core/lv_group.o
                0x0000000000013df6                lv_group_add_obj
 .text.lv_group_remove_obj
                0x0000000000013e74       0xa2 ./lvgl/src/lv_core/lv_group.o
                0x0000000000013e74                lv_group_remove_obj
 .text.lv_group_get_focused
                0x0000000000013f16       0x12 ./lvgl/src/lv_core/lv_group.o
                0x0000000000013f16                lv_group_get_focused
 .text.lv_group_send_data
                0x0000000000013f28       0x34 ./lvgl/src/lv_core/lv_group.o
                0x0000000000013f28                lv_group_send_data
 .text.lv_group_set_editing
                0x0000000000013f5c       0x52 ./lvgl/src/lv_core/lv_group.o
                0x0000000000013f5c                lv_group_set_editing
 .text.lv_group_focus_obj
                0x0000000000013fae       0xc6 ./lvgl/src/lv_core/lv_group.o
                0x0000000000013fae                lv_group_focus_obj
 .text.lv_group_get_editing
                0x0000000000014074       0x10 ./lvgl/src/lv_core/lv_group.o
                0x0000000000014074                lv_group_get_editing
 .text.indev_proc_reset_query_handler
                0x0000000000014084       0x52 ./lvgl/src/lv_core/lv_indev.o
 .text.indev_reset_check
                0x00000000000140d6       0x14 ./lvgl/src/lv_core/lv_indev.o
 .text.get_dragged_obj
                0x00000000000140ea       0x22 ./lvgl/src/lv_core/lv_indev.o
 .text.indev_drag_throw
                0x000000000001410c      0x1b2 ./lvgl/src/lv_core/lv_indev.o
 .text.indev_proc_release
                0x00000000000142be      0x17e ./lvgl/src/lv_core/lv_indev.o
 .text.lv_indev_get_act
                0x000000000001443c        0x6 ./lvgl/src/lv_core/lv_indev.o
                0x000000000001443c                lv_indev_get_act
 .text.lv_indev_reset
                0x0000000000014442       0xb2 ./lvgl/src/lv_core/lv_indev.o
                0x0000000000014442                lv_indev_reset
 .text._lv_indev_init
                0x00000000000144f4       0x10 ./lvgl/src/lv_core/lv_indev.o
                0x00000000000144f4                _lv_indev_init
 .text.lv_indev_get_point
                0x0000000000014504       0x38 ./lvgl/src/lv_core/lv_indev.o
                0x0000000000014504                lv_indev_get_point
 .text.lv_indev_get_obj_act
                0x000000000001453c        0x6 ./lvgl/src/lv_core/lv_indev.o
                0x000000000001453c                lv_indev_get_obj_act
 .text.lv_indev_search_obj
                0x0000000000014542       0x98 ./lvgl/src/lv_core/lv_indev.o
                0x0000000000014542                lv_indev_search_obj
 .text.indev_proc_press
                0x00000000000145da      0x88c ./lvgl/src/lv_core/lv_indev.o
 .text._lv_indev_read_task
                0x0000000000014e66      0x8bc ./lvgl/src/lv_core/lv_indev.o
                0x0000000000014e66                _lv_indev_read_task
 .text.style_prop_is_cacheble
                0x0000000000015722      0x150 ./lvgl/src/lv_core/lv_obj.o
 .text.refresh_children_position
                0x0000000000015872       0x64 ./lvgl/src/lv_core/lv_obj.o
 .text.lv_init  0x00000000000158d6       0x9a ./lvgl/src/lv_core/lv_obj.o
                0x00000000000158d6                lv_init
 .text.lv_obj_set_click
                0x0000000000015970       0x34 ./lvgl/src/lv_core/lv_obj.o
                0x0000000000015970                lv_obj_set_click
 .text.lv_obj_set_event_cb
                0x00000000000159a4       0x26 ./lvgl/src/lv_core/lv_obj.o
                0x00000000000159a4                lv_obj_set_event_cb
 .text.lv_event_send_func
                0x00000000000159ca       0x9c ./lvgl/src/lv_core/lv_obj.o
                0x00000000000159ca                lv_event_send_func
 .text.lv_event_send
                0x0000000000015a66       0x38 ./lvgl/src/lv_core/lv_obj.o
                0x0000000000015a66                lv_event_send
 .text.lv_obj_set_signal_cb
                0x0000000000015a9e       0x26 ./lvgl/src/lv_core/lv_obj.o
                0x0000000000015a9e                lv_obj_set_signal_cb
 .text.lv_signal_send
                0x0000000000015ac4       0x1c ./lvgl/src/lv_core/lv_obj.o
                0x0000000000015ac4                lv_signal_send
 .text.lv_obj_set_design_cb
                0x0000000000015ae0       0x26 ./lvgl/src/lv_core/lv_obj.o
                0x0000000000015ae0                lv_obj_set_design_cb
 .text.lv_obj_allocate_ext_attr
                0x0000000000015b06       0x30 ./lvgl/src/lv_core/lv_obj.o
                0x0000000000015b06                lv_obj_allocate_ext_attr
 .text.lv_obj_refresh_ext_draw_pad
                0x0000000000015b36       0x30 ./lvgl/src/lv_core/lv_obj.o
                0x0000000000015b36                lv_obj_refresh_ext_draw_pad
 .text.lv_obj_get_parent
                0x0000000000015b66       0x24 ./lvgl/src/lv_core/lv_obj.o
                0x0000000000015b66                lv_obj_get_parent
 .text.lv_obj_get_screen
                0x0000000000015b8a       0x2e ./lvgl/src/lv_core/lv_obj.o
                0x0000000000015b8a                lv_obj_get_screen
 .text.lv_obj_get_disp
                0x0000000000015bb8       0x6a ./lvgl/src/lv_core/lv_obj.o
                0x0000000000015bb8                lv_obj_get_disp
 .text.lv_obj_get_child
                0x0000000000015c22       0x3a ./lvgl/src/lv_core/lv_obj.o
                0x0000000000015c22                lv_obj_get_child
 .text.lv_obj_get_coords
                0x0000000000015c5c       0x3c ./lvgl/src/lv_core/lv_obj.o
                0x0000000000015c5c                lv_obj_get_coords
 .text.lv_obj_get_x
                0x0000000000015c98       0x40 ./lvgl/src/lv_core/lv_obj.o
                0x0000000000015c98                lv_obj_get_x
 .text.lv_obj_get_y
                0x0000000000015cd8       0x40 ./lvgl/src/lv_core/lv_obj.o
                0x0000000000015cd8                lv_obj_get_y
 .text.lv_obj_get_width
                0x0000000000015d18       0x32 ./lvgl/src/lv_core/lv_obj.o
                0x0000000000015d18                lv_obj_get_width
 .text.lv_obj_get_height
                0x0000000000015d4a       0x32 ./lvgl/src/lv_core/lv_obj.o
                0x0000000000015d4a                lv_obj_get_height
 .text.lv_obj_get_style_list
                0x0000000000015d7c       0x30 ./lvgl/src/lv_core/lv_obj.o
                0x0000000000015d7c                lv_obj_get_style_list
 .text.trans_del
                0x0000000000015dac       0x84 ./lvgl/src/lv_core/lv_obj.o
 .text.lv_obj_clean_style_list
                0x0000000000015e30       0x24 ./lvgl/src/lv_core/lv_obj.o
                0x0000000000015e30                lv_obj_clean_style_list
 .text._lv_obj_disable_style_caching
                0x0000000000015e54       0x72 ./lvgl/src/lv_core/lv_obj.o
                0x0000000000015e54                _lv_obj_disable_style_caching
 .text.trans_anim_ready_cb
                0x0000000000015ec6       0x78 ./lvgl/src/lv_core/lv_obj.o
 .text.lv_obj_get_hidden
                0x0000000000015f3e       0x2a ./lvgl/src/lv_core/lv_obj.o
                0x0000000000015f3e                lv_obj_get_hidden
 .text.lv_obj_area_is_visible
                0x0000000000015f68       0xde ./lvgl/src/lv_core/lv_obj.o
                0x0000000000015f68                lv_obj_area_is_visible
 .text.lv_obj_invalidate_area
                0x0000000000016046       0x56 ./lvgl/src/lv_core/lv_obj.o
                0x0000000000016046                lv_obj_invalidate_area
 .text.lv_obj_invalidate
                0x000000000001609c       0x78 ./lvgl/src/lv_core/lv_obj.o
                0x000000000001609c                lv_obj_invalidate
 .text.lv_obj_move_foreground
                0x0000000000016114       0x5a ./lvgl/src/lv_core/lv_obj.o
                0x0000000000016114                lv_obj_move_foreground
 .text.lv_obj_set_pos
                0x000000000001616e       0xd6 ./lvgl/src/lv_core/lv_obj.o
                0x000000000001616e                lv_obj_set_pos
 .text.lv_obj_set_x
                0x0000000000016244       0x34 ./lvgl/src/lv_core/lv_obj.o
                0x0000000000016244                lv_obj_set_x
 .text.lv_obj_set_y
                0x0000000000016278       0x34 ./lvgl/src/lv_core/lv_obj.o
                0x0000000000016278                lv_obj_set_y
 .text.obj_align_core
                0x00000000000162ac       0x7c ./lvgl/src/lv_core/lv_obj.o
 .text.lv_obj_align
                0x0000000000016328       0x7a ./lvgl/src/lv_core/lv_obj.o
                0x0000000000016328                lv_obj_align
 .text.obj_align_mid_core
                0x00000000000163a2      0x3de ./lvgl/src/lv_core/lv_obj.o
 .text.lv_obj_align_mid
                0x0000000000016780       0x7c ./lvgl/src/lv_core/lv_obj.o
                0x0000000000016780                lv_obj_align_mid
 .text.lv_obj_realign
                0x00000000000167fc       0x54 ./lvgl/src/lv_core/lv_obj.o
                0x00000000000167fc                lv_obj_realign
 .text.refresh_children_style
                0x0000000000016850       0x3a ./lvgl/src/lv_core/lv_obj.o
 .text.lv_obj_get_click
                0x000000000001688a       0x28 ./lvgl/src/lv_core/lv_obj.o
                0x000000000001688a                lv_obj_get_click
 .text.lv_obj_get_drag
                0x00000000000168b2       0x2a ./lvgl/src/lv_core/lv_obj.o
                0x00000000000168b2                lv_obj_get_drag
 .text.lv_obj_get_drag_dir
                0x00000000000168dc       0x28 ./lvgl/src/lv_core/lv_obj.o
                0x00000000000168dc                lv_obj_get_drag_dir
 .text.lv_obj_get_drag_throw
                0x0000000000016904       0x2a ./lvgl/src/lv_core/lv_obj.o
                0x0000000000016904                lv_obj_get_drag_throw
 .text.lv_obj_get_drag_parent
                0x000000000001692e        0xa ./lvgl/src/lv_core/lv_obj.o
                0x000000000001692e                lv_obj_get_drag_parent
 .text.lv_obj_get_gesture_parent
                0x0000000000016938        0xa ./lvgl/src/lv_core/lv_obj.o
                0x0000000000016938                lv_obj_get_gesture_parent
 .text.lv_obj_get_base_dir
                0x0000000000016942       0x24 ./lvgl/src/lv_core/lv_obj.o
                0x0000000000016942                lv_obj_get_base_dir
 .text.lv_obj_create
                0x0000000000016966      0x418 ./lvgl/src/lv_core/lv_obj.o
                0x0000000000016966                lv_obj_create
 .text.lv_obj_set_size
                0x0000000000016d7e       0xd8 ./lvgl/src/lv_core/lv_obj.o
                0x0000000000016d7e                lv_obj_set_size
 .text.lv_obj_is_protected
                0x0000000000016e56       0x2e ./lvgl/src/lv_core/lv_obj.o
                0x0000000000016e56                lv_obj_is_protected
 .text.lv_obj_get_state
                0x0000000000016e84       0x4c ./lvgl/src/lv_core/lv_obj.o
                0x0000000000016e84                lv_obj_get_state
 .text._lv_obj_get_style_color
                0x0000000000016ed0       0x86 ./lvgl/src/lv_core/lv_obj.o
                0x0000000000016ed0                _lv_obj_get_style_color
 .text._lv_obj_get_style_int
                0x0000000000016f56      0x25c ./lvgl/src/lv_core/lv_obj.o
                0x0000000000016f56                _lv_obj_get_style_int
 .text.update_style_cache
                0x00000000000171b2      0x41a ./lvgl/src/lv_core/lv_obj.o
 .text._lv_obj_get_style_opa
                0x00000000000175cc      0x118 ./lvgl/src/lv_core/lv_obj.o
                0x00000000000175cc                _lv_obj_get_style_opa
 .text._lv_obj_get_style_ptr
                0x00000000000176e4      0x10a ./lvgl/src/lv_core/lv_obj.o
                0x00000000000176e4                _lv_obj_get_style_ptr
 .text.update_style_cache_children
                0x00000000000177ee      0x152 ./lvgl/src/lv_core/lv_obj.o
 .text.invalidate_style_cache
                0x0000000000017940       0x76 ./lvgl/src/lv_core/lv_obj.o
 .text.lv_obj_refresh_style
                0x00000000000179b6      0x13e ./lvgl/src/lv_core/lv_obj.o
                0x00000000000179b6                lv_obj_refresh_style
 .text.lv_obj_reset_style_list
                0x0000000000017af4       0x1c ./lvgl/src/lv_core/lv_obj.o
                0x0000000000017af4                lv_obj_reset_style_list
 .text._lv_obj_set_style_local_ptr
                0x0000000000017b10       0x38 ./lvgl/src/lv_core/lv_obj.o
                0x0000000000017b10                _lv_obj_set_style_local_ptr
 .text.report_style_mod_core
                0x0000000000017b48       0xa4 ./lvgl/src/lv_core/lv_obj.o
 .text.lv_obj_report_style_mod
                0x0000000000017bec       0x42 ./lvgl/src/lv_core/lv_obj.o
                0x0000000000017bec                lv_obj_report_style_mod
 .text.trans_anim_cb
                0x0000000000017c2e      0x188 ./lvgl/src/lv_core/lv_obj.o
 .text.trans_anim_start_cb
                0x0000000000017db6       0x7e ./lvgl/src/lv_core/lv_obj.o
 .text.lv_obj_get_signal_cb
                0x0000000000017e34       0x24 ./lvgl/src/lv_core/lv_obj.o
                0x0000000000017e34                lv_obj_get_signal_cb
 .text.lv_obj_get_design_cb
                0x0000000000017e58       0x24 ./lvgl/src/lv_core/lv_obj.o
                0x0000000000017e58                lv_obj_get_design_cb
 .text.lv_obj_get_ext_attr
                0x0000000000017e7c       0x24 ./lvgl/src/lv_core/lv_obj.o
                0x0000000000017e7c                lv_obj_get_ext_attr
 .text.lv_obj_get_group
                0x0000000000017ea0       0x24 ./lvgl/src/lv_core/lv_obj.o
                0x0000000000017ea0                lv_obj_get_group
 .text.obj_del_core
                0x0000000000017ec4       0xf2 ./lvgl/src/lv_core/lv_obj.o
 .text.lv_obj_del
                0x0000000000017fb6       0x62 ./lvgl/src/lv_core/lv_obj.o
                0x0000000000017fb6                lv_obj_del
 .text.lv_obj_is_focused
                0x0000000000018018       0x34 ./lvgl/src/lv_core/lv_obj.o
                0x0000000000018018                lv_obj_is_focused
 .text.lv_obj_is_point_on_coords
                0x000000000001804c       0x44 ./lvgl/src/lv_core/lv_obj.o
                0x000000000001804c                lv_obj_is_point_on_coords
 .text.lv_obj_hittest
                0x0000000000018090       0x30 ./lvgl/src/lv_core/lv_obj.o
                0x0000000000018090                lv_obj_hittest
 .text.lv_obj_handle_get_type_signal
                0x00000000000180c0       0x2a ./lvgl/src/lv_core/lv_obj.o
                0x00000000000180c0                lv_obj_handle_get_type_signal
 .text.lv_obj_init_draw_rect_dsc
                0x00000000000180ea      0x3fe ./lvgl/src/lv_core/lv_obj.o
                0x00000000000180ea                lv_obj_init_draw_rect_dsc
 .text.lv_obj_design
                0x00000000000184e8      0x2d8 ./lvgl/src/lv_core/lv_obj.o
 .text.lv_obj_init_draw_label_dsc
                0x00000000000187c0       0xe8 ./lvgl/src/lv_core/lv_obj.o
                0x00000000000187c0                lv_obj_init_draw_label_dsc
 .text.lv_obj_init_draw_img_dsc
                0x00000000000188a8       0xd2 ./lvgl/src/lv_core/lv_obj.o
                0x00000000000188a8                lv_obj_init_draw_img_dsc
 .text.lv_obj_init_draw_line_dsc
                0x000000000001897a       0xd8 ./lvgl/src/lv_core/lv_obj.o
                0x000000000001897a                lv_obj_init_draw_line_dsc
 .text.style_snapshot
                0x0000000000018a52      0x212 ./lvgl/src/lv_core/lv_obj.o
 .text.lv_obj_set_state
                0x0000000000018c64      0x6de ./lvgl/src/lv_core/lv_obj.o
                0x0000000000018c64                lv_obj_set_state
 .text.lv_obj_add_state
                0x0000000000019342       0x38 ./lvgl/src/lv_core/lv_obj.o
                0x0000000000019342                lv_obj_add_state
 .text.lv_obj_clear_state
                0x000000000001937a       0x3a ./lvgl/src/lv_core/lv_obj.o
                0x000000000001937a                lv_obj_clear_state
 .text.lv_obj_get_draw_rect_ext_pad_size
                0x00000000000193b4      0x24e ./lvgl/src/lv_core/lv_obj.o
                0x00000000000193b4                lv_obj_get_draw_rect_ext_pad_size
 .text.lv_obj_get_focused_obj
                0x0000000000019602       0x28 ./lvgl/src/lv_core/lv_obj.o
                0x0000000000019602                lv_obj_get_focused_obj
 .text.lv_obj_signal
                0x000000000001962a      0x122 ./lvgl/src/lv_core/lv_obj.o
 .text.lv_refr_get_top_obj
                0x000000000001974c       0x94 ./lvgl/src/lv_core/lv_refr.o
 .text.lv_refr_obj
                0x00000000000197e0       0xee ./lvgl/src/lv_core/lv_refr.o
 .text.lv_refr_obj_and_children
                0x00000000000198ce       0x6e ./lvgl/src/lv_core/lv_refr.o
 .text.lv_refr_vdb_flush
                0x000000000001993c      0x4c8 ./lvgl/src/lv_core/lv_refr.o
 .text.lv_refr_area_part
                0x0000000000019e04      0x142 ./lvgl/src/lv_core/lv_refr.o
 .text._lv_refr_init
                0x0000000000019f46        0x2 ./lvgl/src/lv_core/lv_refr.o
                0x0000000000019f46                _lv_refr_init
 .text._lv_inv_area
                0x0000000000019f48      0x100 ./lvgl/src/lv_core/lv_refr.o
                0x0000000000019f48                _lv_inv_area
 .text._lv_refr_get_disp_refreshing
                0x000000000001a048        0x6 ./lvgl/src/lv_core/lv_refr.o
                0x000000000001a048                _lv_refr_get_disp_refreshing
 .text._lv_disp_refr_task
                0x000000000001a04e      0x520 ./lvgl/src/lv_core/lv_refr.o
                0x000000000001a04e                _lv_disp_refr_task
 .text.lv_style_init
                0x000000000001a56e        0xe ./lvgl/src/lv_core/lv_style.o
                0x000000000001a56e                lv_style_init
 .text.lv_style_list_init
                0x000000000001a57c        0xe ./lvgl/src/lv_core/lv_style.o
                0x000000000001a57c                lv_style_list_init
 .text._lv_style_list_remove_style
                0x000000000001a58a       0xda ./lvgl/src/lv_core/lv_style.o
                0x000000000001a58a                _lv_style_list_remove_style
 .text._lv_style_list_add_style
                0x000000000001a664       0xb4 ./lvgl/src/lv_core/lv_style.o
                0x000000000001a664                _lv_style_list_add_style
 .text.get_alloc_local_style
                0x000000000001a718       0x82 ./lvgl/src/lv_core/lv_style.o
 .text.lv_style_reset
                0x000000000001a79a       0x16 ./lvgl/src/lv_core/lv_style.o
                0x000000000001a79a                lv_style_reset
 .text._lv_style_get_mem_size
                0x000000000001a7b0       0x5e ./lvgl/src/lv_core/lv_style.o
                0x000000000001a7b0                _lv_style_get_mem_size
 .text.lv_style_copy
                0x000000000001a80e       0x2a ./lvgl/src/lv_core/lv_style.o
                0x000000000001a80e                lv_style_copy
 .text.lv_style_remove_prop
                0x000000000001a838      0x140 ./lvgl/src/lv_core/lv_style.o
                0x000000000001a838                lv_style_remove_prop
 .text._lv_style_set_int
                0x000000000001a978      0x168 ./lvgl/src/lv_core/lv_style.o
                0x000000000001a978                _lv_style_set_int
 .text._lv_style_set_color
                0x000000000001aae0      0x168 ./lvgl/src/lv_core/lv_style.o
                0x000000000001aae0                _lv_style_set_color
 .text._lv_style_set_opa
                0x000000000001ac48      0x14c ./lvgl/src/lv_core/lv_style.o
                0x000000000001ac48                _lv_style_set_opa
 .text._lv_style_set_ptr
                0x000000000001ad94      0x172 ./lvgl/src/lv_core/lv_style.o
                0x000000000001ad94                _lv_style_set_ptr
 .text._lv_style_get_int
                0x000000000001af06       0xfc ./lvgl/src/lv_core/lv_style.o
                0x000000000001af06                _lv_style_get_int
 .text._lv_style_get_opa
                0x000000000001b002       0xf0 ./lvgl/src/lv_core/lv_style.o
                0x000000000001b002                _lv_style_get_opa
 .text._lv_style_get_color
                0x000000000001b0f2       0xfc ./lvgl/src/lv_core/lv_style.o
                0x000000000001b0f2                _lv_style_get_color
 .text._lv_style_get_ptr
                0x000000000001b1ee       0xfe ./lvgl/src/lv_core/lv_style.o
                0x000000000001b1ee                _lv_style_get_ptr
 .text.lv_style_list_get_local_style
                0x000000000001b2ec       0x1e ./lvgl/src/lv_core/lv_style.o
                0x000000000001b2ec                lv_style_list_get_local_style
 .text._lv_style_list_get_transition_style
                0x000000000001b30a       0x12 ./lvgl/src/lv_core/lv_style.o
                0x000000000001b30a                _lv_style_list_get_transition_style
 .text._lv_style_list_reset
                0x000000000001b31c       0x60 ./lvgl/src/lv_core/lv_style.o
                0x000000000001b31c                _lv_style_list_reset
 .text.lv_style_list_copy
                0x000000000001b37c      0x11e ./lvgl/src/lv_core/lv_style.o
                0x000000000001b37c                lv_style_list_copy
 .text._lv_style_list_add_trans_style
                0x000000000001b49a       0x66 ./lvgl/src/lv_core/lv_style.o
                0x000000000001b49a                _lv_style_list_add_trans_style
 .text._lv_style_list_set_local_ptr
                0x000000000001b500       0x18 ./lvgl/src/lv_core/lv_style.o
                0x000000000001b500                _lv_style_list_set_local_ptr
 .text._lv_style_list_get_int
                0x000000000001b518       0xd0 ./lvgl/src/lv_core/lv_style.o
                0x000000000001b518                _lv_style_list_get_int
 .text._lv_style_list_get_color
                0x000000000001b5e8       0xce ./lvgl/src/lv_core/lv_style.o
                0x000000000001b5e8                _lv_style_list_get_color
 .text._lv_style_list_get_opa
                0x000000000001b6b6       0xd0 ./lvgl/src/lv_core/lv_style.o
                0x000000000001b6b6                _lv_style_list_get_opa
 .text._lv_style_list_get_ptr
                0x000000000001b786       0xc4 ./lvgl/src/lv_core/lv_style.o
                0x000000000001b786                _lv_style_list_get_ptr
 .text.NMI_Handler
                0x000000000001b84a        0x4 ./User/ch32v30x_it.o
                0x000000000001b84a                NMI_Handler
 .text.HardFault_Handler
                0x000000000001b84e        0x2 ./User/ch32v30x_it.o
                0x000000000001b84e                HardFault_Handler
 .text.RESET_L  0x000000000001b850       0x18 ./User/ili9341.o
                0x000000000001b850                RESET_L
 .text.RESET_H  0x000000000001b868       0x18 ./User/ili9341.o
                0x000000000001b868                RESET_H
 .text.CS_L     0x000000000001b880       0x18 ./User/ili9341.o
                0x000000000001b880                CS_L
 .text.DC_L     0x000000000001b898       0x18 ./User/ili9341.o
                0x000000000001b898                DC_L
 .text.ILI9341_SoftReset
                0x000000000001b8b0       0x24 ./User/ili9341.o
                0x000000000001b8b0                ILI9341_SoftReset
 .text.LCD_WR_REG
                0x000000000001b8d4       0x26 ./User/ili9341.o
                0x000000000001b8d4                LCD_WR_REG
 .text.DC_H     0x000000000001b8fa       0x18 ./User/ili9341.o
                0x000000000001b8fa                DC_H
 .text.LCD_WR_DATA
                0x000000000001b912       0x26 ./User/ili9341.o
                0x000000000001b912                LCD_WR_DATA
 .text.ILI9341_SetWindow
                0x000000000001b938       0x60 ./User/ili9341.o
                0x000000000001b938                ILI9341_SetWindow
 .text.ILI9341_WritePixel
                0x000000000001b998       0x2a ./User/ili9341.o
                0x000000000001b998                ILI9341_WritePixel
 .text.LCD_direction
                0x000000000001b9c2       0x64 ./User/ili9341.o
                0x000000000001b9c2                LCD_direction
 .text.ILI9341_FillRect
                0x000000000001ba26       0xa2 ./User/ili9341.o
                0x000000000001ba26                ILI9341_FillRect
 .text.ILI9341_FillScreen
                0x000000000001bac8       0x1a ./User/ili9341.o
                0x000000000001bac8                ILI9341_FillScreen
 .text.ILI9341_WriteData
                0x000000000001bae2       0x34 ./User/ili9341.o
                0x000000000001bae2                ILI9341_WriteData
 .text.my_flush_cb
                0x000000000001bb16       0xd8 ./User/ili9341.o
 .text.ILI9341_WriteChar
                0x000000000001bbee       0xaa ./User/ili9341.o
                0x000000000001bbee                ILI9341_WriteChar
 .text.ILI9341_WriteString
                0x000000000001bc98       0x78 ./User/ili9341.o
                0x000000000001bc98                ILI9341_WriteString
 .text.LED_H    0x000000000001bd10       0x18 ./User/ili9341.o
                0x000000000001bd10                LED_H
 .text.ILI9341_Reset
                0x000000000001bd28       0x28 ./User/ili9341.o
                0x000000000001bd28                ILI9341_Reset
 .text.ILI9341_Init
                0x000000000001bd50      0x274 ./User/ili9341.o
                0x000000000001bd50                ILI9341_Init
 .text.my_tft_init
                0x000000000001bfc4       0x4e ./User/ili9341.o
                0x000000000001bfc4                my_tft_init
 .text.event_handler
                0x000000000001c012       0x30 ./User/main.o
 .text.lv_ex_calendar_1
                0x000000000001c042       0xbc ./User/main.o
                0x000000000001c042                lv_ex_calendar_1
 .text.MCU_INIT
                0x000000000001c0fe      0x18e ./User/main.o
                0x000000000001c0fe                MCU_INIT
 .text.main     0x000000000001c28c       0xac ./User/main.o
                0x000000000001c28c                main
 .text.SystemInit
                0x000000000001c338      0x104 ./User/system_ch32v30x.o
                0x000000000001c338                SystemInit
 .text.SystemCoreClockUpdate
                0x000000000001c43c      0x118 ./User/system_ch32v30x.o
                0x000000000001c43c                SystemCoreClockUpdate
 .text.touchpad_read
                0x000000000001c554       0x66 ./User/touchpad.o
 .text.touchpad_init
                0x000000000001c5ba       0x32 ./User/touchpad.o
                0x000000000001c5ba                touchpad_init
 .text.SendReceive_Byte
                0x000000000001c5ec       0x1c ./User/xpt2046.o
 .text.XPT2046_Select
                0x000000000001c608       0x16 ./User/xpt2046.o
                0x000000000001c608                XPT2046_Select
 .text.XPT2046_Deselect
                0x000000000001c61e       0x16 ./User/xpt2046.o
                0x000000000001c61e                XPT2046_Deselect
 .text.XPT2046_Irq_Read
                0x000000000001c634       0x14 ./User/xpt2046.o
                0x000000000001c634                XPT2046_Irq_Read
 .text.XPT2046_Init
                0x000000000001c648       0x78 ./User/xpt2046.o
                0x000000000001c648                XPT2046_Init
 .text.XPT2046_Get_Value
                0x000000000001c6c0       0x4a ./User/xpt2046.o
                0x000000000001c6c0                XPT2046_Get_Value
 .text.XPT2046_Get_Touch_XY
                0x000000000001c70a       0x78 ./User/xpt2046.o
                0x000000000001c70a                XPT2046_Get_Touch_XY
 .text.XPT2046_Corr
                0x000000000001c782       0xf4 ./User/xpt2046.o
                0x000000000001c782                XPT2046_Corr
 .text.vector_handler
                0x000000000001c876       0xbe ./Startup/startup_ch32v30x_D8C.o
                0x000000000001c87a                Ecall_M_Mode_Handler
                0x000000000001c87c                Ecall_U_Mode_Handler
                0x000000000001c87e                Break_Point_Handler
                0x000000000001c882                SW_Handler
                0x000000000001c884                WWDG_IRQHandler
                0x000000000001c886                PVD_IRQHandler
                0x000000000001c888                TAMPER_IRQHandler
                0x000000000001c88a                RTC_IRQHandler
                0x000000000001c88c                FLASH_IRQHandler
                0x000000000001c88e                RCC_IRQHandler
                0x000000000001c890                EXTI0_IRQHandler
                0x000000000001c892                EXTI1_IRQHandler
                0x000000000001c894                EXTI2_IRQHandler
                0x000000000001c896                EXTI3_IRQHandler
                0x000000000001c898                EXTI4_IRQHandler
                0x000000000001c89a                DMA1_Channel1_IRQHandler
                0x000000000001c89c                DMA1_Channel2_IRQHandler
                0x000000000001c89e                DMA1_Channel3_IRQHandler
                0x000000000001c8a0                DMA1_Channel4_IRQHandler
                0x000000000001c8a2                DMA1_Channel5_IRQHandler
                0x000000000001c8a4                DMA1_Channel6_IRQHandler
                0x000000000001c8a6                DMA1_Channel7_IRQHandler
                0x000000000001c8a8                ADC1_2_IRQHandler
                0x000000000001c8aa                USB_HP_CAN1_TX_IRQHandler
                0x000000000001c8ac                USB_LP_CAN1_RX0_IRQHandler
                0x000000000001c8ae                CAN1_RX1_IRQHandler
                0x000000000001c8b0                CAN1_SCE_IRQHandler
                0x000000000001c8b2                EXTI9_5_IRQHandler
                0x000000000001c8b4                TIM1_BRK_IRQHandler
                0x000000000001c8b6                TIM1_UP_IRQHandler
                0x000000000001c8b8                TIM1_TRG_COM_IRQHandler
                0x000000000001c8ba                TIM1_CC_IRQHandler
                0x000000000001c8bc                TIM2_IRQHandler
                0x000000000001c8be                TIM3_IRQHandler
                0x000000000001c8c0                TIM4_IRQHandler
                0x000000000001c8c2                I2C1_EV_IRQHandler
                0x000000000001c8c4                I2C1_ER_IRQHandler
                0x000000000001c8c6                I2C2_EV_IRQHandler
                0x000000000001c8c8                I2C2_ER_IRQHandler
                0x000000000001c8ca                SPI1_IRQHandler
                0x000000000001c8cc                SPI2_IRQHandler
                0x000000000001c8ce                USART1_IRQHandler
                0x000000000001c8d0                USART2_IRQHandler
                0x000000000001c8d2                USART3_IRQHandler
                0x000000000001c8d4                EXTI15_10_IRQHandler
                0x000000000001c8d6                RTCAlarm_IRQHandler
                0x000000000001c8d8                USBWakeUp_IRQHandler
                0x000000000001c8da                TIM8_BRK_IRQHandler
                0x000000000001c8dc                TIM8_UP_IRQHandler
                0x000000000001c8de                TIM8_TRG_COM_IRQHandler
                0x000000000001c8e0                TIM8_CC_IRQHandler
                0x000000000001c8e2                RNG_IRQHandler
                0x000000000001c8e4                FSMC_IRQHandler
                0x000000000001c8e6                SDIO_IRQHandler
                0x000000000001c8e8                TIM5_IRQHandler
                0x000000000001c8ea                SPI3_IRQHandler
                0x000000000001c8ec                UART4_IRQHandler
                0x000000000001c8ee                UART5_IRQHandler
                0x000000000001c8f0                TIM6_IRQHandler
                0x000000000001c8f2                TIM7_IRQHandler
                0x000000000001c8f4                DMA2_Channel1_IRQHandler
                0x000000000001c8f6                DMA2_Channel2_IRQHandler
                0x000000000001c8f8                DMA2_Channel3_IRQHandler
                0x000000000001c8fa                DMA2_Channel4_IRQHandler
                0x000000000001c8fc                DMA2_Channel5_IRQHandler
                0x000000000001c8fe                ETH_IRQHandler
                0x000000000001c900                ETH_WKUP_IRQHandler
                0x000000000001c902                CAN2_TX_IRQHandler
                0x000000000001c904                CAN2_RX0_IRQHandler
                0x000000000001c906                CAN2_RX1_IRQHandler
                0x000000000001c908                CAN2_SCE_IRQHandler
                0x000000000001c90a                OTG_FS_IRQHandler
                0x000000000001c90c                USBHSWakeup_IRQHandler
                0x000000000001c90e                USBHS_IRQHandler
                0x000000000001c910                DVP_IRQHandler
                0x000000000001c912                UART6_IRQHandler
                0x000000000001c914                UART7_IRQHandler
                0x000000000001c916                UART8_IRQHandler
                0x000000000001c918                TIM9_BRK_IRQHandler
                0x000000000001c91a                TIM9_UP_IRQHandler
                0x000000000001c91c                TIM9_TRG_COM_IRQHandler
                0x000000000001c91e                TIM9_CC_IRQHandler
                0x000000000001c920                TIM10_BRK_IRQHandler
                0x000000000001c922                TIM10_UP_IRQHandler
                0x000000000001c924                TIM10_TRG_COM_IRQHandler
                0x000000000001c926                TIM10_CC_IRQHandler
                0x000000000001c928                DMA2_Channel6_IRQHandler
                0x000000000001c92a                DMA2_Channel7_IRQHandler
                0x000000000001c92c                DMA2_Channel8_IRQHandler
                0x000000000001c92e                DMA2_Channel9_IRQHandler
                0x000000000001c930                DMA2_Channel10_IRQHandler
                0x000000000001c932                DMA2_Channel11_IRQHandler
 .text.handle_reset
                0x000000000001c934       0x8e ./Startup/startup_ch32v30x_D8C.o
                0x000000000001c934                handle_reset
 .text.DBGMCU_GetCHIPID
                0x000000000001c9c2        0xa ./Peripheral/src/ch32v30x_dbgmcu.o
                0x000000000001c9c2                DBGMCU_GetCHIPID
 .text.GPIO_Init
                0x000000000001c9cc       0xca ./Peripheral/src/ch32v30x_gpio.o
                0x000000000001c9cc                GPIO_Init
 .text.GPIO_ReadOutputDataBit
                0x000000000001ca96        0xa ./Peripheral/src/ch32v30x_gpio.o
                0x000000000001ca96                GPIO_ReadOutputDataBit
 .text.GPIO_WriteBit
                0x000000000001caa0        0xa ./Peripheral/src/ch32v30x_gpio.o
                0x000000000001caa0                GPIO_WriteBit
 .text.NVIC_PriorityGroupConfig
                0x000000000001caaa        0x6 ./Peripheral/src/ch32v30x_misc.o
                0x000000000001caaa                NVIC_PriorityGroupConfig
 .text.RCC_GetClocksFreq
                0x000000000001cab0      0x1d8 ./Peripheral/src/ch32v30x_rcc.o
                0x000000000001cab0                RCC_GetClocksFreq
 .text.RCC_APB2PeriphClockCmd
                0x000000000001cc88       0x1e ./Peripheral/src/ch32v30x_rcc.o
                0x000000000001cc88                RCC_APB2PeriphClockCmd
 .text.RCC_APB1PeriphClockCmd
                0x000000000001cca6       0x1e ./Peripheral/src/ch32v30x_rcc.o
                0x000000000001cca6                RCC_APB1PeriphClockCmd
 .text.SPI_Init
                0x000000000001ccc4       0x5a ./Peripheral/src/ch32v30x_spi.o
                0x000000000001ccc4                SPI_Init
 .text.SPI_Cmd  0x000000000001cd1e       0x26 ./Peripheral/src/ch32v30x_spi.o
                0x000000000001cd1e                SPI_Cmd
 .text.SPI_I2S_SendData
                0x000000000001cd44        0x6 ./Peripheral/src/ch32v30x_spi.o
                0x000000000001cd44                SPI_I2S_SendData
 .text.SPI_I2S_ReceiveData
                0x000000000001cd4a        0x6 ./Peripheral/src/ch32v30x_spi.o
                0x000000000001cd4a                SPI_I2S_ReceiveData
 .text.SPI_I2S_GetFlagStatus
                0x000000000001cd50        0xc ./Peripheral/src/ch32v30x_spi.o
                0x000000000001cd50                SPI_I2S_GetFlagStatus
 .text.USART_Init
                0x000000000001cd5c       0xf2 ./Peripheral/src/ch32v30x_usart.o
                0x000000000001cd5c                USART_Init
 .text.USART_Cmd
                0x000000000001ce4e       0x20 ./Peripheral/src/ch32v30x_usart.o
                0x000000000001ce4e                USART_Cmd
 .text.USART_SendData
                0x000000000001ce6e        0xa ./Peripheral/src/ch32v30x_usart.o
                0x000000000001ce6e                USART_SendData
 .text.USART_GetFlagStatus
                0x000000000001ce78        0xc ./Peripheral/src/ch32v30x_usart.o
                0x000000000001ce78                USART_GetFlagStatus
 .text.SysTick_Handler
                0x000000000001ce84       0x14 ./Debug/debug.o
                0x000000000001ce84                SysTick_Handler
 .text.Delay_Init
                0x000000000001ce98       0x26 ./Debug/debug.o
                0x000000000001ce98                Delay_Init
 .text.Delay_Ms
                0x000000000001cebe       0x3e ./Debug/debug.o
                0x000000000001cebe                Delay_Ms
 .text.USART_Printf_Init
                0x000000000001cefc       0x66 ./Debug/debug.o
                0x000000000001cefc                USART_Printf_Init
 .text._write   0x000000000001cf62       0x3e ./Debug/debug.o
                0x000000000001cf62                _write
 .text._sbrk    0x000000000001cfa0       0x2e ./Debug/debug.o
                0x000000000001cfa0                _sbrk
 .text.memcmp   0x000000000001cfce       0x26 /home/vl/Desktop/MounRiver_Studio_Community_Linux_x64_V140/MRS_Community/toolchain/RISC-V Embedded GCC/bin/../lib/gcc/riscv-none-embed/8.2.0/../../../../riscv-none-embed/lib/rv32imac/ilp32/libg_nano.a(lib_a-memcmp.o)
                0x000000000001cfce                memcmp
 .text.printf   0x000000000001cff4       0x40 /home/vl/Desktop/MounRiver_Studio_Community_Linux_x64_V140/MRS_Community/toolchain/RISC-V Embedded GCC/bin/../lib/gcc/riscv-none-embed/8.2.0/../../../../riscv-none-embed/lib/rv32imac/ilp32/libg_nano.a(lib_a-printf.o)
                0x000000000001cff4                printf
                0x000000000001cff4                iprintf
 .text._puts_r  0x000000000001d034       0xda /home/vl/Desktop/MounRiver_Studio_Community_Linux_x64_V140/MRS_Community/toolchain/RISC-V Embedded GCC/bin/../lib/gcc/riscv-none-embed/8.2.0/../../../../riscv-none-embed/lib/rv32imac/ilp32/libg_nano.a(lib_a-puts.o)
                0x000000000001d034                _puts_r
 .text.puts     0x000000000001d10e        0xc /home/vl/Desktop/MounRiver_Studio_Community_Linux_x64_V140/MRS_Community/toolchain/RISC-V Embedded GCC/bin/../lib/gcc/riscv-none-embed/8.2.0/../../../../riscv-none-embed/lib/rv32imac/ilp32/libg_nano.a(lib_a-puts.o)
                0x000000000001d10e                puts
 .text.strcpy   0x000000000001d11a       0x12 /home/vl/Desktop/MounRiver_Studio_Community_Linux_x64_V140/MRS_Community/toolchain/RISC-V Embedded GCC/bin/../lib/gcc/riscv-none-embed/8.2.0/../../../../riscv-none-embed/lib/rv32imac/ilp32/libg_nano.a(lib_a-strcpy.o)
                0x000000000001d11a                strcpy
 .text.strlen   0x000000000001d12c       0x12 /home/vl/Desktop/MounRiver_Studio_Community_Linux_x64_V140/MRS_Community/toolchain/RISC-V Embedded GCC/bin/../lib/gcc/riscv-none-embed/8.2.0/../../../../riscv-none-embed/lib/rv32imac/ilp32/libg_nano.a(lib_a-strlen.o)
                0x000000000001d12c                strlen
 .text.__swbuf_r
                0x000000000001d13e       0xc0 /home/vl/Desktop/MounRiver_Studio_Community_Linux_x64_V140/MRS_Community/toolchain/RISC-V Embedded GCC/bin/../lib/gcc/riscv-none-embed/8.2.0/../../../../riscv-none-embed/lib/rv32imac/ilp32/libg_nano.a(lib_a-wbuf.o)
                0x000000000001d13e                __swbuf_r
 .text.__swsetup_r
                0x000000000001d1fe      0x10c /home/vl/Desktop/MounRiver_Studio_Community_Linux_x64_V140/MRS_Community/toolchain/RISC-V Embedded GCC/bin/../lib/gcc/riscv-none-embed/8.2.0/../../../../riscv-none-embed/lib/rv32imac/ilp32/libg_nano.a(lib_a-wsetup.o)
                0x000000000001d1fe                __swsetup_r
 .text.__sflush_r
                0x000000000001d30a      0x13c /home/vl/Desktop/MounRiver_Studio_Community_Linux_x64_V140/MRS_Community/toolchain/RISC-V Embedded GCC/bin/../lib/gcc/riscv-none-embed/8.2.0/../../../../riscv-none-embed/lib/rv32imac/ilp32/libg_nano.a(lib_a-fflush.o)
                0x000000000001d30a                __sflush_r
 .text._fflush_r
                0x000000000001d446       0x66 /home/vl/Desktop/MounRiver_Studio_Community_Linux_x64_V140/MRS_Community/toolchain/RISC-V Embedded GCC/bin/../lib/gcc/riscv-none-embed/8.2.0/../../../../riscv-none-embed/lib/rv32imac/ilp32/libg_nano.a(lib_a-fflush.o)
                0x000000000001d446                _fflush_r
 .text.std      0x000000000001d4ac       0x6a /home/vl/Desktop/MounRiver_Studio_Community_Linux_x64_V140/MRS_Community/toolchain/RISC-V Embedded GCC/bin/../lib/gcc/riscv-none-embed/8.2.0/../../../../riscv-none-embed/lib/rv32imac/ilp32/libg_nano.a(lib_a-findfp.o)
 .text._cleanup_r
                0x000000000001d516        0xa /home/vl/Desktop/MounRiver_Studio_Community_Linux_x64_V140/MRS_Community/toolchain/RISC-V Embedded GCC/bin/../lib/gcc/riscv-none-embed/8.2.0/../../../../riscv-none-embed/lib/rv32imac/ilp32/libg_nano.a(lib_a-findfp.o)
                0x000000000001d516                _cleanup_r
 .text.__sfmoreglue
                0x000000000001d520       0x46 /home/vl/Desktop/MounRiver_Studio_Community_Linux_x64_V140/MRS_Community/toolchain/RISC-V Embedded GCC/bin/../lib/gcc/riscv-none-embed/8.2.0/../../../../riscv-none-embed/lib/rv32imac/ilp32/libg_nano.a(lib_a-findfp.o)
                0x000000000001d520                __sfmoreglue
 .text.__sinit  0x000000000001d566       0x6c /home/vl/Desktop/MounRiver_Studio_Community_Linux_x64_V140/MRS_Community/toolchain/RISC-V Embedded GCC/bin/../lib/gcc/riscv-none-embed/8.2.0/../../../../riscv-none-embed/lib/rv32imac/ilp32/libg_nano.a(lib_a-findfp.o)
                0x000000000001d566                __sinit
 .text.__sfp    0x000000000001d5d2       0xa0 /home/vl/Desktop/MounRiver_Studio_Community_Linux_x64_V140/MRS_Community/toolchain/RISC-V Embedded GCC/bin/../lib/gcc/riscv-none-embed/8.2.0/../../../../riscv-none-embed/lib/rv32imac/ilp32/libg_nano.a(lib_a-findfp.o)
                0x000000000001d5d2                __sfp
 .text._fwalk_reent
                0x000000000001d672       0x6c /home/vl/Desktop/MounRiver_Studio_Community_Linux_x64_V140/MRS_Community/toolchain/RISC-V Embedded GCC/bin/../lib/gcc/riscv-none-embed/8.2.0/../../../../riscv-none-embed/lib/rv32imac/ilp32/libg_nano.a(lib_a-fwalk.o)
                0x000000000001d672                _fwalk_reent
 .text.__swhatbuf_r
                0x000000000001d6de       0x5a /home/vl/Desktop/MounRiver_Studio_Community_Linux_x64_V140/MRS_Community/toolchain/RISC-V Embedded GCC/bin/../lib/gcc/riscv-none-embed/8.2.0/../../../../riscv-none-embed/lib/rv32imac/ilp32/libg_nano.a(lib_a-makebuf.o)
                0x000000000001d6de                __swhatbuf_r
 .text.__smakebuf_r
                0x000000000001d738       0xa0 /home/vl/Desktop/MounRiver_Studio_Community_Linux_x64_V140/MRS_Community/toolchain/RISC-V Embedded GCC/bin/../lib/gcc/riscv-none-embed/8.2.0/../../../../riscv-none-embed/lib/rv32imac/ilp32/libg_nano.a(lib_a-makebuf.o)
                0x000000000001d738                __smakebuf_r
 .text._free_r  0x000000000001d7d8       0xa8 /home/vl/Desktop/MounRiver_Studio_Community_Linux_x64_V140/MRS_Community/toolchain/RISC-V Embedded GCC/bin/../lib/gcc/riscv-none-embed/8.2.0/../../../../riscv-none-embed/lib/rv32imac/ilp32/libg_nano.a(lib_a-nano-freer.o)
                0x000000000001d7d8                _free_r
 .text._malloc_r
                0x000000000001d880       0xd4 /home/vl/Desktop/MounRiver_Studio_Community_Linux_x64_V140/MRS_Community/toolchain/RISC-V Embedded GCC/bin/../lib/gcc/riscv-none-embed/8.2.0/../../../../riscv-none-embed/lib/rv32imac/ilp32/libg_nano.a(lib_a-nano-mallocr.o)
                0x000000000001d880                _malloc_r
 .text.__sfputc_r
                0x000000000001d954       0x2a /home/vl/Desktop/MounRiver_Studio_Community_Linux_x64_V140/MRS_Community/toolchain/RISC-V Embedded GCC/bin/../lib/gcc/riscv-none-embed/8.2.0/../../../../riscv-none-embed/lib/rv32imac/ilp32/libg_nano.a(lib_a-nano-vfprintf.o)
 .text.__sfputs_r
                0x000000000001d97e       0x44 /home/vl/Desktop/MounRiver_Studio_Community_Linux_x64_V140/MRS_Community/toolchain/RISC-V Embedded GCC/bin/../lib/gcc/riscv-none-embed/8.2.0/../../../../riscv-none-embed/lib/rv32imac/ilp32/libg_nano.a(lib_a-nano-vfprintf.o)
                0x000000000001d97e                __sfputs_r
 .text._vfprintf_r
                0x000000000001d9c2      0x29c /home/vl/Desktop/MounRiver_Studio_Community_Linux_x64_V140/MRS_Community/toolchain/RISC-V Embedded GCC/bin/../lib/gcc/riscv-none-embed/8.2.0/../../../../riscv-none-embed/lib/rv32imac/ilp32/libg_nano.a(lib_a-nano-vfprintf.o)
                0x000000000001d9c2                _vfiprintf_r
                0x000000000001d9c2                _vfprintf_r
 .text._printf_common
                0x000000000001dc5e      0x10c /home/vl/Desktop/MounRiver_Studio_Community_Linux_x64_V140/MRS_Community/toolchain/RISC-V Embedded GCC/bin/../lib/gcc/riscv-none-embed/8.2.0/../../../../riscv-none-embed/lib/rv32imac/ilp32/libg_nano.a(lib_a-nano-vfprintf_i.o)
                0x000000000001dc5e                _printf_common
 .text._printf_i
                0x000000000001dd6a      0x2aa /home/vl/Desktop/MounRiver_Studio_Community_Linux_x64_V140/MRS_Community/toolchain/RISC-V Embedded GCC/bin/../lib/gcc/riscv-none-embed/8.2.0/../../../../riscv-none-embed/lib/rv32imac/ilp32/libg_nano.a(lib_a-nano-vfprintf_i.o)
                0x000000000001dd6a                _printf_i
 .text._sbrk_r  0x000000000001e014       0x32 /home/vl/Desktop/MounRiver_Studio_Community_Linux_x64_V140/MRS_Community/toolchain/RISC-V Embedded GCC/bin/../lib/gcc/riscv-none-embed/8.2.0/../../../../riscv-none-embed/lib/rv32imac/ilp32/libg_nano.a(lib_a-sbrkr.o)
                0x000000000001e014                _sbrk_r
 .text.__sread  0x000000000001e046       0x30 /home/vl/Desktop/MounRiver_Studio_Community_Linux_x64_V140/MRS_Community/toolchain/RISC-V Embedded GCC/bin/../lib/gcc/riscv-none-embed/8.2.0/../../../../riscv-none-embed/lib/rv32imac/ilp32/libg_nano.a(lib_a-stdio.o)
                0x000000000001e046                __sread
 .text.__swrite
                0x000000000001e076       0x4e /home/vl/Desktop/MounRiver_Studio_Community_Linux_x64_V140/MRS_Community/toolchain/RISC-V Embedded GCC/bin/../lib/gcc/riscv-none-embed/8.2.0/../../../../riscv-none-embed/lib/rv32imac/ilp32/libg_nano.a(lib_a-stdio.o)
                0x000000000001e076                __swrite
 .text.__sseek  0x000000000001e0c4       0x36 /home/vl/Desktop/MounRiver_Studio_Community_Linux_x64_V140/MRS_Community/toolchain/RISC-V Embedded GCC/bin/../lib/gcc/riscv-none-embed/8.2.0/../../../../riscv-none-embed/lib/rv32imac/ilp32/libg_nano.a(lib_a-stdio.o)
                0x000000000001e0c4                __sseek
 .text.__sclose
                0x000000000001e0fa        0x6 /home/vl/Desktop/MounRiver_Studio_Community_Linux_x64_V140/MRS_Community/toolchain/RISC-V Embedded GCC/bin/../lib/gcc/riscv-none-embed/8.2.0/../../../../riscv-none-embed/lib/rv32imac/ilp32/libg_nano.a(lib_a-stdio.o)
                0x000000000001e0fa                __sclose
 .text._write_r
                0x000000000001e100       0x36 /home/vl/Desktop/MounRiver_Studio_Community_Linux_x64_V140/MRS_Community/toolchain/RISC-V Embedded GCC/bin/../lib/gcc/riscv-none-embed/8.2.0/../../../../riscv-none-embed/lib/rv32imac/ilp32/libg_nano.a(lib_a-writer.o)
                0x000000000001e100                _write_r
 .text._close_r
                0x000000000001e136       0x30 /home/vl/Desktop/MounRiver_Studio_Community_Linux_x64_V140/MRS_Community/toolchain/RISC-V Embedded GCC/bin/../lib/gcc/riscv-none-embed/8.2.0/../../../../riscv-none-embed/lib/rv32imac/ilp32/libg_nano.a(lib_a-closer.o)
                0x000000000001e136                _close_r
 .text._fstat_r
                0x000000000001e166       0x32 /home/vl/Desktop/MounRiver_Studio_Community_Linux_x64_V140/MRS_Community/toolchain/RISC-V Embedded GCC/bin/../lib/gcc/riscv-none-embed/8.2.0/../../../../riscv-none-embed/lib/rv32imac/ilp32/libg_nano.a(lib_a-fstatr.o)
                0x000000000001e166                _fstat_r
 .text._isatty_r
                0x000000000001e198       0x30 /home/vl/Desktop/MounRiver_Studio_Community_Linux_x64_V140/MRS_Community/toolchain/RISC-V Embedded GCC/bin/../lib/gcc/riscv-none-embed/8.2.0/../../../../riscv-none-embed/lib/rv32imac/ilp32/libg_nano.a(lib_a-isattyr.o)
                0x000000000001e198                _isatty_r
 .text._lseek_r
                0x000000000001e1c8       0x34 /home/vl/Desktop/MounRiver_Studio_Community_Linux_x64_V140/MRS_Community/toolchain/RISC-V Embedded GCC/bin/../lib/gcc/riscv-none-embed/8.2.0/../../../../riscv-none-embed/lib/rv32imac/ilp32/libg_nano.a(lib_a-lseekr.o)
                0x000000000001e1c8                _lseek_r
 .text.memchr   0x000000000001e1fc       0x1a /home/vl/Desktop/MounRiver_Studio_Community_Linux_x64_V140/MRS_Community/toolchain/RISC-V Embedded GCC/bin/../lib/gcc/riscv-none-embed/8.2.0/../../../../riscv-none-embed/lib/rv32imac/ilp32/libg_nano.a(lib_a-memchr.o)
                0x000000000001e1fc                memchr
 .text.__malloc_lock
                0x000000000001e216        0x2 /home/vl/Desktop/MounRiver_Studio_Community_Linux_x64_V140/MRS_Community/toolchain/RISC-V Embedded GCC/bin/../lib/gcc/riscv-none-embed/8.2.0/../../../../riscv-none-embed/lib/rv32imac/ilp32/libg_nano.a(lib_a-mlock.o)
                0x000000000001e216                __malloc_lock
 .text.__malloc_unlock
                0x000000000001e218        0x2 /home/vl/Desktop/MounRiver_Studio_Community_Linux_x64_V140/MRS_Community/toolchain/RISC-V Embedded GCC/bin/../lib/gcc/riscv-none-embed/8.2.0/../../../../riscv-none-embed/lib/rv32imac/ilp32/libg_nano.a(lib_a-mlock.o)
                0x000000000001e218                __malloc_unlock
 .text._read_r  0x000000000001e21a       0x34 /home/vl/Desktop/MounRiver_Studio_Community_Linux_x64_V140/MRS_Community/toolchain/RISC-V Embedded GCC/bin/../lib/gcc/riscv-none-embed/8.2.0/../../../../riscv-none-embed/lib/rv32imac/ilp32/libg_nano.a(lib_a-readr.o)
                0x000000000001e21a                _read_r
 .text._close   0x000000000001e24e       0x10 /home/vl/Desktop/MounRiver_Studio_Community_Linux_x64_V140/MRS_Community/toolchain/RISC-V Embedded GCC/bin/../lib/gcc/riscv-none-embed/8.2.0/../../../../riscv-none-embed/lib/rv32imac/ilp32/libnosys.a(close.o)
                0x000000000001e24e                _close
 .text._fstat   0x000000000001e25e       0x10 /home/vl/Desktop/MounRiver_Studio_Community_Linux_x64_V140/MRS_Community/toolchain/RISC-V Embedded GCC/bin/../lib/gcc/riscv-none-embed/8.2.0/../../../../riscv-none-embed/lib/rv32imac/ilp32/libnosys.a(fstat.o)
                0x000000000001e25e                _fstat