Archive member included to satisfy reference by file (symbol)

/home/vl/Desktop/MounRiver_Studio_Community_Linux_x64_V140/MRS_Community/toolchain/RISC-V Embedded GCC/bin/../lib/gcc/riscv-none-embed/8.2.0/rv32imac/ilp32/libgcc.a(_udivdi3.o)
                              ./lvgl/src/lv_misc/lv_printf.o (__udivdi3)
/home/vl/Desktop/MounRiver_Studio_Community_Linux_x64_V140/MRS_Community/toolchain/RISC-V Embedded GCC/bin/../lib/gcc/riscv-none-embed/8.2.0/rv32imac/ilp32/libgcc.a(_umoddi3.o)
                              ./lvgl/src/lv_misc/lv_printf.o (__umoddi3)
/home/vl/Desktop/MounRiver_Studio_Community_Linux_x64_V140/MRS_Community/toolchain/RISC-V Embedded GCC/bin/../lib/gcc/riscv-none-embed/8.2.0/rv32imac/ilp32/libgcc.a(save-restore.o)
                              ./lvgl/src/lv_widgets/lv_arc.o (__riscv_save_12)
/home/vl/Desktop/MounRiver_Studio_Community_Linux_x64_V140/MRS_Community/toolchain/RISC-V Embedded GCC/bin/../lib/gcc/riscv-none-embed/8.2.0/rv32imac/ilp32/libgcc.a(_clz.o)
                              /home/vl/Desktop/MounRiver_Studio_Community_Linux_x64_V140/MRS_Community/toolchain/RISC-V Embedded GCC/bin/../lib/gcc/riscv-none-embed/8.2.0/rv32imac/ilp32/libgcc.a(_udivdi3.o) (__clz_tab)
/home/vl/Desktop/MounRiver_Studio_Community_Linux_x64_V140/MRS_Community/toolchain/RISC-V Embedded GCC/bin/../lib/gcc/riscv-none-embed/8.2.0/../../../../riscv-none-embed/lib/rv32imac/ilp32/libg_nano.a(lib_a-memcmp.o)
                              ./lvgl/src/lv_font/lv_font_loader.o (memcmp)
/home/vl/Desktop/MounRiver_Studio_Community_Linux_x64_V140/MRS_Community/toolchain/RISC-V Embedded GCC/bin/../lib/gcc/riscv-none-embed/8.2.0/../../../../riscv-none-embed/lib/rv32imac/ilp32/libg_nano.a(lib_a-memcpy.o)
                              ./lvgl/src/lv_widgets/lv_chart.o (memcpy)
/home/vl/Desktop/MounRiver_Studio_Community_Linux_x64_V140/MRS_Community/toolchain/RISC-V Embedded GCC/bin/../lib/gcc/riscv-none-embed/8.2.0/../../../../riscv-none-embed/lib/rv32imac/ilp32/libg_nano.a(lib_a-memset.o)
                              ./lvgl/src/lv_font/lv_font_loader.o (memset)
/home/vl/Desktop/MounRiver_Studio_Community_Linux_x64_V140/MRS_Community/toolchain/RISC-V Embedded GCC/bin/../lib/gcc/riscv-none-embed/8.2.0/../../../../riscv-none-embed/lib/rv32imac/ilp32/libg_nano.a(lib_a-printf.o)
                              ./User/main.o (printf)
/home/vl/Desktop/MounRiver_Studio_Community_Linux_x64_V140/MRS_Community/toolchain/RISC-V Embedded GCC/bin/../lib/gcc/riscv-none-embed/8.2.0/../../../../riscv-none-embed/lib/rv32imac/ilp32/libg_nano.a(lib_a-puts.o)
                              ./User/main.o (puts)
/home/vl/Desktop/MounRiver_Studio_Community_Linux_x64_V140/MRS_Community/toolchain/RISC-V Embedded GCC/bin/../lib/gcc/riscv-none-embed/8.2.0/../../../../riscv-none-embed/lib/rv32imac/ilp32/libg_nano.a(lib_a-strcmp.o)
                              ./lvgl/src/lv_widgets/lv_btnmatrix.o (strcmp)
/home/vl/Desktop/MounRiver_Studio_Community_Linux_x64_V140/MRS_Community/toolchain/RISC-V Embedded GCC/bin/../lib/gcc/riscv-none-embed/8.2.0/../../../../riscv-none-embed/lib/rv32imac/ilp32/libg_nano.a(lib_a-strcpy.o)
                              ./lvgl/src/lv_widgets/lv_calendar.o (strcpy)
/home/vl/Desktop/MounRiver_Studio_Community_Linux_x64_V140/MRS_Community/toolchain/RISC-V Embedded GCC/bin/../lib/gcc/riscv-none-embed/8.2.0/../../../../riscv-none-embed/lib/rv32imac/ilp32/libg_nano.a(lib_a-strlen.o)
                              ./lvgl/src/lv_widgets/lv_dropdown.o (strlen)
/home/vl/Desktop/MounRiver_Studio_Community_Linux_x64_V140/MRS_Community/toolchain/RISC-V Embedded GCC/bin/../lib/gcc/riscv-none-embed/8.2.0/../../../../riscv-none-embed/lib/rv32imac/ilp32/libg_nano.a(lib_a-strncpy.o)
                              ./lvgl/src/lv_widgets/lv_chart.o (strncpy)
/home/vl/Desktop/MounRiver_Studio_Community_Linux_x64_V140/MRS_Community/toolchain/RISC-V Embedded GCC/bin/../lib/gcc/riscv-none-embed/8.2.0/../../../../riscv-none-embed/lib/rv32imac/ilp32/libg_nano.a(lib_a-wbuf.o)
                              /home/vl/Desktop/MounRiver_Studio_Community_Linux_x64_V140/MRS_Community/toolchain/RISC-V Embedded GCC/bin/../lib/gcc/riscv-none-embed/8.2.0/../../../../riscv-none-embed/lib/rv32imac/ilp32/libg_nano.a(lib_a-puts.o) (__swbuf_r)
/home/vl/Desktop/MounRiver_Studio_Community_Linux_x64_V140/MRS_Community/toolchain/RISC-V Embedded GCC/bin/../lib/gcc/riscv-none-embed/8.2.0/../../../../riscv-none-embed/lib/rv32imac/ilp32/libg_nano.a(lib_a-wsetup.o)
                              /home/vl/Desktop/MounRiver_Studio_Community_Linux_x64_V140/MRS_Community/toolchain/RISC-V Embedded GCC/bin/../lib/gcc/riscv-none-embed/8.2.0/../../../../riscv-none-embed/lib/rv32imac/ilp32/libg_nano.a(lib_a-puts.o) (__swsetup_r)
/home/vl/Desktop/MounRiver_Studio_Community_Linux_x64_V140/MRS_Community/toolchain/RISC-V Embedded GCC/bin/../lib/gcc/riscv-none-embed/8.2.0/../../../../riscv-none-embed/lib/rv32imac/ilp32/libg_nano.a(lib_a-fflush.o)
[...]
Memory Configuration

Name             Origin             Length             Attributes
FLASH            0x0000000000000000 0x0000000000040000 xr
RAM              0x0000000020000000 0x0000000000010000 xrw
*default*        0x0000000000000000 0xffffffffffffffff

Linker script and memory map

LOAD ./lvgl/tests/lv_test_widgets/lv_test_label.o
LOAD ./lvgl/tests/lv_test_fonts/font_1.o
LOAD ./lvgl/tests/lv_test_fonts/font_2.o
LOAD ./lvgl/tests/lv_test_fonts/font_3.o
LOAD ./lvgl/tests/lv_test_core/lv_test_core.o
LOAD ./lvgl/tests/lv_test_core/lv_test_font_loader.o
LOAD ./lvgl/tests/lv_test_core/lv_test_obj.o
LOAD ./lvgl/tests/lv_test_core/lv_test_style.o
LOAD ./lvgl/tests/lv_test_assert.o
LOAD ./lvgl/tests/lv_test_main.o
LOAD ./lvgl/src/lv_widgets/lv_arc.o
LOAD ./lvgl/src/lv_widgets/lv_bar.o
LOAD ./lvgl/src/lv_widgets/lv_btn.o
LOAD ./lvgl/src/lv_widgets/lv_btnmatrix.o
LOAD ./lvgl/src/lv_widgets/lv_calendar.o
LOAD ./lvgl/src/lv_widgets/lv_canvas.o
LOAD ./lvgl/src/lv_widgets/lv_chart.o
LOAD ./lvgl/src/lv_widgets/lv_checkbox.o
LOAD ./lvgl/src/lv_widgets/lv_cont.o
LOAD ./lvgl/src/lv_widgets/lv_cpicker.o
LOAD ./lvgl/src/lv_widgets/lv_dropdown.o
LOAD ./lvgl/src/lv_widgets/lv_gauge.o
LOAD ./lvgl/src/lv_widgets/lv_img.o
LOAD ./lvgl/src/lv_widgets/lv_imgbtn.o
LOAD ./lvgl/src/lv_widgets/lv_keyboard.o
LOAD ./lvgl/src/lv_widgets/lv_label.o
LOAD ./lvgl/src/lv_widgets/lv_led.o
LOAD ./lvgl/src/lv_widgets/lv_line.o
LOAD ./lvgl/src/lv_widgets/lv_linemeter.o
LOAD ./lvgl/src/lv_widgets/lv_list.o
LOAD ./lvgl/src/lv_widgets/lv_msgbox.o
LOAD ./lvgl/src/lv_widgets/lv_objmask.o
LOAD ./lvgl/src/lv_widgets/lv_objx_templ.o
LOAD ./lvgl/src/lv_widgets/lv_page.o
LOAD ./lvgl/src/lv_widgets/lv_roller.o
LOAD ./lvgl/src/lv_widgets/lv_slider.o
LOAD ./lvgl/src/lv_widgets/lv_spinbox.o
LOAD ./lvgl/src/lv_widgets/lv_spinner.o
LOAD ./lvgl/src/lv_widgets/lv_switch.o
LOAD ./lvgl/src/lv_widgets/lv_table.o
LOAD ./lvgl/src/lv_widgets/lv_tabview.o
LOAD ./lvgl/src/lv_widgets/lv_textarea.o
LOAD ./lvgl/src/lv_widgets/lv_tileview.o
LOAD ./lvgl/src/lv_widgets/lv_win.o
LOAD ./lvgl/src/lv_themes/lv_theme.o
LOAD ./lvgl/src/lv_themes/lv_theme_empty.o
LOAD ./lvgl/src/lv_themes/lv_theme_material.o
LOAD ./lvgl/src/lv_themes/lv_theme_mono.o
LOAD ./lvgl/src/lv_themes/lv_theme_template.o
LOAD ./lvgl/src/lv_misc/lv_anim.o
LOAD ./lvgl/src/lv_misc/lv_area.o
LOAD ./lvgl/src/lv_misc/lv_async.o
LOAD ./lvgl/src/lv_misc/lv_bidi.o
LOAD ./lvgl/src/lv_misc/lv_color.o
LOAD ./lvgl/src/lv_misc/lv_debug.o
LOAD ./lvgl/src/lv_misc/lv_fs.o
LOAD ./lvgl/src/lv_misc/lv_gc.o
LOAD ./lvgl/src/lv_misc/lv_ll.o
LOAD ./lvgl/src/lv_misc/lv_log.o
LOAD ./lvgl/src/lv_misc/lv_math.o
LOAD ./lvgl/src/lv_misc/lv_mem.o
LOAD ./lvgl/src/lv_misc/lv_printf.o
LOAD ./lvgl/src/lv_misc/lv_task.o
LOAD ./lvgl/src/lv_misc/lv_templ.o
LOAD ./lvgl/src/lv_misc/lv_txt.o
LOAD ./lvgl/src/lv_misc/lv_txt_ap.o
LOAD ./lvgl/src/lv_misc/lv_utils.o
LOAD ./lvgl/src/lv_hal/lv_hal_disp.o
LOAD ./lvgl/src/lv_hal/lv_hal_indev.o
LOAD ./lvgl/src/lv_hal/lv_hal_tick.o
LOAD ./lvgl/src/lv_gpu/lv_gpu_nxp_pxp.o
LOAD ./lvgl/src/lv_gpu/lv_gpu_nxp_pxp_osa.o
LOAD ./lvgl/src/lv_gpu/lv_gpu_nxp_vglite.o
LOAD ./lvgl/src/lv_gpu/lv_gpu_stm32_dma2d.o
LOAD ./lvgl/src/lv_font/lv_font.o
LOAD ./lvgl/src/lv_font/lv_font_dejavu_16_persian_hebrew.o
LOAD ./lvgl/src/lv_font/lv_font_fmt_txt.o
LOAD ./lvgl/src/lv_font/lv_font_loader.o
LOAD ./lvgl/src/lv_font/lv_font_montserrat_10.o
LOAD ./lvgl/src/lv_font/lv_font_montserrat_12.o
LOAD ./lvgl/src/lv_font/lv_font_montserrat_12_subpx.o
LOAD ./lvgl/src/lv_font/lv_font_montserrat_14.o
LOAD ./lvgl/src/lv_font/lv_font_montserrat_16.o
LOAD ./lvgl/src/lv_font/lv_font_montserrat_18.o
LOAD ./lvgl/src/lv_font/lv_font_montserrat_20.o
LOAD ./lvgl/src/lv_font/lv_font_montserrat_22.o
LOAD ./lvgl/src/lv_font/lv_font_montserrat_24.o
LOAD ./lvgl/src/lv_font/lv_font_montserrat_26.o
LOAD ./lvgl/src/lv_font/lv_font_montserrat_28.o
LOAD ./lvgl/src/lv_font/lv_font_montserrat_28_compressed.o
LOAD ./lvgl/src/lv_font/lv_font_montserrat_30.o
LOAD ./lvgl/src/lv_font/lv_font_montserrat_32.o
LOAD ./lvgl/src/lv_font/lv_font_montserrat_34.o
LOAD ./lvgl/src/lv_font/lv_font_montserrat_36.o
LOAD ./lvgl/src/lv_font/lv_font_montserrat_38.o
LOAD ./lvgl/src/lv_font/lv_font_montserrat_40.o
LOAD ./lvgl/src/lv_font/lv_font_montserrat_42.o
LOAD ./lvgl/src/lv_font/lv_font_montserrat_44.o
LOAD ./lvgl/src/lv_font/lv_font_montserrat_46.o
LOAD ./lvgl/src/lv_font/lv_font_montserrat_48.o
LOAD ./lvgl/src/lv_font/lv_font_montserrat_8.o
LOAD ./lvgl/src/lv_font/lv_font_simsun_16_cjk.o
LOAD ./lvgl/src/lv_font/lv_font_unscii_16.o
LOAD ./lvgl/src/lv_font/lv_font_unscii_8.o
LOAD ./lvgl/src/lv_draw/lv_draw_arc.o
LOAD ./lvgl/src/lv_draw/lv_draw_blend.o
LOAD ./lvgl/src/lv_draw/lv_draw_img.o
LOAD ./lvgl/src/lv_draw/lv_draw_label.o
LOAD ./lvgl/src/lv_draw/lv_draw_line.o
LOAD ./lvgl/src/lv_draw/lv_draw_mask.o
LOAD ./lvgl/src/lv_draw/lv_draw_rect.o
LOAD ./lvgl/src/lv_draw/lv_draw_triangle.o
LOAD ./lvgl/src/lv_draw/lv_img_buf.o
LOAD ./lvgl/src/lv_draw/lv_img_cache.o
LOAD ./lvgl/src/lv_draw/lv_img_decoder.o
LOAD ./lvgl/src/lv_core/lv_disp.o
LOAD ./lvgl/src/lv_core/lv_group.o
LOAD ./lvgl/src/lv_core/lv_indev.o
LOAD ./lvgl/src/lv_core/lv_obj.o
LOAD ./lvgl/src/lv_core/lv_refr.o
LOAD ./lvgl/src/lv_core/lv_style.o
LOAD ./lvgl/examples/porting/lv_port_disp_template.o
LOAD ./lvgl/examples/porting/lv_port_fs_template.o
LOAD ./lvgl/examples/porting/lv_port_indev_template.o
LOAD ./User/ch32v30x_it.o
LOAD ./User/fonts.o
LOAD ./User/ili9341.o
LOAD ./User/main.o
LOAD ./User/system_ch32v30x.o
LOAD ./User/touchpad.o
LOAD ./User/xpt2046.o
LOAD ./Startup/startup_ch32v30x_D8C.o
LOAD ./Peripheral/src/ch32v30x_adc.o
LOAD ./Peripheral/src/ch32v30x_bkp.o
LOAD ./Peripheral/src/ch32v30x_can.o
LOAD ./Peripheral/src/ch32v30x_crc.o
LOAD ./Peripheral/src/ch32v30x_dac.o
LOAD ./Peripheral/src/ch32v30x_dbgmcu.o
LOAD ./Peripheral/src/ch32v30x_dma.o
LOAD ./Peripheral/src/ch32v30x_dvp.o
LOAD ./Peripheral/src/ch32v30x_eth.o
LOAD ./Peripheral/src/ch32v30x_exti.o
LOAD ./Peripheral/src/ch32v30x_flash.o
LOAD ./Peripheral/src/ch32v30x_fsmc.o
LOAD ./Peripheral/src/ch32v30x_gpio.o
LOAD ./Peripheral/src/ch32v30x_i2c.o
LOAD ./Peripheral/src/ch32v30x_iwdg.o
LOAD ./Peripheral/src/ch32v30x_misc.o
LOAD ./Peripheral/src/ch32v30x_opa.o
LOAD ./Peripheral/src/ch32v30x_pwr.o
LOAD ./Peripheral/src/ch32v30x_rcc.o
LOAD ./Peripheral/src/ch32v30x_rng.o
LOAD ./Peripheral/src/ch32v30x_rtc.o
LOAD ./Peripheral/src/ch32v30x_sdio.o
LOAD ./Peripheral/src/ch32v30x_spi.o
LOAD ./Peripheral/src/ch32v30x_tim.o
LOAD ./Peripheral/src/ch32v30x_usart.o
LOAD ./Peripheral/src/ch32v30x_wwdg.o
LOAD ./Debug/debug.o
LOAD ./Core/core_riscv.o
LOAD /home/vl/Desktop/MounRiver_Studio_Community_Linux_x64_V140/MRS_Community/toolchain/RISC-V Embedded GCC/bin/../lib/gcc/riscv-none-embed/8.2.0/../../../../riscv-none-embed/lib/rv32imac/ilp32/libm.a
LOAD /home/vl/Desktop/MounRiver_Studio_Community_Linux_x64_V140/MRS_Community/toolchain/RISC-V Embedded GCC/bin/../lib/gcc/riscv-none-embed/8.2.0/rv32imac/ilp32/libgcc.a
LOAD /home/vl/Desktop/MounRiver_Studio_Community_Linux_x64_V140/MRS_Community/toolchain/RISC-V Embedded GCC/bin/../lib/gcc/riscv-none-embed/8.2.0/../../../../riscv-none-embed/lib/rv32imac/ilp32/libg_nano.a
LOAD /home/vl/Desktop/MounRiver_Studio_Community_Linux_x64_V140/MRS_Community/toolchain/RISC-V Embedded GCC/bin/../lib/gcc/riscv-none-embed/8.2.0/../../../../riscv-none-embed/lib/rv32imac/ilp32/libc_nano.a
LOAD /home/vl/Desktop/MounRiver_Studio_Community_Linux_x64_V140/MRS_Community/toolchain/RISC-V Embedded GCC/bin/../lib/gcc/riscv-none-embed/8.2.0/rv32imac/ilp32/libgcc.a
START GROUP
LOAD /home/vl/Desktop/MounRiver_Studio_Community_Linux_x64_V140/MRS_Community/toolchain/RISC-V Embedded GCC/bin/../lib/gcc/riscv-none-embed/8.2.0/rv32imac/ilp32/libgcc.a
LOAD /home/vl/Desktop/MounRiver_Studio_Community_Linux_x64_V140/MRS_Community/toolchain/RISC-V Embedded GCC/bin/../lib/gcc/riscv-none-embed/8.2.0/../../../../riscv-none-embed/lib/rv32imac/ilp32/libc_nano.a
LOAD /home/vl/Desktop/MounRiver_Studio_Community_Linux_x64_V140/MRS_Community/toolchain/RISC-V Embedded GCC/bin/../lib/gcc/riscv-none-embed/8.2.0/../../../../riscv-none-embed/lib/rv32imac/ilp32/libnosys.a
END GROUP
START GROUP
LOAD /home/vl/Desktop/MounRiver_Studio_Community_Linux_x64_V140/MRS_Community/toolchain/RISC-V Embedded GCC/bin/../lib/gcc/riscv-none-embed/8.2.0/rv32imac/ilp32/libgcc.a
LOAD /home/vl/Desktop/MounRiver_Studio_Community_Linux_x64_V140/MRS_Community/toolchain/RISC-V Embedded GCC/bin/../lib/gcc/riscv-none-embed/8.2.0/../../../../riscv-none-embed/lib/rv32imac/ilp32/libc_nano.a
LOAD /home/vl/Desktop/MounRiver_Studio_Community_Linux_x64_V140/MRS_Community/toolchain/RISC-V Embedded GCC/bin/../lib/gcc/riscv-none-embed/8.2.0/../../../../riscv-none-embed/lib/rv32imac/ilp32/libnosys.a
END GROUP
                0x0000000000000800                __stack_size = 0x800
                [!provide]                        PROVIDE (_stack_size = __stack_size)

.init           0x0000000000000000       0x38
                0x0000000000000000                _sinit = .
                0x0000000000000000                . = ALIGN (0x4)
 *(SORT_NONE(.init))
 .init          0x0000000000000000       0x38 ./Startup/startup_ch32v30x_D8C.o
                0x0000000000000000                _start
                0x0000000000000038                . = ALIGN (0x4)
                0x0000000000000038                _einit = .

.vector         0x0000000000000038      0x1c8
 *(.vector)
 .vector        0x0000000000000038      0x1a0 ./Startup/startup_ch32v30x_D8C.o
                0x0000000000000200                . = ALIGN (0x40)
 *fill*         0x00000000000001d8       0x28 

.text           0x0000000000000200    0x22540
                0x0000000000000200                . = ALIGN (0x4)
 *(.text)
 .text          0x0000000000000200       0x60 /home/vl/Desktop/MounRiver_Studio_Community_Linux_x64_V140/MRS_Community/toolchain/RISC-V Embedded GCC/bin/../lib/gcc/riscv-none-embed/8.2.0/rv32imac/ilp32/libgcc.a(save-restore.o)
                0x0000000000000200                __riscv_save_12
                0x0000000000000208                __riscv_save_8
                0x0000000000000208                __riscv_save_11
                0x0000000000000208                __riscv_save_9
                0x0000000000000208                __riscv_save_10
                0x0000000000000216                __riscv_save_7
                0x0000000000000216                __riscv_save_4
                0x0000000000000216                __riscv_save_6
                0x0000000000000216                __riscv_save_5
                0x0000000000000230                __riscv_save_1
                0x0000000000000230                __riscv_save_3
                0x0000000000000230                __riscv_save_2
                0x0000000000000230                __riscv_save_0
                0x000000000000023c                __riscv_restore_12
                0x0000000000000240                __riscv_restore_10
                0x0000000000000240                __riscv_restore_11
                0x0000000000000240                __riscv_restore_8
                0x0000000000000240                __riscv_restore_9
                0x000000000000024a                __riscv_restore_5
                0x000000000000024a                __riscv_restore_6
                0x000000000000024a                __riscv_restore_4
                0x000000000000024a                __riscv_restore_7
                0x0000000000000254                __riscv_restore_3
                0x0000000000000254                __riscv_restore_2
                0x0000000000000254                __riscv_restore_0
                0x0000000000000254                __riscv_restore_1
 .text          0x0000000000000260       0xa8 /home/vl/Desktop/MounRiver_Studio_Community_Linux_x64_V140/MRS_Community/toolchain/RISC-V Embedded GCC/bin/../lib/gcc/riscv-none-embed/8.2.0/../../../../riscv-none-embed/lib/rv32imac/ilp32/libg_nano.a(lib_a-memset.o)
                0x0000000000000260                memset
 .text          0x0000000000000308      0x11e /home/vl/Desktop/MounRiver_Studio_Community_Linux_x64_V140/MRS_Community/toolchain/RISC-V Embedded GCC/bin/../lib/gcc/riscv-none-embed/8.2.0/../../../../riscv-none-embed/lib/rv32imac/ilp32/libg_nano.a(lib_a-strcmp.o)
                0x0000000000000308                strcmp
 *(.text.*)
 .text.lv_btn_design
                0x0000000000000426       0x38 ./lvgl/src/lv_widgets/lv_btn.o
 .text.lv_btn_create
                0x000000000000045e       0xfc ./lvgl/src/lv_widgets/lv_btn.o
                0x000000000000045e                lv_btn_create
 .text.lv_btn_set_checkable
                0x000000000000055a       0x38 ./lvgl/src/lv_widgets/lv_btn.o
                0x000000000000055a                lv_btn_set_checkable
 .text.lv_btn_set_state
                0x0000000000000592       0xa8 ./lvgl/src/lv_widgets/lv_btn.o
                0x0000000000000592                lv_btn_set_state
 .text.lv_btn_toggle
                0x000000000000063a       0x3e ./lvgl/src/lv_widgets/lv_btn.o
                0x000000000000063a                lv_btn_toggle
 .text.lv_btn_get_checkable
                0x0000000000000678       0x2c ./lvgl/src/lv_widgets/lv_btn.o
                0x0000000000000678                lv_btn_get_checkable
 .text.lv_btn_signal
                0x00000000000006a4       0xd6 ./lvgl/src/lv_widgets/lv_btn.o
 .text.lv_cont_refr_autofit
                0x000000000000077a      0x420 ./lvgl/src/lv_widgets/lv_cont.o
 .text.lv_cont_create
                0x0000000000000b9a      0x124 ./lvgl/src/lv_widgets/lv_cont.o
                0x0000000000000b9a                lv_cont_create
 .text.lv_cont_set_layout
                0x0000000000000cbe       0x4c ./lvgl/src/lv_widgets/lv_cont.o
                0x0000000000000cbe                lv_cont_set_layout
 .text.lv_cont_set_fit4
                0x0000000000000d0a       0xa4 ./lvgl/src/lv_widgets/lv_cont.o
                0x0000000000000d0a                lv_cont_set_fit4
 .text.lv_cont_get_layout
                0x0000000000000dae       0x2e ./lvgl/src/lv_widgets/lv_cont.o
                0x0000000000000dae                lv_cont_get_layout
 .text.lv_cont_refr_layout
                0x0000000000000ddc      0x738 ./lvgl/src/lv_widgets/lv_cont.o
 .text.lv_cont_signal
                0x0000000000001514       0xe0 ./lvgl/src/lv_widgets/lv_cont.o
 .text.lv_label_dot_tmp_free
                0x00000000000015f4       0x30 ./lvgl/src/lv_widgets/lv_label.o
 .text.lv_label_revert_dots
                0x0000000000001624       0x92 ./lvgl/src/lv_widgets/lv_label.o
 .text.get_txt_coords
                0x00000000000016b6       0x6a ./lvgl/src/lv_widgets/lv_label.o
 .text.lv_label_set_dot_tmp
                0x0000000000001720       0x6a ./lvgl/src/lv_widgets/lv_label.o
 .text.lv_label_set_offset_y
                0x000000000000178a       0x1a ./lvgl/src/lv_widgets/lv_label.o
 .text.lv_label_set_offset_x
                0x00000000000017a4       0x1a ./lvgl/src/lv_widgets/lv_label.o
 .text.lv_label_set_align
                0x00000000000017be       0x4e ./lvgl/src/lv_widgets/lv_label.o
                0x00000000000017be                lv_label_set_align
 .text.lv_label_get_text
                0x000000000000180c       0x2a ./lvgl/src/lv_widgets/lv_label.o
                0x000000000000180c                lv_label_get_text
 .text.lv_label_get_long_mode
                0x0000000000001836       0x2e ./lvgl/src/lv_widgets/lv_label.o
                0x0000000000001836                lv_label_get_long_mode
 .text.lv_label_get_align
                0x0000000000001864       0x3c ./lvgl/src/lv_widgets/lv_label.o
                0x0000000000001864                lv_label_get_align
 .text.lv_label_get_recolor
                0x00000000000018a0       0x30 ./lvgl/src/lv_widgets/lv_label.o
                0x00000000000018a0                lv_label_get_recolor
 .text.lv_label_get_letter_on
                0x00000000000018d0      0x282 ./lvgl/src/lv_widgets/lv_label.o
                0x00000000000018d0                lv_label_get_letter_on
 .text.lv_label_get_text_sel_start
                0x0000000000001b52       0x26 ./lvgl/src/lv_widgets/lv_label.o
                0x0000000000001b52                lv_label_get_text_sel_start
 .text.lv_label_get_text_sel_end
                0x0000000000001b78       0x26 ./lvgl/src/lv_widgets/lv_label.o
                0x0000000000001b78                lv_label_get_text_sel_end
 .text.lv_label_design
                0x0000000000001b9e      0x25e ./lvgl/src/lv_widgets/lv_label.o
 .text.lv_label_refr_text
                0x0000000000001dfc      0x538 ./lvgl/src/lv_widgets/lv_label.o
                0x0000000000001dfc                lv_label_refr_text
 .text.lv_label_signal
                0x0000000000002334       0xee ./lvgl/src/lv_widgets/lv_label.o
 .text.lv_label_set_text
                0x0000000000002422       0xe4 ./lvgl/src/lv_widgets/lv_label.o
                0x0000000000002422                lv_label_set_text
 .text.lv_label_set_text_static
                0x0000000000002506       0x56 ./lvgl/src/lv_widgets/lv_label.o
                0x0000000000002506                lv_label_set_text_static
 .text.lv_label_set_long_mode
                0x000000000000255c       0xbc ./lvgl/src/lv_widgets/lv_label.o
                0x000000000000255c                lv_label_set_long_mode
 .text.lv_label_set_recolor
                0x0000000000002618       0x4e ./lvgl/src/lv_widgets/lv_label.o
                0x0000000000002618                lv_label_set_recolor
 .text.lv_label_create
                0x0000000000002666      0x206 ./lvgl/src/lv_widgets/lv_label.o
                0x0000000000002666                lv_label_create
 .text.apply_theme
                0x000000000000286c       0x2e ./lvgl/src/lv_themes/lv_theme.o
 .text.lv_theme_set_act
                0x000000000000289a        0x6 ./lvgl/src/lv_themes/lv_theme.o
                0x000000000000289a                lv_theme_set_act
 .text.lv_theme_apply
                0x00000000000028a0      0x2f0 ./lvgl/src/lv_themes/lv_theme.o
                0x00000000000028a0                lv_theme_apply
 .text.lv_theme_get_font_normal
                0x0000000000002b90        0x8 ./lvgl/src/lv_themes/lv_theme.o
                0x0000000000002b90                lv_theme_get_font_normal
 .text.theme_apply
                0x0000000000002b98      0x776 ./lvgl/src/lv_themes/lv_theme_material.o
 .text.linemeter_init
                0x000000000000330e      0x26e ./lvgl/src/lv_themes/lv_theme_material.o
 .text.arc_init
                0x000000000000357c      0x16e ./lvgl/src/lv_themes/lv_theme_material.o
 .text.slider_init
                0x00000000000036ea      0x2da ./lvgl/src/lv_themes/lv_theme_material.o
 .text.switch_init
                0x00000000000039c4      0x128 ./lvgl/src/lv_themes/lv_theme_material.o
 .text.gauge_init
                0x0000000000003aec      0x4ea ./lvgl/src/lv_themes/lv_theme_material.o
 .text.bar_init
                0x0000000000003fd6      0x1f0 ./lvgl/src/lv_themes/lv_theme_material.o
 .text.led_init
                0x00000000000041c6      0x130 ./lvgl/src/lv_themes/lv_theme_material.o
 .text.basic_init
                0x00000000000042f6     0x1314 ./lvgl/src/lv_themes/lv_theme_material.o
 .text.lv_theme_material_init
                0x000000000000560a     0x2cd2 ./lvgl/src/lv_themes/lv_theme_material.o
                0x000000000000560a                lv_theme_material_init
 .text.anim_mark_list_change
                0x00000000000082dc       0x2e ./lvgl/src/lv_misc/lv_anim.o
 .text.lv_anim_path_linear
                0x000000000000830a       0x2c ./lvgl/src/lv_misc/lv_anim.o
                0x000000000000830a                lv_anim_path_linear
 .text.anim_task
                0x0000000000008336      0x198 ./lvgl/src/lv_misc/lv_anim.o
 .text._lv_anim_core_init
                0x00000000000084ce       0x32 ./lvgl/src/lv_misc/lv_anim.o
                0x00000000000084ce                _lv_anim_core_init
 .text.lv_anim_init
                0x0000000000008500       0x50 ./lvgl/src/lv_misc/lv_anim.o
                0x0000000000008500                lv_anim_init
 .text.lv_anim_del
                0x0000000000008550       0x5a ./lvgl/src/lv_misc/lv_anim.o
                0x0000000000008550                lv_anim_del
 .text.lv_anim_start
                0x00000000000085aa       0x96 ./lvgl/src/lv_misc/lv_anim.o
                0x00000000000085aa                lv_anim_start
 .text.lv_anim_get
                0x0000000000008640       0x30 ./lvgl/src/lv_misc/lv_anim.o
                0x0000000000008640                lv_anim_get
 .text.lv_anim_speed_to_time
                0x0000000000008670       0x20 ./lvgl/src/lv_misc/lv_anim.o
                0x0000000000008670                lv_anim_speed_to_time
 .text.lv_point_within_circle
                0x0000000000008690       0x56 ./lvgl/src/lv_misc/lv_area.o
 .text.lv_area_set
                0x00000000000086e6       0x12 ./lvgl/src/lv_misc/lv_area.o
                0x00000000000086e6                lv_area_set
 .text.lv_area_set_height
                0x00000000000086f8        0xe ./lvgl/src/lv_misc/lv_area.o
                0x00000000000086f8                lv_area_set_height
 .text.lv_area_get_size
                0x0000000000008706       0x1e ./lvgl/src/lv_misc/lv_area.o
                0x0000000000008706                lv_area_get_size
 .text._lv_area_intersect
                0x0000000000008724       0xac ./lvgl/src/lv_misc/lv_area.o
                0x0000000000008724                _lv_area_intersect
 .text._lv_area_join
                0x00000000000087d0       0x80 ./lvgl/src/lv_misc/lv_area.o
                0x00000000000087d0                _lv_area_join
 .text._lv_area_is_point_on
                0x0000000000008850      0x18e ./lvgl/src/lv_misc/lv_area.o
                0x0000000000008850                _lv_area_is_point_on
 .text._lv_area_is_on
                0x00000000000089de       0x3e ./lvgl/src/lv_misc/lv_area.o
                0x00000000000089de                _lv_area_is_on
 .text._lv_area_is_in
                0x0000000000008a1c       0x90 ./lvgl/src/lv_misc/lv_area.o
                0x0000000000008a1c                _lv_area_is_in
 .text._lv_area_align
                0x0000000000008aac      0x47e ./lvgl/src/lv_misc/lv_area.o
                0x0000000000008aac                _lv_area_align
 .text.lv_color_fill
                0x0000000000008f2a       0x64 ./lvgl/src/lv_misc/lv_color.o
                0x0000000000008f2a                lv_color_fill
 .text.lv_color_lighten
                0x0000000000008f8e       0x94 ./lvgl/src/lv_misc/lv_color.o
                0x0000000000008f8e                lv_color_lighten
 .text.lv_color_darken
                0x0000000000009022       0x66 ./lvgl/src/lv_misc/lv_color.o
                0x0000000000009022                lv_color_darken
 .text.lv_debug_check_null
                0x0000000000009088        0x6 ./lvgl/src/lv_misc/lv_debug.o
                0x0000000000009088                lv_debug_check_null
 .text.lv_debug_log_error
                0x000000000000908e       0x26 ./lvgl/src/lv_misc/lv_debug.o
                0x000000000000908e                lv_debug_log_error
 .text.lv_fs_get_real_path
                0x00000000000090b4       0x30 ./lvgl/src/lv_misc/lv_fs.o
 .text._lv_fs_init
                0x00000000000090e4       0x12 ./lvgl/src/lv_misc/lv_fs.o
                0x00000000000090e4                _lv_fs_init
 .text.lv_fs_close
                0x00000000000090f6       0x30 ./lvgl/src/lv_misc/lv_fs.o
                0x00000000000090f6                lv_fs_close
 .text.lv_fs_read
                0x0000000000009126       0x40 ./lvgl/src/lv_misc/lv_fs.o
                0x0000000000009126                lv_fs_read
 .text.lv_fs_seek
                0x0000000000009166       0x20 ./lvgl/src/lv_misc/lv_fs.o
                0x0000000000009166                lv_fs_seek
 .text.lv_fs_get_drv
                0x0000000000009186       0x2c ./lvgl/src/lv_misc/lv_fs.o
                0x0000000000009186                lv_fs_get_drv
 .text.lv_fs_open
                0x00000000000091b2       0xb0 ./lvgl/src/lv_misc/lv_fs.o
                0x00000000000091b2                lv_fs_open
 .text.lv_fs_get_ext
                0x0000000000009262       0x94 ./lvgl/src/lv_misc/lv_fs.o
                0x0000000000009262                lv_fs_get_ext
 .text.node_set_prev
                0x00000000000092f6        0xa ./lvgl/src/lv_misc/lv_ll.o
 .text.node_set_next
                0x0000000000009300        0xa ./lvgl/src/lv_misc/lv_ll.o
 .text._lv_ll_init
                0x000000000000930a       0x10 ./lvgl/src/lv_misc/lv_ll.o
                0x000000000000930a                _lv_ll_init
 .text._lv_ll_ins_head
                0x000000000000931a       0x40 ./lvgl/src/lv_misc/lv_ll.o
                0x000000000000931a                _lv_ll_ins_head
 .text._lv_ll_ins_tail
                0x000000000000935a       0x40 ./lvgl/src/lv_misc/lv_ll.o
                0x000000000000935a                _lv_ll_ins_tail
 .text._lv_ll_get_head
                0x000000000000939a        0xa ./lvgl/src/lv_misc/lv_ll.o
                0x000000000000939a                _lv_ll_get_head
 .text._lv_ll_get_tail
                0x00000000000093a4        0xa ./lvgl/src/lv_misc/lv_ll.o
                0x00000000000093a4                _lv_ll_get_tail
 .text._lv_ll_get_next
                0x00000000000093ae        0xe ./lvgl/src/lv_misc/lv_ll.o
                0x00000000000093ae                _lv_ll_get_next
 .text._lv_ll_get_prev
                0x00000000000093bc        0xe ./lvgl/src/lv_misc/lv_ll.o
                0x00000000000093bc                _lv_ll_get_prev
 .text._lv_ll_ins_prev
                0x00000000000093ca       0x64 ./lvgl/src/lv_misc/lv_ll.o
                0x00000000000093ca                _lv_ll_ins_prev
 .text._lv_ll_remove
                0x000000000000942e       0x7c ./lvgl/src/lv_misc/lv_ll.o
                0x000000000000942e                _lv_ll_remove
 .text._lv_ll_chg_list
                0x00000000000094aa       0x6c ./lvgl/src/lv_misc/lv_ll.o
                0x00000000000094aa                _lv_ll_chg_list
 .text._lv_ll_get_len
                0x0000000000009516       0x28 ./lvgl/src/lv_misc/lv_ll.o
                0x0000000000009516                _lv_ll_get_len
 .text._lv_ll_move_before
                0x000000000000953e       0x9c ./lvgl/src/lv_misc/lv_ll.o
                0x000000000000953e                _lv_ll_move_before
 .text._lv_ll_is_empty
                0x00000000000095da       0x18 ./lvgl/src/lv_misc/lv_ll.o
                0x00000000000095da                _lv_ll_is_empty
 .text._lv_trigo_sin
                0x00000000000095f2       0xb2 ./lvgl/src/lv_misc/lv_math.o
                0x00000000000095f2                _lv_trigo_sin
 .text._lv_sqrt
                0x00000000000096a4       0x2e ./lvgl/src/lv_misc/lv_math.o
                0x00000000000096a4                _lv_sqrt
 .text._lv_map  0x00000000000096d2       0x24 ./lvgl/src/lv_misc/lv_math.o
                0x00000000000096d2                _lv_map
 .text.ent_get_next
                0x00000000000096f6       0x2a ./lvgl/src/lv_misc/lv_mem.o
 .text.ent_trunc
                0x0000000000009720       0x38 ./lvgl/src/lv_misc/lv_mem.o
 .text._lv_mem_init
                0x0000000000009758       0x16 ./lvgl/src/lv_misc/lv_mem.o
                0x0000000000009758                _lv_mem_init
 .text.lv_mem_alloc
                0x000000000000976e       0x5e ./lvgl/src/lv_misc/lv_mem.o
                0x000000000000976e                lv_mem_alloc
 .text.lv_mem_defrag
                0x00000000000097cc       0x56 ./lvgl/src/lv_misc/lv_mem.o
                0x00000000000097cc                lv_mem_defrag
 .text.lv_mem_free
                0x0000000000009822       0x76 ./lvgl/src/lv_misc/lv_mem.o
                0x0000000000009822                lv_mem_free
 .text._lv_mem_get_size
                0x0000000000009898       0x1a ./lvgl/src/lv_misc/lv_mem.o
                0x0000000000009898                _lv_mem_get_size
 .text._lv_mem_buf_release
                0x00000000000098b2       0x70 ./lvgl/src/lv_misc/lv_mem.o
                0x00000000000098b2                _lv_mem_buf_release
 .text._lv_mem_buf_free_all
                0x0000000000009922       0x5e ./lvgl/src/lv_misc/lv_mem.o
                0x0000000000009922                _lv_mem_buf_free_all
 .text._lv_memcpy
                0x0000000000009980      0x228 ./lvgl/src/lv_misc/lv_mem.o
                0x0000000000009980                _lv_memcpy
 .text.lv_mem_realloc
                0x0000000000009ba8       0x6a ./lvgl/src/lv_misc/lv_mem.o
                0x0000000000009ba8                lv_mem_realloc
 .text._lv_mem_buf_get
                0x0000000000009c12      0x15e ./lvgl/src/lv_misc/lv_mem.o
                0x0000000000009c12                _lv_mem_buf_get
 .text._lv_memset
                0x0000000000009d70       0xa2 ./lvgl/src/lv_misc/lv_mem.o
                0x0000000000009d70                _lv_memset
 .text._lv_memset_00
                0x0000000000009e12       0xa4 ./lvgl/src/lv_misc/lv_mem.o
                0x0000000000009e12                _lv_memset_00
 .text._lv_memset_ff
                0x0000000000009eb6       0x9a ./lvgl/src/lv_misc/lv_mem.o
                0x0000000000009eb6                _lv_memset_ff
 .text._lv_task_core_init
                0x0000000000009f50       0x18 ./lvgl/src/lv_misc/lv_task.o
                0x0000000000009f50                _lv_task_core_init
 .text.lv_task_create
                0x0000000000009f68       0xd0 ./lvgl/src/lv_misc/lv_task.o
                0x0000000000009f68                lv_task_create
 .text.lv_task_del
                0x000000000000a038       0x30 ./lvgl/src/lv_misc/lv_task.o
                0x000000000000a038                lv_task_del
 .text.lv_task_exec
                0x000000000000a068       0x46 ./lvgl/src/lv_misc/lv_task.o
 .text.lv_task_handler
                0x000000000000a0ae      0x17e ./lvgl/src/lv_misc/lv_task.o
                0x000000000000a0ae                lv_task_handler
 .text.lv_task_set_prio
                0x000000000000a22c       0x78 ./lvgl/src/lv_misc/lv_task.o
                0x000000000000a22c                lv_task_set_prio
 .text.lv_task_ready
                0x000000000000a2a4       0x18 ./lvgl/src/lv_misc/lv_task.o
                0x000000000000a2a4                lv_task_ready
 .text.lv_txt_utf8_size
                0x000000000000a2bc       0x3c ./lvgl/src/lv_misc/lv_txt.o
 .text.lv_txt_utf8_next
                0x000000000000a2f8      0x14c ./lvgl/src/lv_misc/lv_txt.o
 .text.lv_txt_utf8_prev
                0x000000000000a444       0x4a ./lvgl/src/lv_misc/lv_txt.o
 .text.lv_txt_utf8_get_byte_id
                0x000000000000a48e       0x42 ./lvgl/src/lv_misc/lv_txt.o
 .text.lv_txt_utf8_get_char_id
                0x000000000000a4d0       0x2e ./lvgl/src/lv_misc/lv_txt.o
 .text.lv_txt_utf8_get_length
                0x000000000000a4fe       0x34 ./lvgl/src/lv_misc/lv_txt.o
 .text._lv_txt_is_cmd
                0x000000000000a532       0x58 ./lvgl/src/lv_misc/lv_txt.o
                0x000000000000a532                _lv_txt_is_cmd
 .text._lv_txt_get_next_line
                0x000000000000a58a      0x214 ./lvgl/src/lv_misc/lv_txt.o
                0x000000000000a58a                _lv_txt_get_next_line
 .text._lv_txt_get_width
                0x000000000000a79e       0x98 ./lvgl/src/lv_misc/lv_txt.o
                0x000000000000a79e                _lv_txt_get_width
 .text._lv_txt_get_size
                0x000000000000a836       0xe4 ./lvgl/src/lv_misc/lv_txt.o
                0x000000000000a836                _lv_txt_get_size
 .text._lv_utils_bsearch
                0x000000000000a91a       0x48 ./lvgl/src/lv_misc/lv_utils.o
                0x000000000000a91a                _lv_utils_bsearch
 .text.lv_disp_drv_init
                0x000000000000a962       0x5c ./lvgl/src/lv_hal/lv_hal_disp.o
                0x000000000000a962                lv_disp_drv_init
 .text.lv_disp_buf_init
                0x000000000000a9be       0x24 ./lvgl/src/lv_hal/lv_hal_disp.o
                0x000000000000a9be                lv_disp_buf_init
 .text.lv_disp_get_default
                0x000000000000a9e2        0x6 ./lvgl/src/lv_hal/lv_hal_disp.o
                0x000000000000a9e2                lv_disp_get_default
 .text.lv_disp_get_hor_res
                0x000000000000a9e8       0x2e ./lvgl/src/lv_hal/lv_hal_disp.o
                0x000000000000a9e8                lv_disp_get_hor_res
 .text.lv_disp_get_ver_res
                0x000000000000aa16       0x2e ./lvgl/src/lv_hal/lv_hal_disp.o
                0x000000000000aa16                lv_disp_get_ver_res
 .text.lv_disp_get_dpi
                0x000000000000aa44       0x1a ./lvgl/src/lv_hal/lv_hal_disp.o
                0x000000000000aa44                lv_disp_get_dpi
 .text.lv_disp_get_size_category
                0x000000000000aa5e       0x4e ./lvgl/src/lv_hal/lv_hal_disp.o
                0x000000000000aa5e                lv_disp_get_size_category
 .text.lv_disp_flush_ready
                0x000000000000aaac        0xe ./lvgl/src/lv_hal/lv_hal_disp.o
                0x000000000000aaac                lv_disp_flush_ready
 .text.lv_disp_get_next
                0x000000000000aaba       0x1e ./lvgl/src/lv_hal/lv_hal_disp.o
                0x000000000000aaba                lv_disp_get_next
 .text.lv_disp_get_buf
                0x000000000000aad8        0x4 ./lvgl/src/lv_hal/lv_hal_disp.o
                0x000000000000aad8                lv_disp_get_buf
 .text.lv_disp_get_inv_buf_size
                0x000000000000aadc        0xa ./lvgl/src/lv_hal/lv_hal_disp.o
                0x000000000000aadc                lv_disp_get_inv_buf_size
 .text._lv_disp_pop_from_inv_buf
                0x000000000000aae6       0x24 ./lvgl/src/lv_hal/lv_hal_disp.o
                0x000000000000aae6                _lv_disp_pop_from_inv_buf
 .text.lv_disp_is_double_buf
                0x000000000000ab0a       0x12 ./lvgl/src/lv_hal/lv_hal_disp.o
                0x000000000000ab0a                lv_disp_is_double_buf
 .text.lv_disp_is_true_double_buf
                0x000000000000ab1c       0x26 ./lvgl/src/lv_hal/lv_hal_disp.o
                0x000000000000ab1c                lv_disp_is_true_double_buf
 .text.lv_disp_drv_register
                0x000000000000ab42      0x116 ./lvgl/src/lv_hal/lv_hal_disp.o
                0x000000000000ab42                lv_disp_drv_register
 .text.lv_indev_drv_init
                0x000000000000ac58       0x3c ./lvgl/src/lv_hal/lv_hal_indev.o
                0x000000000000ac58                lv_indev_drv_init
 .text.lv_indev_drv_register
                0x000000000000ac94       0x80 ./lvgl/src/lv_hal/lv_hal_indev.o
                0x000000000000ac94                lv_indev_drv_register
 .text.lv_indev_get_next
                0x000000000000ad14       0x1e ./lvgl/src/lv_hal/lv_hal_indev.o
                0x000000000000ad14                lv_indev_get_next
 .text._lv_indev_read
                0x000000000000ad32       0x56 ./lvgl/src/lv_hal/lv_hal_indev.o
                0x000000000000ad32                _lv_indev_read
 .text.lv_tick_inc
                0x000000000000ad88       0x10 ./lvgl/src/lv_hal/lv_hal_tick.o
                0x000000000000ad88                lv_tick_inc
 .text.lv_tick_get
                0x000000000000ad98       0x1a ./lvgl/src/lv_hal/lv_hal_tick.o
                0x000000000000ad98                lv_tick_get
 .text.lv_tick_elaps
                0x000000000000adb2       0x10 ./lvgl/src/lv_hal/lv_hal_tick.o
                0x000000000000adb2                lv_tick_elaps
 .text.lv_font_get_glyph_bitmap
                0x000000000000adc2        0xc ./lvgl/src/lv_font/lv_font.o
                0x000000000000adc2                lv_font_get_glyph_bitmap
 .text.lv_font_get_glyph_dsc
                0x000000000000adce        0xc ./lvgl/src/lv_font/lv_font.o
                0x000000000000adce                lv_font_get_glyph_dsc
 .text.lv_font_get_glyph_width
                0x000000000000adda       0x20 ./lvgl/src/lv_font/lv_font.o
                0x000000000000adda                lv_font_get_glyph_width
 .text.kern_pair_8_compare
                0x000000000000adfa       0x1e ./lvgl/src/lv_font/lv_font_fmt_txt.o
 .text.kern_pair_16_compare
                0x000000000000ae18       0x1e ./lvgl/src/lv_font/lv_font_fmt_txt.o
 .text.unicode_list_compare
                0x000000000000ae36        0xc ./lvgl/src/lv_font/lv_font_fmt_txt.o
 .text.get_glyph_dsc_id
                0x000000000000ae42      0x134 ./lvgl/src/lv_font/lv_font_fmt_txt.o
 .text.lv_font_get_bitmap_fmt_txt
                0x000000000000af76      0xd58 ./lvgl/src/lv_font/lv_font_fmt_txt.o
                0x000000000000af76                lv_font_get_bitmap_fmt_txt
 .text.lv_font_get_glyph_dsc_fmt_txt
                0x000000000000bcce      0x186 ./lvgl/src/lv_font/lv_font_fmt_txt.o
                0x000000000000bcce                lv_font_get_glyph_dsc_fmt_txt
 .text._lv_font_clean_up_fmt_txt
                0x000000000000be54       0x18 ./lvgl/src/lv_font/lv_font_fmt_txt.o
                0x000000000000be54                _lv_font_clean_up_fmt_txt
 .text.color_blend_true_color_subtractive
                0x000000000000be6c       0xe2 ./lvgl/src/lv_draw/lv_draw_blend.o
 .text.color_blend_true_color_additive
                0x000000000000bf4e       0xde ./lvgl/src/lv_draw/lv_draw_blend.o
 .text._lv_blend_fill
                0x000000000000c02c      0xb08 ./lvgl/src/lv_draw/lv_draw_blend.o
                0x000000000000c02c                _lv_blend_fill
 .text._lv_blend_map
                0x000000000000cb34      0xaf6 ./lvgl/src/lv_draw/lv_draw_blend.o
                0x000000000000cb34                _lv_blend_map
 .text.lv_draw_map
                0x000000000000d62a      0x830 ./lvgl/src/lv_draw/lv_draw_img.o
 .text.show_error
                0x000000000000de5a       0x3a ./lvgl/src/lv_draw/lv_draw_img.o
 .text.lv_draw_img_dsc_init
                0x000000000000de94       0x2e ./lvgl/src/lv_draw/lv_draw_img.o
                0x000000000000de94                lv_draw_img_dsc_init
 .text.lv_img_cf_get_px_size
                0x000000000000dec2       0x3a ./lvgl/src/lv_draw/lv_draw_img.o
                0x000000000000dec2                lv_img_cf_get_px_size
 .text.lv_img_cf_is_chroma_keyed
                0x000000000000defc       0x20 ./lvgl/src/lv_draw/lv_draw_img.o
                0x000000000000defc                lv_img_cf_is_chroma_keyed
 .text.lv_img_cf_has_alpha
                0x000000000000df1c       0x22 ./lvgl/src/lv_draw/lv_draw_img.o
                0x000000000000df1c                lv_img_cf_has_alpha
 .text.lv_draw_img
                0x000000000000df3e      0x20a ./lvgl/src/lv_draw/lv_draw_img.o
                0x000000000000df3e                lv_draw_img
 .text.lv_img_src_get_type
                0x000000000000e148       0x24 ./lvgl/src/lv_draw/lv_draw_img.o
                0x000000000000e148                lv_img_src_get_type
 .text.hex_char_to_num
                0x000000000000e16c       0x60 ./lvgl/src/lv_draw/lv_draw_label.o
 .text.lv_draw_label_dsc_init
                0x000000000000e1cc       0x3c ./lvgl/src/lv_draw/lv_draw_label.o
                0x000000000000e1cc                lv_draw_label_dsc_init
 .text.lv_draw_label
                0x000000000000e208      0xe00 ./lvgl/src/lv_draw/lv_draw_label.o
                0x000000000000e208                lv_draw_label
 .text.lv_draw_line_dsc_init
                0x000000000000f008       0x20 ./lvgl/src/lv_draw/lv_draw_line.o
                0x000000000000f008                lv_draw_line_dsc_init
 .text.lv_draw_line
                0x000000000000f028      0x92c ./lvgl/src/lv_draw/lv_draw_line.o
                0x000000000000f028                lv_draw_line
 .text.lv_draw_mask_line
                0x000000000000f954      0x64c ./lvgl/src/lv_draw/lv_draw_mask.o
 .text.lv_draw_mask_radius
                0x000000000000ffa0      0x652 ./lvgl/src/lv_draw/lv_draw_mask.o
 .text.lv_draw_mask_add
                0x00000000000105f2       0x3a ./lvgl/src/lv_draw/lv_draw_mask.o
                0x00000000000105f2                lv_draw_mask_add
 .text.lv_draw_mask_apply
                0x000000000001062c       0x48 ./lvgl/src/lv_draw/lv_draw_mask.o
                0x000000000001062c                lv_draw_mask_apply
 .text.lv_draw_mask_remove_id
                0x0000000000010674       0x1e ./lvgl/src/lv_draw/lv_draw_mask.o
                0x0000000000010674                lv_draw_mask_remove_id
 .text.lv_draw_mask_remove_custom
                0x0000000000010692       0x28 ./lvgl/src/lv_draw/lv_draw_mask.o
                0x0000000000010692                lv_draw_mask_remove_custom
 .text.lv_draw_mask_get_cnt
                0x00000000000106ba       0x20 ./lvgl/src/lv_draw/lv_draw_mask.o
                0x00000000000106ba                lv_draw_mask_get_cnt
 .text.lv_draw_mask_line_points_init
                0x00000000000106da      0x174 ./lvgl/src/lv_draw/lv_draw_mask.o
                0x00000000000106da                lv_draw_mask_line_points_init
 .text.lv_draw_mask_radius_init
                0x000000000001084e       0x8c ./lvgl/src/lv_draw/lv_draw_mask.o
                0x000000000001084e                lv_draw_mask_radius_init
 .text.shadow_blur_corner
                0x00000000000108da      0x1f2 ./lvgl/src/lv_draw/lv_draw_rect.o
 .text.draw_full_border
                0x0000000000010acc      0x4ee ./lvgl/src/lv_draw/lv_draw_rect.o
 .text.lv_draw_rect_dsc_init
                0x0000000000010fba       0x62 ./lvgl/src/lv_draw/lv_draw_rect.o
                0x0000000000010fba                lv_draw_rect_dsc_init
 .text.lv_draw_rect
                0x000000000001101c     0x1e9a ./lvgl/src/lv_draw/lv_draw_rect.o
                0x000000000001101c                lv_draw_rect
 .text.lv_img_buf_get_px_color
                0x0000000000012eb6      0x142 ./lvgl/src/lv_draw/lv_img_buf.o
                0x0000000000012eb6                lv_img_buf_get_px_color
 .text.lv_img_buf_get_px_alpha
                0x0000000000012ff8      0x1ae ./lvgl/src/lv_draw/lv_img_buf.o
                0x0000000000012ff8                lv_img_buf_get_px_alpha
 .text._lv_img_buf_transform_init
                0x00000000000131a6      0x142 ./lvgl/src/lv_draw/lv_img_buf.o
                0x00000000000131a6                _lv_img_buf_transform_init
 .text._lv_img_buf_get_transformed_area
                0x00000000000132e8      0x260 ./lvgl/src/lv_draw/lv_img_buf.o
                0x00000000000132e8                _lv_img_buf_get_transformed_area
 .text._lv_img_buf_transform_anti_alias
                0x0000000000013548      0x4b2 ./lvgl/src/lv_draw/lv_img_buf.o
                0x0000000000013548                _lv_img_buf_transform_anti_alias
 .text.lv_img_cache_match
                0x00000000000139fa       0x40 ./lvgl/src/lv_draw/lv_img_cache.o
 .text._lv_img_cache_open
                0x0000000000013a3a      0x130 ./lvgl/src/lv_draw/lv_img_cache.o
                0x0000000000013a3a                _lv_img_cache_open
 .text.lv_img_cache_invalidate_src
                0x0000000000013b6a       0x5e ./lvgl/src/lv_draw/lv_img_cache.o
                0x0000000000013b6a                lv_img_cache_invalidate_src
 .text.lv_img_cache_set_size
                0x0000000000013bc8       0x62 ./lvgl/src/lv_draw/lv_img_cache.o
                0x0000000000013bc8                lv_img_cache_set_size
 .text.lv_img_decoder_built_in_info
                0x0000000000013c2a       0xee ./lvgl/src/lv_draw/lv_img_decoder.o
                0x0000000000013c2a                lv_img_decoder_built_in_info
 .text.lv_img_decoder_built_in_close
                0x0000000000013d18       0x3a ./lvgl/src/lv_draw/lv_img_decoder.o
                0x0000000000013d18                lv_img_decoder_built_in_close
 .text.lv_img_decoder_built_in_open
                0x0000000000013d52      0x25e ./lvgl/src/lv_draw/lv_img_decoder.o
                0x0000000000013d52                lv_img_decoder_built_in_open
 .text.lv_img_decoder_built_in_read_line
                0x0000000000013fb0      0x464 ./lvgl/src/lv_draw/lv_img_decoder.o
                0x0000000000013fb0                lv_img_decoder_built_in_read_line
 .text.lv_img_decoder_get_info
                0x0000000000014414       0x4c ./lvgl/src/lv_draw/lv_img_decoder.o
                0x0000000000014414                lv_img_decoder_get_info
 .text.lv_img_decoder_open
                0x0000000000014460       0xdc ./lvgl/src/lv_draw/lv_img_decoder.o
                0x0000000000014460                lv_img_decoder_open
 .text.lv_img_decoder_read_line
                0x000000000001453c       0x26 ./lvgl/src/lv_draw/lv_img_decoder.o
                0x000000000001453c                lv_img_decoder_read_line
 .text.lv_img_decoder_close
                0x0000000000014562       0x30 ./lvgl/src/lv_draw/lv_img_decoder.o
                0x0000000000014562                lv_img_decoder_close
 .text.lv_img_decoder_create
                0x0000000000014592       0x36 ./lvgl/src/lv_draw/lv_img_decoder.o
                0x0000000000014592                lv_img_decoder_create
 .text._lv_img_decoder_init
                0x00000000000145c8       0x5a ./lvgl/src/lv_draw/lv_img_decoder.o
                0x00000000000145c8                _lv_img_decoder_init
 .text.lv_disp_get_scr_act
                0x0000000000014622       0x1c ./lvgl/src/lv_core/lv_disp.o
                0x0000000000014622                lv_disp_get_scr_act
 .text.lv_disp_get_scr_prev
                0x000000000001463e       0x1c ./lvgl/src/lv_core/lv_disp.o
                0x000000000001463e                lv_disp_get_scr_prev
 .text.lv_disp_get_layer_top
                0x000000000001465a       0x1c ./lvgl/src/lv_core/lv_disp.o
                0x000000000001465a                lv_disp_get_layer_top
 .text.lv_disp_get_layer_sys
                0x0000000000014676       0x1c ./lvgl/src/lv_core/lv_disp.o
                0x0000000000014676                lv_disp_get_layer_sys
 .text.obj_to_foreground
                0x0000000000014692       0x2c ./lvgl/src/lv_core/lv_group.o
 .text.focus_next_core
                0x00000000000146be       0xe0 ./lvgl/src/lv_core/lv_group.o
 .text._lv_group_init
                0x000000000001479e       0x12 ./lvgl/src/lv_core/lv_group.o
                0x000000000001479e                _lv_group_init
 .text.lv_group_focus_next
                0x00000000000147b0       0x1c ./lvgl/src/lv_core/lv_group.o
                0x00000000000147b0                lv_group_focus_next
 .text.lv_group_focus_prev
                0x00000000000147cc       0x1c ./lvgl/src/lv_core/lv_group.o
                0x00000000000147cc                lv_group_focus_prev
 .text.lv_group_refocus
                0x00000000000147e8       0x3a ./lvgl/src/lv_core/lv_group.o
 .text.lv_group_add_obj
                0x0000000000014822       0x7e ./lvgl/src/lv_core/lv_group.o
                0x0000000000014822                lv_group_add_obj
 .text.lv_group_remove_obj
                0x00000000000148a0       0xa2 ./lvgl/src/lv_core/lv_group.o
                0x00000000000148a0                lv_group_remove_obj
 .text.lv_group_get_focused
                0x0000000000014942       0x12 ./lvgl/src/lv_core/lv_group.o
                0x0000000000014942                lv_group_get_focused
 .text.lv_group_send_data
                0x0000000000014954       0x34 ./lvgl/src/lv_core/lv_group.o
                0x0000000000014954                lv_group_send_data
 .text.lv_group_set_editing
                0x0000000000014988       0x52 ./lvgl/src/lv_core/lv_group.o
                0x0000000000014988                lv_group_set_editing
 .text.lv_group_focus_obj
                0x00000000000149da       0xc6 ./lvgl/src/lv_core/lv_group.o
                0x00000000000149da                lv_group_focus_obj
 .text.lv_group_get_editing
                0x0000000000014aa0       0x10 ./lvgl/src/lv_core/lv_group.o
                0x0000000000014aa0                lv_group_get_editing
 .text.indev_proc_reset_query_handler
                0x0000000000014ab0       0x52 ./lvgl/src/lv_core/lv_indev.o
 .text.indev_reset_check
                0x0000000000014b02       0x14 ./lvgl/src/lv_core/lv_indev.o
 .text.get_dragged_obj
                0x0000000000014b16       0x22 ./lvgl/src/lv_core/lv_indev.o
 .text.indev_drag_throw
                0x0000000000014b38      0x1b2 ./lvgl/src/lv_core/lv_indev.o
 .text.indev_proc_release
                0x0000000000014cea      0x17e ./lvgl/src/lv_core/lv_indev.o
 .text.lv_indev_get_act
                0x0000000000014e68        0x6 ./lvgl/src/lv_core/lv_indev.o
                0x0000000000014e68                lv_indev_get_act
 .text.lv_indev_reset
                0x0000000000014e6e       0xb2 ./lvgl/src/lv_core/lv_indev.o
                0x0000000000014e6e                lv_indev_reset
 .text._lv_indev_init
                0x0000000000014f20       0x10 ./lvgl/src/lv_core/lv_indev.o
                0x0000000000014f20                _lv_indev_init
 .text.lv_indev_is_dragging
                0x0000000000014f30       0x22 ./lvgl/src/lv_core/lv_indev.o
                0x0000000000014f30                lv_indev_is_dragging
 .text.lv_indev_get_obj_act
                0x0000000000014f52        0x6 ./lvgl/src/lv_core/lv_indev.o
                0x0000000000014f52                lv_indev_get_obj_act
 .text.lv_indev_search_obj
                0x0000000000014f58       0x98 ./lvgl/src/lv_core/lv_indev.o
                0x0000000000014f58                lv_indev_search_obj
 .text.indev_proc_press
                0x0000000000014ff0      0x88c ./lvgl/src/lv_core/lv_indev.o
 .text._lv_indev_read_task
                0x000000000001587c      0x8c0 ./lvgl/src/lv_core/lv_indev.o
                0x000000000001587c                _lv_indev_read_task
 .text.style_prop_is_cacheble
                0x000000000001613c      0x150 ./lvgl/src/lv_core/lv_obj.o
 .text.refresh_children_position
                0x000000000001628c       0x64 ./lvgl/src/lv_core/lv_obj.o
 .text.lv_init  0x00000000000162f0       0x86 ./lvgl/src/lv_core/lv_obj.o
                0x00000000000162f0                lv_init
 .text.lv_obj_set_click
                0x0000000000016376       0x34 ./lvgl/src/lv_core/lv_obj.o
                0x0000000000016376                lv_obj_set_click
 .text.lv_obj_add_protect
                0x00000000000163aa       0x2e ./lvgl/src/lv_core/lv_obj.o
                0x00000000000163aa                lv_obj_add_protect
 .text.lv_obj_clear_protect
                0x00000000000163d8       0x32 ./lvgl/src/lv_core/lv_obj.o
                0x00000000000163d8                lv_obj_clear_protect
 .text.lv_obj_set_event_cb
                0x000000000001640a       0x26 ./lvgl/src/lv_core/lv_obj.o
                0x000000000001640a                lv_obj_set_event_cb
 .text.lv_event_send_func
                0x0000000000016430       0x9c ./lvgl/src/lv_core/lv_obj.o
                0x0000000000016430                lv_event_send_func
 .text.lv_event_send
                0x00000000000164cc       0x38 ./lvgl/src/lv_core/lv_obj.o
                0x00000000000164cc                lv_event_send
 .text.lv_obj_set_signal_cb
                0x0000000000016504       0x26 ./lvgl/src/lv_core/lv_obj.o
                0x0000000000016504                lv_obj_set_signal_cb
 .text.lv_signal_send
                0x000000000001652a       0x1c ./lvgl/src/lv_core/lv_obj.o
                0x000000000001652a                lv_signal_send
 .text.lv_obj_set_design_cb
                0x0000000000016546       0x26 ./lvgl/src/lv_core/lv_obj.o
                0x0000000000016546                lv_obj_set_design_cb
 .text.lv_obj_allocate_ext_attr
                0x000000000001656c       0x30 ./lvgl/src/lv_core/lv_obj.o
                0x000000000001656c                lv_obj_allocate_ext_attr
 .text.lv_obj_refresh_ext_draw_pad
                0x000000000001659c       0x30 ./lvgl/src/lv_core/lv_obj.o
                0x000000000001659c                lv_obj_refresh_ext_draw_pad
 .text.lv_obj_get_parent
                0x00000000000165cc       0x24 ./lvgl/src/lv_core/lv_obj.o
                0x00000000000165cc                lv_obj_get_parent
 .text.lv_obj_get_screen
                0x00000000000165f0       0x2e ./lvgl/src/lv_core/lv_obj.o
                0x00000000000165f0                lv_obj_get_screen
 .text.lv_obj_get_disp
                0x000000000001661e       0x6a ./lvgl/src/lv_core/lv_obj.o
                0x000000000001661e                lv_obj_get_disp
 .text.lv_obj_get_child
                0x0000000000016688       0x3a ./lvgl/src/lv_core/lv_obj.o
                0x0000000000016688                lv_obj_get_child
 .text.lv_obj_get_coords
                0x00000000000166c2       0x3c ./lvgl/src/lv_core/lv_obj.o
                0x00000000000166c2                lv_obj_get_coords
 .text.lv_obj_get_x
                0x00000000000166fe       0x40 ./lvgl/src/lv_core/lv_obj.o
                0x00000000000166fe                lv_obj_get_x
 .text.lv_obj_get_y
                0x000000000001673e       0x40 ./lvgl/src/lv_core/lv_obj.o
                0x000000000001673e                lv_obj_get_y
 .text.lv_obj_get_width
                0x000000000001677e       0x32 ./lvgl/src/lv_core/lv_obj.o
                0x000000000001677e                lv_obj_get_width
 .text.lv_obj_get_height
                0x00000000000167b0       0x32 ./lvgl/src/lv_core/lv_obj.o
                0x00000000000167b0                lv_obj_get_height
 .text.lv_obj_get_auto_realign
                0x00000000000167e2       0x28 ./lvgl/src/lv_core/lv_obj.o
                0x00000000000167e2                lv_obj_get_auto_realign
 .text.lv_obj_get_style_list
                0x000000000001680a       0x30 ./lvgl/src/lv_core/lv_obj.o
                0x000000000001680a                lv_obj_get_style_list
 .text.trans_del
                0x000000000001683a       0x84 ./lvgl/src/lv_core/lv_obj.o
 .text.lv_obj_clean_style_list
                0x00000000000168be       0x24 ./lvgl/src/lv_core/lv_obj.o
                0x00000000000168be                lv_obj_clean_style_list
 .text._lv_obj_disable_style_caching
                0x00000000000168e2       0x72 ./lvgl/src/lv_core/lv_obj.o
                0x00000000000168e2                _lv_obj_disable_style_caching
 .text.trans_anim_ready_cb
                0x0000000000016954       0x78 ./lvgl/src/lv_core/lv_obj.o
 .text.lv_obj_get_hidden
                0x00000000000169cc       0x2a ./lvgl/src/lv_core/lv_obj.o
                0x00000000000169cc                lv_obj_get_hidden
 .text.lv_obj_area_is_visible
                0x00000000000169f6       0xde ./lvgl/src/lv_core/lv_obj.o
                0x00000000000169f6                lv_obj_area_is_visible
 .text.lv_obj_invalidate_area
                0x0000000000016ad4       0x56 ./lvgl/src/lv_core/lv_obj.o
                0x0000000000016ad4                lv_obj_invalidate_area
 .text.lv_obj_invalidate
                0x0000000000016b2a       0x78 ./lvgl/src/lv_core/lv_obj.o
                0x0000000000016b2a                lv_obj_invalidate
 .text.lv_obj_move_foreground
                0x0000000000016ba2       0x5a ./lvgl/src/lv_core/lv_obj.o
                0x0000000000016ba2                lv_obj_move_foreground
 .text.lv_obj_set_pos
                0x0000000000016bfc       0xd6 ./lvgl/src/lv_core/lv_obj.o
                0x0000000000016bfc                lv_obj_set_pos
 .text.lv_obj_set_x
                0x0000000000016cd2       0x34 ./lvgl/src/lv_core/lv_obj.o
                0x0000000000016cd2                lv_obj_set_x
 .text.lv_obj_set_y
                0x0000000000016d06       0x34 ./lvgl/src/lv_core/lv_obj.o
                0x0000000000016d06                lv_obj_set_y
 .text.obj_align_core
                0x0000000000016d3a       0x7c ./lvgl/src/lv_core/lv_obj.o
 .text.lv_obj_align
                0x0000000000016db6       0x7a ./lvgl/src/lv_core/lv_obj.o
                0x0000000000016db6                lv_obj_align
 .text.obj_align_mid_core
                0x0000000000016e30      0x3de ./lvgl/src/lv_core/lv_obj.o
 .text.lv_obj_align_mid
                0x000000000001720e       0x7c ./lvgl/src/lv_core/lv_obj.o
                0x000000000001720e                lv_obj_align_mid
 .text.lv_obj_realign
                0x000000000001728a       0x54 ./lvgl/src/lv_core/lv_obj.o
                0x000000000001728a                lv_obj_realign
 .text.refresh_children_style
                0x00000000000172de       0x3a ./lvgl/src/lv_core/lv_obj.o
 .text.lv_obj_get_click
                0x0000000000017318       0x28 ./lvgl/src/lv_core/lv_obj.o
                0x0000000000017318                lv_obj_get_click
 .text.lv_obj_get_drag
                0x0000000000017340       0x2a ./lvgl/src/lv_core/lv_obj.o
                0x0000000000017340                lv_obj_get_drag
 .text.lv_obj_get_drag_dir
                0x000000000001736a       0x28 ./lvgl/src/lv_core/lv_obj.o
                0x000000000001736a                lv_obj_get_drag_dir
 .text.lv_obj_get_drag_throw
                0x0000000000017392       0x2a ./lvgl/src/lv_core/lv_obj.o
                0x0000000000017392                lv_obj_get_drag_throw
 .text.lv_obj_get_drag_parent
                0x00000000000173bc        0xa ./lvgl/src/lv_core/lv_obj.o
                0x00000000000173bc                lv_obj_get_drag_parent
 .text.lv_obj_get_gesture_parent
                0x00000000000173c6        0xa ./lvgl/src/lv_core/lv_obj.o
                0x00000000000173c6                lv_obj_get_gesture_parent
 .text.lv_obj_get_base_dir
                0x00000000000173d0       0x24 ./lvgl/src/lv_core/lv_obj.o
                0x00000000000173d0                lv_obj_get_base_dir
 .text.lv_obj_create
                0x00000000000173f4      0x418 ./lvgl/src/lv_core/lv_obj.o
                0x00000000000173f4                lv_obj_create
 .text.lv_obj_set_size
                0x000000000001780c       0xd8 ./lvgl/src/lv_core/lv_obj.o
                0x000000000001780c                lv_obj_set_size
 .text.lv_obj_set_height
                0x00000000000178e4       0x34 ./lvgl/src/lv_core/lv_obj.o
                0x00000000000178e4                lv_obj_set_height
 .text.lv_obj_is_protected
                0x0000000000017918       0x2e ./lvgl/src/lv_core/lv_obj.o
                0x0000000000017918                lv_obj_is_protected
 .text.lv_obj_get_state
                0x0000000000017946       0x4c ./lvgl/src/lv_core/lv_obj.o
                0x0000000000017946                lv_obj_get_state
 .text._lv_obj_get_style_color
                0x0000000000017992       0x86 ./lvgl/src/lv_core/lv_obj.o
                0x0000000000017992                _lv_obj_get_style_color
 .text._lv_obj_get_style_int
                0x0000000000017a18      0x25c ./lvgl/src/lv_core/lv_obj.o
                0x0000000000017a18                _lv_obj_get_style_int
 .text.lv_obj_get_width_fit
                0x0000000000017c74       0x4a ./lvgl/src/lv_core/lv_obj.o
                0x0000000000017c74                lv_obj_get_width_fit
 .text.update_style_cache
                0x0000000000017cbe      0x41a ./lvgl/src/lv_core/lv_obj.o
 .text._lv_obj_get_style_opa
                0x00000000000180d8      0x118 ./lvgl/src/lv_core/lv_obj.o
                0x00000000000180d8                _lv_obj_get_style_opa
 .text._lv_obj_get_style_ptr
                0x00000000000181f0      0x10a ./lvgl/src/lv_core/lv_obj.o
                0x00000000000181f0                _lv_obj_get_style_ptr
 .text.update_style_cache_children
                0x00000000000182fa      0x152 ./lvgl/src/lv_core/lv_obj.o
 .text.invalidate_style_cache
                0x000000000001844c       0x76 ./lvgl/src/lv_core/lv_obj.o
 .text.lv_obj_refresh_style
                0x00000000000184c2      0x13e ./lvgl/src/lv_core/lv_obj.o
                0x00000000000184c2                lv_obj_refresh_style
 .text.lv_obj_reset_style_list
                0x0000000000018600       0x1c ./lvgl/src/lv_core/lv_obj.o
                0x0000000000018600                lv_obj_reset_style_list
 .text.report_style_mod_core
                0x000000000001861c       0xa4 ./lvgl/src/lv_core/lv_obj.o
 .text.lv_obj_report_style_mod
                0x00000000000186c0       0x42 ./lvgl/src/lv_core/lv_obj.o
                0x00000000000186c0                lv_obj_report_style_mod
 .text.trans_anim_cb
                0x0000000000018702      0x16a ./lvgl/src/lv_core/lv_obj.o
 .text.trans_anim_start_cb
                0x000000000001886c       0x7e ./lvgl/src/lv_core/lv_obj.o
 .text.lv_obj_get_signal_cb
                0x00000000000188ea       0x24 ./lvgl/src/lv_core/lv_obj.o
                0x00000000000188ea                lv_obj_get_signal_cb
 .text.lv_obj_get_design_cb
                0x000000000001890e       0x24 ./lvgl/src/lv_core/lv_obj.o
                0x000000000001890e                lv_obj_get_design_cb
 .text.lv_obj_get_ext_attr
                0x0000000000018932       0x24 ./lvgl/src/lv_core/lv_obj.o
                0x0000000000018932                lv_obj_get_ext_attr
 .text.lv_obj_get_group
                0x0000000000018956       0x24 ./lvgl/src/lv_core/lv_obj.o
                0x0000000000018956                lv_obj_get_group
 .text.obj_del_core
                0x000000000001897a       0xf2 ./lvgl/src/lv_core/lv_obj.o
 .text.lv_obj_del
                0x0000000000018a6c       0x62 ./lvgl/src/lv_core/lv_obj.o
                0x0000000000018a6c                lv_obj_del
 .text.lv_obj_is_focused
                0x0000000000018ace       0x34 ./lvgl/src/lv_core/lv_obj.o
                0x0000000000018ace                lv_obj_is_focused
 .text.lv_obj_is_point_on_coords
                0x0000000000018b02       0x44 ./lvgl/src/lv_core/lv_obj.o
                0x0000000000018b02                lv_obj_is_point_on_coords
 .text.lv_obj_hittest
                0x0000000000018b46       0x30 ./lvgl/src/lv_core/lv_obj.o
                0x0000000000018b46                lv_obj_hittest
 .text.lv_obj_handle_get_type_signal
                0x0000000000018b76       0x2a ./lvgl/src/lv_core/lv_obj.o
                0x0000000000018b76                lv_obj_handle_get_type_signal
 .text.lv_obj_init_draw_rect_dsc
                0x0000000000018ba0      0x3fe ./lvgl/src/lv_core/lv_obj.o
                0x0000000000018ba0                lv_obj_init_draw_rect_dsc
 .text.lv_obj_design
                0x0000000000018f9e      0x2d8 ./lvgl/src/lv_core/lv_obj.o
 .text.lv_obj_init_draw_label_dsc
                0x0000000000019276       0xe8 ./lvgl/src/lv_core/lv_obj.o
                0x0000000000019276                lv_obj_init_draw_label_dsc
 .text.lv_obj_init_draw_img_dsc
                0x000000000001935e       0xd2 ./lvgl/src/lv_core/lv_obj.o
                0x000000000001935e                lv_obj_init_draw_img_dsc
 .text.lv_obj_init_draw_line_dsc
                0x0000000000019430       0xd8 ./lvgl/src/lv_core/lv_obj.o
                0x0000000000019430                lv_obj_init_draw_line_dsc
 .text.style_snapshot
                0x0000000000019508      0x212 ./lvgl/src/lv_core/lv_obj.o
 .text.lv_obj_set_state
                0x000000000001971a      0x6de ./lvgl/src/lv_core/lv_obj.o
                0x000000000001971a                lv_obj_set_state
 .text.lv_obj_add_state
                0x0000000000019df8       0x38 ./lvgl/src/lv_core/lv_obj.o
                0x0000000000019df8                lv_obj_add_state
 .text.lv_obj_clear_state
                0x0000000000019e30       0x3a ./lvgl/src/lv_core/lv_obj.o
                0x0000000000019e30                lv_obj_clear_state
 .text.lv_obj_get_draw_rect_ext_pad_size
                0x0000000000019e6a      0x24e ./lvgl/src/lv_core/lv_obj.o
                0x0000000000019e6a                lv_obj_get_draw_rect_ext_pad_size
 .text.lv_obj_get_focused_obj
                0x000000000001a0b8       0x28 ./lvgl/src/lv_core/lv_obj.o
                0x000000000001a0b8                lv_obj_get_focused_obj
 .text.lv_obj_signal
                0x000000000001a0e0      0x122 ./lvgl/src/lv_core/lv_obj.o
 .text.lv_refr_get_top_obj
                0x000000000001a202       0x94 ./lvgl/src/lv_core/lv_refr.o
 .text.lv_refr_obj
                0x000000000001a296       0xee ./lvgl/src/lv_core/lv_refr.o
 .text.lv_refr_obj_and_children
                0x000000000001a384       0x6e ./lvgl/src/lv_core/lv_refr.o
 .text.lv_refr_vdb_flush
                0x000000000001a3f2      0x4c8 ./lvgl/src/lv_core/lv_refr.o
 .text.lv_refr_area_part
                0x000000000001a8ba      0x142 ./lvgl/src/lv_core/lv_refr.o
 .text._lv_refr_init
                0x000000000001a9fc        0x2 ./lvgl/src/lv_core/lv_refr.o
                0x000000000001a9fc                _lv_refr_init
 .text._lv_inv_area
                0x000000000001a9fe      0x100 ./lvgl/src/lv_core/lv_refr.o
                0x000000000001a9fe                _lv_inv_area
 .text._lv_refr_get_disp_refreshing
                0x000000000001aafe        0x6 ./lvgl/src/lv_core/lv_refr.o
                0x000000000001aafe                _lv_refr_get_disp_refreshing
 .text._lv_disp_refr_task
                0x000000000001ab04      0x520 ./lvgl/src/lv_core/lv_refr.o
                0x000000000001ab04                _lv_disp_refr_task
 .text.lv_style_init
                0x000000000001b024        0xe ./lvgl/src/lv_core/lv_style.o
                0x000000000001b024                lv_style_init
 .text.lv_style_list_init
                0x000000000001b032        0xe ./lvgl/src/lv_core/lv_style.o
                0x000000000001b032                lv_style_list_init
 .text._lv_style_list_remove_style
                0x000000000001b040       0xda ./lvgl/src/lv_core/lv_style.o
                0x000000000001b040                _lv_style_list_remove_style
 .text._lv_style_list_add_style
                0x000000000001b11a       0xb4 ./lvgl/src/lv_core/lv_style.o
                0x000000000001b11a                _lv_style_list_add_style
 .text.get_alloc_local_style
                0x000000000001b1ce       0x82 ./lvgl/src/lv_core/lv_style.o
 .text.lv_style_reset
                0x000000000001b250       0x16 ./lvgl/src/lv_core/lv_style.o
                0x000000000001b250                lv_style_reset
 .text._lv_style_get_mem_size
                0x000000000001b266       0x5e ./lvgl/src/lv_core/lv_style.o
                0x000000000001b266                _lv_style_get_mem_size
 .text.lv_style_copy
                0x000000000001b2c4       0x2a ./lvgl/src/lv_core/lv_style.o
                0x000000000001b2c4                lv_style_copy
 .text.lv_style_remove_prop
                0x000000000001b2ee      0x140 ./lvgl/src/lv_core/lv_style.o
                0x000000000001b2ee                lv_style_remove_prop
 .text._lv_style_set_int
                0x000000000001b42e      0x168 ./lvgl/src/lv_core/lv_style.o
                0x000000000001b42e                _lv_style_set_int
 .text._lv_style_set_color
                0x000000000001b596      0x168 ./lvgl/src/lv_core/lv_style.o
                0x000000000001b596                _lv_style_set_color
 .text._lv_style_set_opa
                0x000000000001b6fe      0x14c ./lvgl/src/lv_core/lv_style.o
                0x000000000001b6fe                _lv_style_set_opa
 .text._lv_style_set_ptr
                0x000000000001b84a      0x172 ./lvgl/src/lv_core/lv_style.o
                0x000000000001b84a                _lv_style_set_ptr
 .text._lv_style_get_int
                0x000000000001b9bc       0xfc ./lvgl/src/lv_core/lv_style.o
                0x000000000001b9bc                _lv_style_get_int
 .text._lv_style_get_opa
                0x000000000001bab8       0xf0 ./lvgl/src/lv_core/lv_style.o
                0x000000000001bab8                _lv_style_get_opa
 .text._lv_style_get_color
                0x000000000001bba8       0xfc ./lvgl/src/lv_core/lv_style.o
                0x000000000001bba8                _lv_style_get_color
 .text._lv_style_get_ptr
                0x000000000001bca4       0xfe ./lvgl/src/lv_core/lv_style.o
                0x000000000001bca4                _lv_style_get_ptr
 .text.lv_style_list_get_local_style
                0x000000000001bda2       0x1e ./lvgl/src/lv_core/lv_style.o
                0x000000000001bda2                lv_style_list_get_local_style
 .text._lv_style_list_get_transition_style
                0x000000000001bdc0       0x12 ./lvgl/src/lv_core/lv_style.o
                0x000000000001bdc0                _lv_style_list_get_transition_style
 .text._lv_style_list_reset
                0x000000000001bdd2       0x60 ./lvgl/src/lv_core/lv_style.o
                0x000000000001bdd2                _lv_style_list_reset
 .text.lv_style_list_copy
                0x000000000001be32      0x11e ./lvgl/src/lv_core/lv_style.o
                0x000000000001be32                lv_style_list_copy
 .text._lv_style_list_add_trans_style
                0x000000000001bf50       0x66 ./lvgl/src/lv_core/lv_style.o
                0x000000000001bf50                _lv_style_list_add_trans_style
 .text._lv_style_list_get_int
                0x000000000001bfb6       0xd0 ./lvgl/src/lv_core/lv_style.o
                0x000000000001bfb6                _lv_style_list_get_int
 .text._lv_style_list_get_color
                0x000000000001c086       0xce ./lvgl/src/lv_core/lv_style.o
                0x000000000001c086                _lv_style_list_get_color
 .text._lv_style_list_get_opa
                0x000000000001c154       0xd0 ./lvgl/src/lv_core/lv_style.o
                0x000000000001c154                _lv_style_list_get_opa
 .text._lv_style_list_get_ptr
                0x000000000001c224       0xc4 ./lvgl/src/lv_core/lv_style.o
                0x000000000001c224                _lv_style_list_get_ptr
 .text.NMI_Handler
                0x000000000001c2e8        0x4 ./User/ch32v30x_it.o
                0x000000000001c2e8                NMI_Handler
 .text.HardFault_Handler
                0x000000000001c2ec        0x2 ./User/ch32v30x_it.o
                0x000000000001c2ec                HardFault_Handler
 .text.RESET_L  0x000000000001c2ee       0x18 ./User/ili9341.o
                0x000000000001c2ee                RESET_L
 .text.RESET_H  0x000000000001c306       0x18 ./User/ili9341.o
                0x000000000001c306                RESET_H
 .text.CS_L     0x000000000001c31e       0x18 ./User/ili9341.o
                0x000000000001c31e                CS_L
 .text.DC_L     0x000000000001c336       0x18 ./User/ili9341.o
                0x000000000001c336                DC_L
 .text.ILI9341_SoftReset
                0x000000000001c34e       0x24 ./User/ili9341.o
                0x000000000001c34e                ILI9341_SoftReset
 .text.LCD_WR_REG
                0x000000000001c372       0x26 ./User/ili9341.o
                0x000000000001c372                LCD_WR_REG
 .text.DC_H     0x000000000001c398       0x18 ./User/ili9341.o
                0x000000000001c398                DC_H
 .text.LCD_WR_DATA
                0x000000000001c3b0       0x26 ./User/ili9341.o
                0x000000000001c3b0                LCD_WR_DATA
 .text.ILI9341_SetWindow
                0x000000000001c3d6       0x60 ./User/ili9341.o
                0x000000000001c3d6                ILI9341_SetWindow
 .text.ILI9341_WritePixel
                0x000000000001c436       0x2a ./User/ili9341.o
                0x000000000001c436                ILI9341_WritePixel
 .text.LCD_direction
                0x000000000001c460       0x64 ./User/ili9341.o
                0x000000000001c460                LCD_direction
 .text.ILI9341_WriteData
                0x000000000001c4c4       0x34 ./User/ili9341.o
                0x000000000001c4c4                ILI9341_WriteData
 .text.my_flush_cb
                0x000000000001c4f8       0xd8 ./User/ili9341.o
 .text.LED_H    0x000000000001c5d0       0x18 ./User/ili9341.o
                0x000000000001c5d0                LED_H
 .text.ILI9341_Reset
                0x000000000001c5e8       0x28 ./User/ili9341.o
                0x000000000001c5e8                ILI9341_Reset
 .text.ILI9341_Init
                0x000000000001c610      0x274 ./User/ili9341.o
                0x000000000001c610                ILI9341_Init
 .text.my_tft_init
                0x000000000001c884       0x4e ./User/ili9341.o
                0x000000000001c884                my_tft_init
 .text.event_handler
                0x000000000001c8d2       0x3e ./User/main.o
 .text.lv_ex_btn_1
                0x000000000001c910       0xa0 ./User/main.o
                0x000000000001c910                lv_ex_btn_1
 .text.MCU_INIT
                0x000000000001c9b0      0x18e ./User/main.o
                0x000000000001c9b0                MCU_INIT
 .text.main     0x000000000001cb3e       0x7c ./User/main.o
                0x000000000001cb3e                main
 .text.SystemInit
                0x000000000001cbba      0x104 ./User/system_ch32v30x.o
                0x000000000001cbba                SystemInit
 .text.SystemCoreClockUpdate
                0x000000000001ccbe      0x118 ./User/system_ch32v30x.o
                0x000000000001ccbe                SystemCoreClockUpdate
 .text.touchpad_read
                0x000000000001cdd6       0x66 ./User/touchpad.o
 .text.touchpad_init
                0x000000000001ce3c       0x32 ./User/touchpad.o
                0x000000000001ce3c                touchpad_init
 .text.SendReceive_Byte
                0x000000000001ce6e       0x1c ./User/xpt2046.o
 .text.XPT2046_Select
                0x000000000001ce8a       0x16 ./User/xpt2046.o
                0x000000000001ce8a                XPT2046_Select
 .text.XPT2046_Deselect
                0x000000000001cea0       0x16 ./User/xpt2046.o
                0x000000000001cea0                XPT2046_Deselect
 .text.XPT2046_Irq_Read
                0x000000000001ceb6       0x14 ./User/xpt2046.o
                0x000000000001ceb6                XPT2046_Irq_Read
 .text.XPT2046_Init
                0x000000000001ceca       0x78 ./User/xpt2046.o
                0x000000000001ceca                XPT2046_Init
 .text.XPT2046_Get_Value
                0x000000000001cf42       0x4a ./User/xpt2046.o
                0x000000000001cf42                XPT2046_Get_Value
 .text.XPT2046_Get_Touch_XY
                0x000000000001cf8c       0x78 ./User/xpt2046.o
                0x000000000001cf8c                XPT2046_Get_Touch_XY
 .text.XPT2046_Corr
                0x000000000001d004       0xf4 ./User/xpt2046.o
                0x000000000001d004                XPT2046_Corr
 .text.vector_handler
                0x000000000001d0f8       0xbe ./Startup/startup_ch32v30x_D8C.o
                0x000000000001d0fc                Ecall_M_Mode_Handler
                0x000000000001d0fe                Ecall_U_Mode_Handler
                0x000000000001d100                Break_Point_Handler
                0x000000000001d104                SW_Handler
                0x000000000001d106                WWDG_IRQHandler
                0x000000000001d108                PVD_IRQHandler
                0x000000000001d10a                TAMPER_IRQHandler
                0x000000000001d10c                RTC_IRQHandler
                0x000000000001d10e                FLASH_IRQHandler
                0x000000000001d110                RCC_IRQHandler
                0x000000000001d112                EXTI0_IRQHandler
                0x000000000001d114                EXTI1_IRQHandler
                0x000000000001d116                EXTI2_IRQHandler
                0x000000000001d118                EXTI3_IRQHandler
                0x000000000001d11a                EXTI4_IRQHandler
                0x000000000001d11c                DMA1_Channel1_IRQHandler
                0x000000000001d11e                DMA1_Channel2_IRQHandler
                0x000000000001d120                DMA1_Channel3_IRQHandler
                0x000000000001d122                DMA1_Channel4_IRQHandler
                0x000000000001d124                DMA1_Channel5_IRQHandler
                0x000000000001d126                DMA1_Channel6_IRQHandler
                0x000000000001d128                DMA1_Channel7_IRQHandler
                0x000000000001d12a                ADC1_2_IRQHandler
                0x000000000001d12c                USB_HP_CAN1_TX_IRQHandler
                0x000000000001d12e                USB_LP_CAN1_RX0_IRQHandler
                0x000000000001d130                CAN1_RX1_IRQHandler
                0x000000000001d132                CAN1_SCE_IRQHandler
                0x000000000001d134                EXTI9_5_IRQHandler
                0x000000000001d136                TIM1_BRK_IRQHandler
                0x000000000001d138                TIM1_UP_IRQHandler
                0x000000000001d13a                TIM1_TRG_COM_IRQHandler
                0x000000000001d13c                TIM1_CC_IRQHandler
                0x000000000001d13e                TIM2_IRQHandler
                0x000000000001d140                TIM3_IRQHandler
                0x000000000001d142                TIM4_IRQHandler
                0x000000000001d144                I2C1_EV_IRQHandler
                0x000000000001d146                I2C1_ER_IRQHandler
                0x000000000001d148                I2C2_EV_IRQHandler
                0x000000000001d14a                I2C2_ER_IRQHandler
                0x000000000001d14c                SPI1_IRQHandler
                0x000000000001d14e                SPI2_IRQHandler
                0x000000000001d150                USART1_IRQHandler
                0x000000000001d152                USART2_IRQHandler
                0x000000000001d154                USART3_IRQHandler
                0x000000000001d156                EXTI15_10_IRQHandler
                0x000000000001d158                RTCAlarm_IRQHandler
                0x000000000001d15a                USBWakeUp_IRQHandler
                0x000000000001d15c                TIM8_BRK_IRQHandler
                0x000000000001d15e                TIM8_UP_IRQHandler
                0x000000000001d160                TIM8_TRG_COM_IRQHandler
                0x000000000001d162                TIM8_CC_IRQHandler
                0x000000000001d164                RNG_IRQHandler
                0x000000000001d166                FSMC_IRQHandler
                0x000000000001d168                SDIO_IRQHandler
                0x000000000001d16a                TIM5_IRQHandler
                0x000000000001d16c                SPI3_IRQHandler
                0x000000000001d16e                UART4_IRQHandler
                0x000000000001d170                UART5_IRQHandler
                0x000000000001d172                TIM6_IRQHandler
                0x000000000001d174                TIM7_IRQHandler
                0x000000000001d176                DMA2_Channel1_IRQHandler
                0x000000000001d178                DMA2_Channel2_IRQHandler
                0x000000000001d17a                DMA2_Channel3_IRQHandler
                0x000000000001d17c                DMA2_Channel4_IRQHandler
                0x000000000001d17e                DMA2_Channel5_IRQHandler
                0x000000000001d180                ETH_IRQHandler
                0x000000000001d182                ETH_WKUP_IRQHandler
                0x000000000001d184                CAN2_TX_IRQHandler
                0x000000000001d186                CAN2_RX0_IRQHandler
                0x000000000001d188                CAN2_RX1_IRQHandler
                0x000000000001d18a                CAN2_SCE_IRQHandler
                0x000000000001d18c                OTG_FS_IRQHandler
                0x000000000001d18e                USBHSWakeup_IRQHandler
                0x000000000001d190                USBHS_IRQHandler
                0x000000000001d192                DVP_IRQHandler
                0x000000000001d194                UART6_IRQHandler
                0x000000000001d196                UART7_IRQHandler
                0x000000000001d198                UART8_IRQHandler
                0x000000000001d19a                TIM9_BRK_IRQHandler
                0x000000000001d19c                TIM9_UP_IRQHandler
                0x000000000001d19e                TIM9_TRG_COM_IRQHandler
                0x000000000001d1a0                TIM9_CC_IRQHandler
                0x000000000001d1a2                TIM10_BRK_IRQHandler
                0x000000000001d1a4                TIM10_UP_IRQHandler
                0x000000000001d1a6                TIM10_TRG_COM_IRQHandler
                0x000000000001d1a8                TIM10_CC_IRQHandler
                0x000000000001d1aa                DMA2_Channel6_IRQHandler
                0x000000000001d1ac                DMA2_Channel7_IRQHandler
                0x000000000001d1ae                DMA2_Channel8_IRQHandler
                0x000000000001d1b0                DMA2_Channel9_IRQHandler
                0x000000000001d1b2                DMA2_Channel10_IRQHandler
                0x000000000001d1b4                DMA2_Channel11_IRQHandler
 .text.handle_reset
                0x000000000001d1b6       0x8e ./Startup/startup_ch32v30x_D8C.o
                0x000000000001d1b6                handle_reset
 .text.DBGMCU_GetCHIPID
                0x000000000001d244        0xa ./Peripheral/src/ch32v30x_dbgmcu.o
                0x000000000001d244                DBGMCU_GetCHIPID
 .text.GPIO_Init
                0x000000000001d24e       0xca ./Peripheral/src/ch32v30x_gpio.o
                0x000000000001d24e                GPIO_Init
 .text.GPIO_ReadOutputDataBit
                0x000000000001d318        0xa ./Peripheral/src/ch32v30x_gpio.o
                0x000000000001d318                GPIO_ReadOutputDataBit
 .text.GPIO_WriteBit
                0x000000000001d322        0xa ./Peripheral/src/ch32v30x_gpio.o
                0x000000000001d322                GPIO_WriteBit
 .text.NVIC_PriorityGroupConfig
                0x000000000001d32c        0x6 ./Peripheral/src/ch32v30x_misc.o
                0x000000000001d32c                NVIC_PriorityGroupConfig
 .text.RCC_GetClocksFreq
                0x000000000001d332      0x1d8 ./Peripheral/src/ch32v30x_rcc.o
                0x000000000001d332                RCC_GetClocksFreq
 .text.RCC_APB2PeriphClockCmd
                0x000000000001d50a       0x1e ./Peripheral/src/ch32v30x_rcc.o
                0x000000000001d50a                RCC_APB2PeriphClockCmd
 .text.RCC_APB1PeriphClockCmd
                0x000000000001d528       0x1e ./Peripheral/src/ch32v30x_rcc.o
                0x000000000001d528                RCC_APB1PeriphClockCmd
 .text.SPI_Init
                0x000000000001d546       0x5a ./Peripheral/src/ch32v30x_spi.o
                0x000000000001d546                SPI_Init
 .text.SPI_Cmd  0x000000000001d5a0       0x26 ./Peripheral/src/ch32v30x_spi.o
                0x000000000001d5a0                SPI_Cmd
 .text.SPI_I2S_SendData
                0x000000000001d5c6        0x6 ./Peripheral/src/ch32v30x_spi.o
                0x000000000001d5c6                SPI_I2S_SendData
 .text.SPI_I2S_ReceiveData
                0x000000000001d5cc        0x6 ./Peripheral/src/ch32v30x_spi.o
                0x000000000001d5cc                SPI_I2S_ReceiveData
 .text.SPI_I2S_GetFlagStatus
                0x000000000001d5d2        0xc ./Peripheral/src/ch32v30x_spi.o
                0x000000000001d5d2                SPI_I2S_GetFlagStatus
 .text.USART_Init
                0x000000000001d5de       0xf2 ./Peripheral/src/ch32v30x_usart.o
                0x000000000001d5de                USART_Init
 .text.USART_Cmd
                0x000000000001d6d0       0x20 ./Peripheral/src/ch32v30x_usart.o
                0x000000000001d6d0                USART_Cmd
 .text.USART_SendData
                0x000000000001d6f0        0xa ./Peripheral/src/ch32v30x_usart.o
                0x000000000001d6f0                USART_SendData
 .text.USART_GetFlagStatus
                0x000000000001d6fa        0xc ./Peripheral/src/ch32v30x_usart.o
                0x000000000001d6fa                USART_GetFlagStatus
 .text.SysTick_Handler
                0x000000000001d706       0x14 ./Debug/debug.o
                0x000000000001d706                SysTick_Handler
 .text.Delay_Init
                0x000000000001d71a       0x26 ./Debug/debug.o
                0x000000000001d71a                Delay_Init
 .text.Delay_Ms
                0x000000000001d740       0x3e ./Debug/debug.o
                0x000000000001d740                Delay_Ms
 .text.USART_Printf_Init
                0x000000000001d77e       0x66 ./Debug/debug.o
                0x000000000001d77e                USART_Printf_Init
 .text._write   0x000000000001d7e4       0x3e ./Debug/debug.o
                0x000000000001d7e4                _write
 .text._sbrk    0x000000000001d822       0x2e ./Debug/debug.o
                0x000000000001d822                _sbrk
 .text.memcmp   0x000000000001d850       0x26 /home/vl/Desktop/MounRiver_Studio_Community_Linux_x64_V140/MRS_Community/toolchain/RISC-V Embedded GCC/bin/../lib/gcc/riscv-none-embed/8.2.0/../../../../riscv-none-embed/lib/rv32imac/ilp32/libg_nano.a(lib_a-memcmp.o)
                0x000000000001d850                memcmp
 .text.printf   0x000000000001d876       0x40 /home/vl/Desktop/MounRiver_Studio_Community_Linux_x64_V140/MRS_Community/toolchain/RISC-V Embedded GCC/bin/../lib/gcc/riscv-none-embed/8.2.0/../../../../riscv-none-embed/lib/rv32imac/ilp32/libg_nano.a(lib_a-printf.o)
                0x000000000001d876                printf
                0x000000000001d876                iprintf
 .text._puts_r  0x000000000001d8b6       0xda /home/vl/Desktop/MounRiver_Studio_Community_Linux_x64_V140/MRS_Community/toolchain/RISC-V Embedded GCC/bin/../lib/gcc/riscv-none-embed/8.2.0/../../../../riscv-none-embed/lib/rv32imac/ilp32/libg_nano.a(lib_a-puts.o)
                0x000000000001d8b6                _puts_r
 .text.puts     0x000000000001d990        0xc /home/vl/Desktop/MounRiver_Studio_Community_Linux_x64_V140/MRS_Community/toolchain/RISC-V Embedded GCC/bin/../lib/gcc/riscv-none-embed/8.2.0/../../../../riscv-none-embed/lib/rv32imac/ilp32/libg_nano.a(lib_a-puts.o)
                0x000000000001d990                puts
 .text.strcpy   0x000000000001d99c       0x12 /home/vl/Desktop/MounRiver_Studio_Community_Linux_x64_V140/MRS_Community/toolchain/RISC-V Embedded GCC/bin/../lib/gcc/riscv-none-embed/8.2.0/../../../../riscv-none-embed/lib/rv32imac/ilp32/libg_nano.a(lib_a-strcpy.o)
                0x000000000001d99c                strcpy
 .text.strlen   0x000000000001d9ae       0x12 /home/vl/Desktop/MounRiver_Studio_Community_Linux_x64_V140/MRS_Community/toolchain/RISC-V Embedded GCC/bin/../lib/gcc/riscv-none-embed/8.2.0/../../../../riscv-none-embed/lib/rv32imac/ilp32/libg_nano.a(lib_a-strlen.o)
                0x000000000001d9ae                strlen
 .text.__swbuf_r
                0x000000000001d9c0       0xc0 /home/vl/Desktop/MounRiver_Studio_Community_Linux_x64_V140/MRS_Community/toolchain/RISC-V Embedded GCC/bin/../lib/gcc/riscv-none-embed/8.2.0/../../../../riscv-none-embed/lib/rv32imac/ilp32/libg_nano.a(lib_a-wbuf.o)
                0x000000000001d9c0                __swbuf_r
 .text.__swsetup_r
                0x000000000001da80      0x10c /home/vl/Desktop/MounRiver_Studio_Community_Linux_x64_V140/MRS_Community/toolchain/RISC-V Embedded GCC/bin/../lib/gcc/riscv-none-embed/8.2.0/../../../../riscv-none-embed/lib/rv32imac/ilp32/libg_nano.a(lib_a-wsetup.o)
                0x000000000001da80                __swsetup_r
 .text.__sflush_r
                0x000000000001db8c      0x13c /home/vl/Desktop/MounRiver_Studio_Community_Linux_x64_V140/MRS_Community/toolchain/RISC-V Embedded GCC/bin/../lib/gcc/riscv-none-embed/8.2.0/../../../../riscv-none-embed/lib/rv32imac/ilp32/libg_nano.a(lib_a-fflush.o)
                0x000000000001db8c                __sflush_r
 .text._fflush_r
                0x000000000001dcc8       0x66 /home/vl/Desktop/MounRiver_Studio_Community_Linux_x64_V140/MRS_Community/toolchain/RISC-V Embedded GCC/bin/../lib/gcc/riscv-none-embed/8.2.0/../../../../riscv-none-embed/lib/rv32imac/ilp32/libg_nano.a(lib_a-fflush.o)
                0x000000000001dcc8                _fflush_r
 .text.std      0x000000000001dd2e       0x6a /home/vl/Desktop/MounRiver_Studio_Community_Linux_x64_V140/MRS_Community/toolchain/RISC-V Embedded GCC/bin/../lib/gcc/riscv-none-embed/8.2.0/../../../../riscv-none-embed/lib/rv32imac/ilp32/libg_nano.a(lib_a-findfp.o)
 .text._cleanup_r
                0x000000000001dd98        0xa /home/vl/Desktop/MounRiver_Studio_Community_Linux_x64_V140/MRS_Community/toolchain/RISC-V Embedded GCC/bin/../lib/gcc/riscv-none-embed/8.2.0/../../../../riscv-none-embed/lib/rv32imac/ilp32/libg_nano.a(lib_a-findfp.o)
                0x000000000001dd98                _cleanup_r
 .text.__sfmoreglue
                0x000000000001dda2       0x46 /home/vl/Desktop/MounRiver_Studio_Community_Linux_x64_V140/MRS_Community/toolchain/RISC-V Embedded GCC/bin/../lib/gcc/riscv-none-embed/8.2.0/../../../../riscv-none-embed/lib/rv32imac/ilp32/libg_nano.a(lib_a-findfp.o)
                0x000000000001dda2                __sfmoreglue
 .text.__sinit  0x000000000001dde8       0x6c /home/vl/Desktop/MounRiver_Studio_Community_Linux_x64_V140/MRS_Community/toolchain/RISC-V Embedded GCC/bin/../lib/gcc/riscv-none-embed/8.2.0/../../../../riscv-none-embed/lib/rv32imac/ilp32/libg_nano.a(lib_a-findfp.o)
                0x000000000001dde8                __sinit
 .text.__sfp    0x000000000001de54       0xa0 /home/vl/Desktop/MounRiver_Studio_Community_Linux_x64_V140/MRS_Community/toolchain/RISC-V Embedded GCC/bin/../lib/gcc/riscv-none-embed/8.2.0/../../../../riscv-none-embed/lib/rv32imac/ilp32/libg_nano.a(lib_a-findfp.o)
                0x000000000001de54                __sfp
 .text._fwalk_reent
                0x000000000001def4       0x6c /home/vl/Desktop/MounRiver_Studio_Community_Linux_x64_V140/MRS_Community/toolchain/RISC-V Embedded GCC/bin/../lib/gcc/riscv-none-embed/8.2.0/../../../../riscv-none-embed/lib/rv32imac/ilp32/libg_nano.a(lib_a-fwalk.o)
                0x000000000001def4                _fwalk_reent
 .text.__swhatbuf_r
                0x000000000001df60       0x5a /home/vl/Desktop/MounRiver_Studio_Community_Linux_x64_V140/MRS_Community/toolchain/RISC-V Embedded GCC/bin/../lib/gcc/riscv-none-embed/8.2.0/../../../../riscv-none-embed/lib/rv32imac/ilp32/libg_nano.a(lib_a-makebuf.o)
                0x000000000001df60                __swhatbuf_r
 .text.__smakebuf_r
                0x000000000001dfba       0xa0 /home/vl/Desktop/MounRiver_Studio_Community_Linux_x64_V140/MRS_Community/toolchain/RISC-V Embedded GCC/bin/../lib/gcc/riscv-none-embed/8.2.0/../../../../riscv-none-embed/lib/rv32imac/ilp32/libg_nano.a(lib_a-makebuf.o)
                0x000000000001dfba                __smakebuf_r
 .text._free_r  0x000000000001e05a       0xa8 /home/vl/Desktop/MounRiver_Studio_Community_Linux_x64_V140/MRS_Community/toolchain/RISC-V Embedded GCC/bin/../lib/gcc/riscv-none-embed/8.2.0/../../../../riscv-none-embed/lib/rv32imac/ilp32/libg_nano.a(lib_a-nano-freer.o)
                0x000000000001e05a                _free_r
 .text._malloc_r
                0x000000000001e102       0xd4 /home/vl/Desktop/MounRiver_Studio_Community_Linux_x64_V140/MRS_Community/toolchain/RISC-V Embedded GCC/bin/../lib/gcc/riscv-none-embed/8.2.0/../../../../riscv-none-embed/lib/rv32imac/ilp32/libg_nano.a(lib_a-nano-mallocr.o)
                0x000000000001e102                _malloc_r
 .text.__sfputc_r
                0x000000000001e1d6       0x2a /home/vl/Desktop/MounRiver_Studio_Community_Linux_x64_V140/MRS_Community/toolchain/RISC-V Embedded GCC/bin/../lib/gcc/riscv-none-embed/8.2.0/../../../../riscv-none-embed/lib/rv32imac/ilp32/libg_nano.a(lib_a-nano-vfprintf.o)
 .text.__sfputs_r
                0x000000000001e200       0x44 /home/vl/Desktop/MounRiver_Studio_Community_Linux_x64_V140/MRS_Community/toolchain/RISC-V Embedded GCC/bin/../lib/gcc/riscv-none-embed/8.2.0/../../../../riscv-none-embed/lib/rv32imac/ilp32/libg_nano.a(lib_a-nano-vfprintf.o)
                0x000000000001e200                __sfputs_r
 .text._vfprintf_r
                0x000000000001e244      0x29c /home/vl/Desktop/MounRiver_Studio_Community_Linux_x64_V140/MRS_Community/toolchain/RISC-V Embedded GCC/bin/../lib/gcc/riscv-none-embed/8.2.0/../../../../riscv-none-embed/lib/rv32imac/ilp32/libg_nano.a(lib_a-nano-vfprintf.o)
                0x000000000001e244                _vfiprintf_r
                0x000000000001e244                _vfprintf_r
 .text._printf_common
                0x000000000001e4e0      0x10c /home/vl/Desktop/MounRiver_Studio_Community_Linux_x64_V140/MRS_Community/toolchain/RISC-V Embedded GCC/bin/../lib/gcc/riscv-none-embed/8.2.0/../../../../riscv-none-embed/lib/rv32imac/ilp32/libg_nano.a(lib_a-nano-vfprintf_i.o)
                0x000000000001e4e0                _printf_common
 .text._printf_i
                0x000000000001e5ec      0x2aa /home/vl/Desktop/MounRiver_Studio_Community_Linux_x64_V140/MRS_Community/toolchain/RISC-V Embedded GCC/bin/../lib/gcc/riscv-none-embed/8.2.0/../../../../riscv-none-embed/lib/rv32imac/ilp32/libg_nano.a(lib_a-nano-vfprintf_i.o)
                0x000000000001e5ec                _printf_i
 .text._sbrk_r  0x000000000001e896       0x32 /home/vl/Desktop/MounRiver_Studio_Community_Linux_x64_V140/MRS_Community/toolchain/RISC-V Embedded GCC/bin/../lib/gcc/riscv-none-embed/8.2.0/../../../../riscv-none-embed/lib/rv32imac/ilp32/libg_nano.a(lib_a-sbrkr.o)
                0x000000000001e896                _sbrk_r
 .text.__sread  0x000000000001e8c8       0x30 /home/vl/Desktop/MounRiver_Studio_Community_Linux_x64_V140/MRS_Community/toolchain/RISC-V Embedded GCC/bin/../lib/gcc/riscv-none-embed/8.2.0/../../../../riscv-none-embed/lib/rv32imac/ilp32/libg_nano.a(lib_a-stdio.o)
                0x000000000001e8c8                __sread
 .text.__swrite
                0x000000000001e8f8       0x4e /home/vl/Desktop/MounRiver_Studio_Community_Linux_x64_V140/MRS_Community/toolchain/RISC-V Embedded GCC/bin/../lib/gcc/riscv-none-embed/8.2.0/../../../../riscv-none-embed/lib/rv32imac/ilp32/libg_nano.a(lib_a-stdio.o)
                0x000000000001e8f8                __swrite
 .text.__sseek  0x000000000001e946       0x36 /home/vl/Desktop/MounRiver_Studio_Community_Linux_x64_V140/MRS_Community/toolchain/RISC-V Embedded GCC/bin/../lib/gcc/riscv-none-embed/8.2.0/../../../../riscv-none-embed/lib/rv32imac/ilp32/libg_nano.a(lib_a-stdio.o)
                0x000000000001e946                __sseek
 .text.__sclose